Component: ARM Compiler 5.06 update 6 (build 750) Tool: armlink [4d35ed]

==============================================================================

Section Cross References

    startup_stm32f407xx.o(STACK) refers (Special) to heapauxi.o(.text) for __use_two_region_memory
    startup_stm32f407xx.o(HEAP) refers (Special) to heapauxi.o(.text) for __use_two_region_memory
    startup_stm32f407xx.o(RESET) refers (Special) to heapauxi.o(.text) for __use_two_region_memory
    startup_stm32f407xx.o(RESET) refers to startup_stm32f407xx.o(STACK) for __initial_sp
    startup_stm32f407xx.o(RESET) refers to startup_stm32f407xx.o(.text) for Reset_Handler
    startup_stm32f407xx.o(RESET) refers to stm32f4xx_it.o(i.NMI_Handler) for NMI_Handler
    startup_stm32f407xx.o(RESET) refers to stm32f4xx_it.o(i.HardFault_Handler) for HardFault_Handler
    startup_stm32f407xx.o(RESET) refers to stm32f4xx_it.o(i.MemManage_Handler) for MemManage_Handler
    startup_stm32f407xx.o(RESET) refers to stm32f4xx_it.o(i.BusFault_Handler) for BusFault_Handler
    startup_stm32f407xx.o(RESET) refers to stm32f4xx_it.o(i.UsageFault_Handler) for UsageFault_Handler
    startup_stm32f407xx.o(RESET) refers to port.o(.emb_text) for SVC_Handler
    startup_stm32f407xx.o(RESET) refers to stm32f4xx_it.o(i.DebugMon_Handler) for DebugMon_Handler
    startup_stm32f407xx.o(RESET) refers to stm32f4xx_it.o(i.SysTick_Handler) for SysTick_Handler
    startup_stm32f407xx.o(RESET) refers to stm32f4xx_it.o(i.DMA1_Stream2_IRQHandler) for DMA1_Stream2_IRQHandler
    startup_stm32f407xx.o(RESET) refers to stm32f4xx_it.o(i.UART4_IRQHandler) for UART4_IRQHandler
    startup_stm32f407xx.o(.text) refers (Special) to heapauxi.o(.text) for __use_two_region_memory
    startup_stm32f407xx.o(.text) refers to system_stm32f4xx.o(i.SystemInit) for SystemInit
    startup_stm32f407xx.o(.text) refers to __main.o(!!!main) for __main
    startup_stm32f407xx.o(.text) refers to startup_stm32f407xx.o(HEAP) for Heap_Mem
    startup_stm32f407xx.o(.text) refers to startup_stm32f407xx.o(STACK) for Stack_Mem
    main.o(i.MX_TIM2_Init) refers to rt_memclr_w.o(.text) for __aeabi_memclr4
    main.o(i.MX_TIM2_Init) refers to stm32f4xx_hal_tim.o(i.HAL_TIM_Base_Init) for HAL_TIM_Base_Init
    main.o(i.MX_TIM2_Init) refers to stm32f4xx_hal_tim.o(i.HAL_TIM_ConfigClockSource) for HAL_TIM_ConfigClockSource
    main.o(i.MX_TIM2_Init) refers to stm32f4xx_hal_tim.o(i.HAL_TIM_PWM_Init) for HAL_TIM_PWM_Init
    main.o(i.MX_TIM2_Init) refers to stm32f4xx_hal_tim_ex.o(i.HAL_TIMEx_MasterConfigSynchronization) for HAL_TIMEx_MasterConfigSynchronization
    main.o(i.MX_TIM2_Init) refers to stm32f4xx_hal_tim.o(i.HAL_TIM_PWM_ConfigChannel) for HAL_TIM_PWM_ConfigChannel
    main.o(i.MX_TIM2_Init) refers to stm32f4xx_hal_msp.o(i.HAL_TIM_MspPostInit) for HAL_TIM_MspPostInit
    main.o(i.MX_TIM2_Init) refers to main.o(.bss) for .bss
    main.o(i.ServoTask_int) refers to servo_pca9685.o(i.ServoPCA9685_Control) for ServoPCA9685_Control
    main.o(i.ServoTask_int) refers to cmsis_os.o(i.osDelay) for osDelay
    main.o(i.StartDefaultTask) refers to cmsis_os.o(i.osDelay) for osDelay
    main.o(i.SystemClock_Config) refers to rt_memclr_w.o(.text) for __aeabi_memclr4
    main.o(i.SystemClock_Config) refers to stm32f4xx_hal_rcc.o(i.HAL_RCC_OscConfig) for HAL_RCC_OscConfig
    main.o(i.SystemClock_Config) refers to stm32f4xx_hal_rcc.o(i.HAL_RCC_ClockConfig) for HAL_RCC_ClockConfig
    main.o(i.main) refers to stm32f4xx_hal.o(i.HAL_Init) for HAL_Init
    main.o(i.main) refers to main.o(i.SystemClock_Config) for SystemClock_Config
    main.o(i.main) refers to main.o(i.MX_GPIO_Init) for MX_GPIO_Init
    main.o(i.main) refers to stm32f4xx_hal_cortex.o(i.HAL_NVIC_SetPriority) for HAL_NVIC_SetPriority
    main.o(i.main) refers to stm32f4xx_hal_cortex.o(i.HAL_NVIC_EnableIRQ) for HAL_NVIC_EnableIRQ
    main.o(i.main) refers to main.o(i.MX_TIM2_Init) for MX_TIM2_Init
    main.o(i.main) refers to stm32f4xx_hal_i2c.o(i.HAL_I2C_Init) for HAL_I2C_Init
    main.o(i.main) refers to stm32f4xx_hal_uart.o(i.HAL_UART_Init) for HAL_UART_Init
    main.o(i.main) refers to uart_dma.o(i.UART_DMA_Init) for UART_DMA_Init
    main.o(i.main) refers to rt_memcpy_w.o(.text) for __aeabi_memcpy4
    main.o(i.main) refers to cmsis_os.o(i.osThreadCreate) for osThreadCreate
    main.o(i.main) refers to cmsis_os.o(i.osKernelStart) for osKernelStart
    main.o(i.main) refers to main.o(.bss) for .bss
    main.o(i.main) refers to main.o(.constdata) for .constdata
    main.o(i.main) refers to main.o(.data) for .data
    main.o(.constdata) refers to main.o(.conststring) for .conststring
    main.o(.constdata) refers to main.o(i.StartDefaultTask) for StartDefaultTask
    main.o(.constdata) refers to main.o(i.ServoTask_int) for ServoTask_int
    freertos.o(i.vApplicationGetIdleTaskMemory) refers to freertos.o(.bss) for .bss
    stm32f4xx_it.o(i.DMA1_Stream2_IRQHandler) refers to stm32f4xx_hal_dma.o(i.HAL_DMA_IRQHandler) for HAL_DMA_IRQHandler
[...]
    startup_stm32f407xx.s                    0x00000000   Number         0  startup_stm32f407xx.o ABSOLUTE
    uart_dma.c                               0x00000000   Number         0  uart_dma.o ABSOLUTE
    uart_dma.c                               0x00000000   Number         0  uart_dma.o ABSOLUTE
    RESET                                    0x08000000   Section      392  startup_stm32f407xx.o(RESET)
    !!!main                                  0x08000188   Section        8  __main.o(!!!main)
    !!!scatter                               0x08000190   Section       52  __scatter.o(!!!scatter)
    !!handler_copy                           0x080001c4   Section       26  __scatter_copy.o(!!handler_copy)
    !!handler_zi                             0x080001e0   Section       28  __scatter_zi.o(!!handler_zi)
    .ARM.Collect$$libinit$$00000000          0x080001fc   Section        2  libinit.o(.ARM.Collect$$libinit$$00000000)
    .ARM.Collect$$libinit$$00000001          0x080001fe   Section        4  libinit2.o(.ARM.Collect$$libinit$$00000001)
    .ARM.Collect$$libinit$$00000004          0x08000202   Section        0  libinit2.o(.ARM.Collect$$libinit$$00000004)
    .ARM.Collect$$libinit$$0000000A          0x08000202   Section        0  libinit2.o(.ARM.Collect$$libinit$$0000000A)
    .ARM.Collect$$libinit$$0000000C          0x08000202   Section        0  libinit2.o(.ARM.Collect$$libinit$$0000000C)
    .ARM.Collect$$libinit$$0000000E          0x08000202   Section        0  libinit2.o(.ARM.Collect$$libinit$$0000000E)
    .ARM.Collect$$libinit$$00000011          0x08000202   Section        0  libinit2.o(.ARM.Collect$$libinit$$00000011)
    .ARM.Collect$$libinit$$00000013          0x08000202   Section        0  libinit2.o(.ARM.Collect$$libinit$$00000013)
    .ARM.Collect$$libinit$$00000015          0x08000202   Section        0  libinit2.o(.ARM.Collect$$libinit$$00000015)
    .ARM.Collect$$libinit$$00000017          0x08000202   Section        0  libinit2.o(.ARM.Collect$$libinit$$00000017)
    .ARM.Collect$$libinit$$00000019          0x08000202   Section        0  libinit2.o(.ARM.Collect$$libinit$$00000019)
    .ARM.Collect$$libinit$$0000001B          0x08000202   Section        0  libinit2.o(.ARM.Collect$$libinit$$0000001B)
    .ARM.Collect$$libinit$$0000001D          0x08000202   Section        0  libinit2.o(.ARM.Collect$$libinit$$0000001D)
    .ARM.Collect$$libinit$$0000001F          0x08000202   Section        0  libinit2.o(.ARM.Collect$$libinit$$0000001F)
    .ARM.Collect$$libinit$$00000021          0x08000202   Section        0  libinit2.o(.ARM.Collect$$libinit$$00000021)
    .ARM.Collect$$libinit$$00000023          0x08000202   Section        0  libinit2.o(.ARM.Collect$$libinit$$00000023)
    .ARM.Collect$$libinit$$00000025          0x08000202   Section        0  libinit2.o(.ARM.Collect$$libinit$$00000025)
    .ARM.Collect$$libinit$$0000002C          0x08000202   Section        0  libinit2.o(.ARM.Collect$$libinit$$0000002C)
    .ARM.Collect$$libinit$$0000002E          0x08000202   Section        0  libinit2.o(.ARM.Collect$$libinit$$0000002E)
    .ARM.Collect$$libinit$$00000030          0x08000202   Section        0  libinit2.o(.ARM.Collect$$libinit$$00000030)
    .ARM.Collect$$libinit$$00000032          0x08000202   Section        0  libinit2.o(.ARM.Collect$$libinit$$00000032)
    .ARM.Collect$$libinit$$00000033          0x08000202   Section        2  libinit2.o(.ARM.Collect$$libinit$$00000033)
    .ARM.Collect$$libshutdown$$00000000      0x08000204   Section        2  libshutdown.o(.ARM.Collect$$libshutdown$$00000000)
    .ARM.Collect$$libshutdown$$00000002      0x08000206   Section        0  libshutdown2.o(.ARM.Collect$$libshutdown$$00000002)
    .ARM.Collect$$libshutdown$$00000004      0x08000206   Section        0  libshutdown2.o(.ARM.Collect$$libshutdown$$00000004)
    .ARM.Collect$$libshutdown$$00000007      0x08000206   Section        0  libshutdown2.o(.ARM.Collect$$libshutdown$$00000007)
    .ARM.Collect$$libshutdown$$0000000A      0x08000206   Section        0  libshutdown2.o(.ARM.Collect$$libshutdown$$0000000A)
    .ARM.Collect$$libshutdown$$0000000C      0x08000206   Section        0  libshutdown2.o(.ARM.Collect$$libshutdown$$0000000C)
    .ARM.Collect$$libshutdown$$0000000F      0x08000206   Section        0  libshutdown2.o(.ARM.Collect$$libshutdown$$0000000F)
    .ARM.Collect$$libshutdown$$00000010      0x08000206   Section        2  libshutdown2.o(.ARM.Collect$$libshutdown$$00000010)
    .ARM.Collect$$rtentry$$00000000          0x08000208   Section        0  __rtentry.o(.ARM.Collect$$rtentry$$00000000)
    .ARM.Collect$$rtentry$$00000002          0x08000208   Section        0  __rtentry2.o(.ARM.Collect$$rtentry$$00000002)
    .ARM.Collect$$rtentry$$00000004          0x08000208   Section        6  __rtentry4.o(.ARM.Collect$$rtentry$$00000004)
    .ARM.Collect$$rtentry$$00000009          0x0800020e   Section        0  __rtentry2.o(.ARM.Collect$$rtentry$$00000009)
    .ARM.Collect$$rtentry$$0000000A          0x0800020e   Section        4  __rtentry2.o(.ARM.Collect$$rtentry$$0000000A)
    .ARM.Collect$$rtentry$$0000000C          0x08000212   Section        0  __rtentry2.o(.ARM.Collect$$rtentry$$0000000C)
    .ARM.Collect$$rtentry$$0000000D          0x08000212   Section        8  __rtentry2.o(.ARM.Collect$$rtentry$$0000000D)
    .ARM.Collect$$rtexit$$00000000           0x0800021a   Section        2  rtexit.o(.ARM.Collect$$rtexit$$00000000)
    .ARM.Collect$$rtexit$$00000002           0x0800021c   Section        0  rtexit2.o(.ARM.Collect$$rtexit$$00000002)
    .ARM.Collect$$rtexit$$00000003           0x0800021c   Section        4  rtexit2.o(.ARM.Collect$$rtexit$$00000003)
    .ARM.Collect$$rtexit$$00000004           0x08000220   Section        6  rtexit2.o(.ARM.Collect$$rtexit$$00000004)
    .emb_text                                0x08000228   Section      190  port.o(.emb_text)
    $v0                                      0x08000228   Number         0  port.o(.emb_text)
    .text                                    0x080002e8   Section       64  startup_stm32f407xx.o(.text)
    $v0                                      0x080002e8   Number         0  startup_stm32f407xx.o(.text)
    .text                                    0x08000328   Section      238  lludivv7m.o(.text)
    .text                                    0x08000416   Section      100  rt_memcpy_w.o(.text)
    .text                                    0x0800047a   Section       78  rt_memclr_w.o(.text)
    .text                                    0x080004c8   Section        0  heapauxi.o(.text)
    .text                                    0x080004ce   Section       74  sys_stackheap_outer.o(.text)
    .text                                    0x08000518   Section        0  exit.o(.text)
    .text                                    0x0800052c   Section        8  libspace.o(.text)
    .text                                    0x08000534   Section        0  sys_exit.o(.text)
    .text                                    0x08000540   Section        2  use_no_semi.o(.text)
    .text                                    0x08000542   Section        0  indicate_semi.o(.text)
    i.BusFault_Handler                       0x08000542   Section        0  stm32f4xx_it.o(i.BusFault_Handler)
    i.DMA1_Stream2_IRQHandler                0x08000544   Section        0  stm32f4xx_it.o(i.DMA1_Stream2_IRQHandler)
    i.DMA_CalcBaseAndBitshift                0x08000550   Section        0  stm32f4xx_hal_dma.o(i.DMA_CalcBaseAndBitshift)
    DMA_CalcBaseAndBitshift                  0x08000551   Thumb Code    34  stm32f4xx_hal_dma.o(i.DMA_CalcBaseAndBitshift)
    i.DMA_CheckFifoParam                     0x08000578   Section        0  stm32f4xx_hal_dma.o(i.DMA_CheckFifoParam)
    DMA_CheckFifoParam                       0x08000579   Thumb Code    84  stm32f4xx_hal_dma.o(i.DMA_CheckFifoParam)
    i.DMA_SetConfig                          0x080005cc   Section        0  stm32f4xx_hal_dma.o(i.DMA_SetConfig)
    DMA_SetConfig                            0x080005cd   Thumb Code    40  stm32f4xx_hal_dma.o(i.DMA_SetConfig)
    i.DebugMon_Handler                       0x080005f4   Section        0  stm32f4xx_it.o(i.DebugMon_Handler)
    i.Error_Handler                          0x080005f6   Section        0  main.o(i.Error_Handler)
    i.HAL_DMA_Abort                          0x080005fa   Section        0  stm32f4xx_hal_dma.o(i.HAL_DMA_Abort)
    i.HAL_DMA_Abort_IT                       0x0800068c   Section        0  stm32f4xx_hal_dma.o(i.HAL_DMA_Abort_IT)
    i.HAL_DMA_IRQHandler                     0x080006b0   Section        0  stm32f4xx_hal_dma.o(i.HAL_DMA_IRQHandler)
    i.HAL_DMA_Init                           0x08000850   Section        0  stm32f4xx_hal_dma.o(i.HAL_DMA_Init)
    i.HAL_DMA_Start_IT                       0x08000924   Section        0  stm32f4xx_hal_dma.o(i.HAL_DMA_Start_IT)
    i.HAL_GPIO_Init                          0x08000994   Section        0  stm32f4xx_hal_gpio.o(i.HAL_GPIO_Init)
    i.HAL_GetTick                            0x08000b84   Section        0  stm32f4xx_hal.o(i.HAL_GetTick)
    i.HAL_I2C_Init                           0x08000b90   Section        0  stm32f4xx_hal_i2c.o(i.HAL_I2C_Init)
    i.HAL_I2C_Mem_Read                       0x08000d18   Section        0  stm32f4xx_hal_i2c.o(i.HAL_I2C_Mem_Read)
    i.HAL_I2C_Mem_Write                      0x08000f1c   Section        0  stm32f4xx_hal_i2c.o(i.HAL_I2C_Mem_Write)
    i.HAL_I2C_MspInit                        0x0800104c   Section        0  stm32f4xx_hal_msp.o(i.HAL_I2C_MspInit)
    i.HAL_IncTick                            0x080010b4   Section        0  stm32f4xx_hal.o(i.HAL_IncTick)
    i.HAL_Init                               0x080010c4   Section        0  stm32f4xx_hal.o(i.HAL_Init)
    i.HAL_InitTick                           0x080010f8   Section        0  stm32f4xx_hal.o(i.HAL_InitTick)
    i.HAL_MspInit                            0x08001138   Section        0  stm32f4xx_hal_msp.o(i.HAL_MspInit)
    i.HAL_NVIC_EnableIRQ                     0x08001170   Section        0  stm32f4xx_hal_cortex.o(i.HAL_NVIC_EnableIRQ)
    i.HAL_NVIC_SetPriority                   0x0800118c   Section        0  stm32f4xx_hal_cortex.o(i.HAL_NVIC_SetPriority)
    i.HAL_NVIC_SetPriorityGrouping           0x080011cc   Section        0  stm32f4xx_hal_cortex.o(i.HAL_NVIC_SetPriorityGrouping)
    i.HAL_RCC_ClockConfig                    0x080011f0   Section        0  stm32f4xx_hal_rcc.o(i.HAL_RCC_ClockConfig)
    i.HAL_RCC_GetPCLK1Freq                   0x08001324   Section        0  stm32f4xx_hal_rcc.o(i.HAL_RCC_GetPCLK1Freq)
    i.HAL_RCC_GetPCLK2Freq                   0x08001344   Section        0  stm32f4xx_hal_rcc.o(i.HAL_RCC_GetPCLK2Freq)
    i.HAL_RCC_GetSysClockFreq                0x08001364   Section        0  stm32f4xx_hal_rcc.o(i.HAL_RCC_GetSysClockFreq)
    i.HAL_RCC_OscConfig                      0x080013c4   Section        0  stm32f4xx_hal_rcc.o(i.HAL_RCC_OscConfig)
    i.HAL_SYSTICK_Config                     0x08001730   Section        0  stm32f4xx_hal_cortex.o(i.HAL_SYSTICK_Config)
    i.HAL_TIMEx_MasterConfigSynchronization  0x08001758   Section        0  stm32f4xx_hal_tim_ex.o(i.HAL_TIMEx_MasterConfigSynchronization)
    i.HAL_TIM_Base_Init                      0x080017e8   Section        0  stm32f4xx_hal_tim.o(i.HAL_TIM_Base_Init)
    i.HAL_TIM_Base_MspInit                   0x08001844   Section        0  stm32f4xx_hal_msp.o(i.HAL_TIM_Base_MspInit)
    i.HAL_TIM_ConfigClockSource              0x08001868   Section        0  stm32f4xx_hal_tim.o(i.HAL_TIM_ConfigClockSource)
    i.HAL_TIM_MspPostInit                    0x08001944   Section        0  stm32f4xx_hal_msp.o(i.HAL_TIM_MspPostInit)
    i.HAL_TIM_PWM_ConfigChannel              0x08001990   Section        0  stm32f4xx_hal_tim.o(i.HAL_TIM_PWM_ConfigChannel)
    i.HAL_TIM_PWM_Init                       0x08001a5c   Section        0  stm32f4xx_hal_tim.o(i.HAL_TIM_PWM_Init)
    i.HAL_TIM_PWM_MspInit                    0x08001ab6   Section        0  stm32f4xx_hal_tim.o(i.HAL_TIM_PWM_MspInit)
    i.HAL_UARTEx_RxEventCallback             0x08001ab8   Section        0  stm32f4xx_hal_uart.o(i.HAL_UARTEx_RxEventCallback)
    i.HAL_UART_ErrorCallback                 0x08001aba   Section        0  stm32f4xx_hal_uart.o(i.HAL_UART_ErrorCallback)
    i.HAL_UART_IRQHandler                    0x08001abc   Section        0  stm32f4xx_hal_uart.o(i.HAL_UART_IRQHandler)
    i.HAL_UART_Init                          0x08001d3c   Section        0  stm32f4xx_hal_uart.o(i.HAL_UART_Init)
    i.HAL_UART_MspInit                       0x08001da0   Section        0  stm32f4xx_hal_msp.o(i.HAL_UART_MspInit)
    i.HAL_UART_Receive_DMA                   0x08001e7c   Section        0  stm32f4xx_hal_uart.o(i.HAL_UART_Receive_DMA)
    i.HAL_UART_RxCpltCallback                0x08001e98   Section        0  uart_dma.o(i.HAL_UART_RxCpltCallback)
    i.HAL_UART_RxHalfCpltCallback            0x08001f14   Section        0  stm32f4xx_hal_uart.o(i.HAL_UART_RxHalfCpltCallback)
    i.HAL_UART_TxCpltCallback                0x08001f16   Section        0  stm32f4xx_hal_uart.o(i.HAL_UART_TxCpltCallback)
    i.HardFault_Handler                      0x08001f18   Section        0  stm32f4xx_it.o(i.HardFault_Handler)
    i.I2C_IsAcknowledgeFailed                0x08001f1a   Section        0  stm32f4xx_hal_i2c.o(i.I2C_IsAcknowledgeFailed)
    I2C_IsAcknowledgeFailed                  0x08001f1b   Thumb Code    46  stm32f4xx_hal_i2c.o(i.I2C_IsAcknowledgeFailed)
    i.I2C_RequestMemoryRead                  0x08001f48   Section        0  stm32f4xx_hal_i2c.o(i.I2C_RequestMemoryRead)
    I2C_RequestMemoryRead                    0x08001f49   Thumb Code   246  stm32f4xx_hal_i2c.o(i.I2C_RequestMemoryRead)
    i.I2C_RequestMemoryWrite                 0x08002044   Section        0  stm32f4xx_hal_i2c.o(i.I2C_RequestMemoryWrite)
    I2C_RequestMemoryWrite                   0x08002045   Thumb Code   162  stm32f4xx_hal_i2c.o(i.I2C_RequestMemoryWrite)
    i.I2C_WaitOnBTFFlagUntilTimeout          0x080020ec   Section        0  stm32f4xx_hal_i2c.o(i.I2C_WaitOnBTFFlagUntilTimeout)
    I2C_WaitOnBTFFlagUntilTimeout            0x080020ed   Thumb Code    86  stm32f4xx_hal_i2c.o(i.I2C_WaitOnBTFFlagUntilTimeout)
    i.I2C_WaitOnFlagUntilTimeout             0x08002144   Section        0  stm32f4xx_hal_i2c.o(i.I2C_WaitOnFlagUntilTimeout)
    I2C_WaitOnFlagUntilTimeout               0x08002145   Thumb Code   144  stm32f4xx_hal_i2c.o(i.I2C_WaitOnFlagUntilTimeout)
    i.I2C_WaitOnMasterAddressFlagUntilTimeout 0x080021d4   Section        0  stm32f4xx_hal_i2c.o(i.I2C_WaitOnMasterAddressFlagUntilTimeout)
    I2C_WaitOnMasterAddressFlagUntilTimeout  0x080021d5   Thumb Code   188  stm32f4xx_hal_i2c.o(i.I2C_WaitOnMasterAddressFlagUntilTimeout)
    i.I2C_WaitOnRXNEFlagUntilTimeout         0x08002290   Section        0  stm32f4xx_hal_i2c.o(i.I2C_WaitOnRXNEFlagUntilTimeout)
    I2C_WaitOnRXNEFlagUntilTimeout           0x08002291   Thumb Code   112  stm32f4xx_hal_i2c.o(i.I2C_WaitOnRXNEFlagUntilTimeout)
    i.I2C_WaitOnTXEFlagUntilTimeout          0x08002300   Section        0  stm32f4xx_hal_i2c.o(i.I2C_WaitOnTXEFlagUntilTimeout)
    I2C_WaitOnTXEFlagUntilTimeout            0x08002301   Thumb Code    86  stm32f4xx_hal_i2c.o(i.I2C_WaitOnTXEFlagUntilTimeout)
    i.MX_GPIO_Init                           0x08002358   Section        0  main.o(i.MX_GPIO_Init)
    MX_GPIO_Init                             0x08002359   Thumb Code    70  main.o(i.MX_GPIO_Init)
    i.MX_TIM2_Init                           0x080023a4   Section        0  main.o(i.MX_TIM2_Init)
    MX_TIM2_Init                             0x080023a5   Thumb Code   146  main.o(i.MX_TIM2_Init)
    i.MemManage_Handler                      0x0800243c   Section        0  stm32f4xx_it.o(i.MemManage_Handler)
    i.NMI_Handler                            0x0800243e   Section        0  stm32f4xx_it.o(i.NMI_Handler)
    i.PCA9685_Init                           0x08002440   Section        0  servo_pca9685.o(i.PCA9685_Init)
    PCA9685_Init                             0x08002441   Thumb Code   102  servo_pca9685.o(i.PCA9685_Init)
    i.PCA9685_SetBit                         0x080024b0   Section        0  servo_pca9685.o(i.PCA9685_SetBit)
    PCA9685_SetBit                           0x080024b1   Thumb Code    82  servo_pca9685.o(i.PCA9685_SetBit)
    i.PCA9685_SetServoAngle                  0x08002508   Section        0  servo_pca9685.o(i.PCA9685_SetServoAngle)
    i.ServoPCA9685_Control                   0x08002598   Section        0  servo_pca9685.o(i.ServoPCA9685_Control)
    i.ServoTask_int                          0x080025d8   Section        0  main.o(i.ServoTask_int)
    i.StartDefaultTask                       0x080025e4   Section        0  main.o(i.StartDefaultTask)
    i.SysTick_Handler                        0x080025ec   Section        0  stm32f4xx_it.o(i.SysTick_Handler)
    i.SystemClock_Config                     0x08002604   Section        0  main.o(i.SystemClock_Config)
    i.SystemInit                             0x0800269c   Section        0  system_stm32f4xx.o(i.SystemInit)
    i.TIM_Base_SetConfig                     0x080026ac   Section        0  stm32f4xx_hal_tim.o(i.TIM_Base_SetConfig)
    i.TIM_ETR_SetConfig                      0x0800277c   Section        0  stm32f4xx_hal_tim.o(i.TIM_ETR_SetConfig)
    i.TIM_ITRx_SetConfig                     0x08002790   Section        0  stm32f4xx_hal_tim.o(i.TIM_ITRx_SetConfig)
    TIM_ITRx_SetConfig                       0x08002791   Thumb Code    16  stm32f4xx_hal_tim.o(i.TIM_ITRx_SetConfig)
    i.TIM_OC1_SetConfig                      0x080027a0   Section        0  stm32f4xx_hal_tim.o(i.TIM_OC1_SetConfig)
    TIM_OC1_SetConfig                        0x080027a1   Thumb Code    88  stm32f4xx_hal_tim.o(i.TIM_OC1_SetConfig)
    i.TIM_OC2_SetConfig                      0x08002800   Section        0  stm32f4xx_hal_tim.o(i.TIM_OC2_SetConfig)
    i.TIM_OC3_SetConfig                      0x0800286c   Section        0  stm32f4xx_hal_tim.o(i.TIM_OC3_SetConfig)
    TIM_OC3_SetConfig                        0x0800286d   Thumb Code    96  stm32f4xx_hal_tim.o(i.TIM_OC3_SetConfig)
    i.TIM_OC4_SetConfig                      0x080028d4   Section        0  stm32f4xx_hal_tim.o(i.TIM_OC4_SetConfig)
    TIM_OC4_SetConfig                        0x080028d5   Thumb Code    70  stm32f4xx_hal_tim.o(i.TIM_OC4_SetConfig)
    i.TIM_TI1_ConfigInputStage               0x08002924   Section        0  stm32f4xx_hal_tim.o(i.TIM_TI1_ConfigInputStage)
    TIM_TI1_ConfigInputStage                 0x08002925   Thumb Code    34  stm32f4xx_hal_tim.o(i.TIM_TI1_ConfigInputStage)
    i.TIM_TI2_ConfigInputStage               0x08002946   Section        0  stm32f4xx_hal_tim.o(i.TIM_TI2_ConfigInputStage)
    TIM_TI2_ConfigInputStage                 0x08002947   Thumb Code    36  stm32f4xx_hal_tim.o(i.TIM_TI2_ConfigInputStage)
    i.UART4_IRQHandler                       0x0800296c   Section        0  stm32f4xx_it.o(i.UART4_IRQHandler)
    i.UART_DMAAbortOnError                   0x08002978   Section        0  stm32f4xx_hal_uart.o(i.UART_DMAAbortOnError)
    UART_DMAAbortOnError                     0x08002979   Thumb Code    14  stm32f4xx_hal_uart.o(i.UART_DMAAbortOnError)
    i.UART_DMAError                          0x08002986   Section        0  stm32f4xx_hal_uart.o(i.UART_DMAError)
    UART_DMAError                            0x08002987   Thumb Code    74  stm32f4xx_hal_uart.o(i.UART_DMAError)
    i.UART_DMAReceiveCplt                    0x080029d0   Section        0  stm32f4xx_hal_uart.o(i.UART_DMAReceiveCplt)
    UART_DMAReceiveCplt                      0x080029d1   Thumb Code   134  stm32f4xx_hal_uart.o(i.UART_DMAReceiveCplt)
    i.UART_DMARxHalfCplt                     0x08002a56   Section        0  stm32f4xx_hal_uart.o(i.UART_DMARxHalfCplt)
    UART_DMARxHalfCplt                       0x08002a57   Thumb Code    30  stm32f4xx_hal_uart.o(i.UART_DMARxHalfCplt)
    i.UART_DMA_Init                          0x08002a74   Section        0  uart_dma.o(i.UART_DMA_Init)
    i.UART_EndRxTransfer                     0x08002a88   Section        0  stm32f4xx_hal_uart.o(i.UART_EndRxTransfer)
    UART_EndRxTransfer                       0x08002a89   Thumb Code    78  stm32f4xx_hal_uart.o(i.UART_EndRxTransfer)
    i.UART_EndTxTransfer                     0x08002ad6   Section        0  stm32f4xx_hal_uart.o(i.UART_EndTxTransfer)
    UART_EndTxTransfer                       0x08002ad7   Thumb Code    28  stm32f4xx_hal_uart.o(i.UART_EndTxTransfer)
    i.UART_Receive_IT                        0x08002af2   Section        0  stm32f4xx_hal_uart.o(i.UART_Receive_IT)
    UART_Receive_IT                          0x08002af3   Thumb Code   194  stm32f4xx_hal_uart.o(i.UART_Receive_IT)
    i.UART_SetConfig                         0x08002bb4   Section        0  stm32f4xx_hal_uart.o(i.UART_SetConfig)
    UART_SetConfig                           0x08002bb5   Thumb Code   258  stm32f4xx_hal_uart.o(i.UART_SetConfig)
    i.UART_Start_Receive_DMA                 0x08002cc0   Section        0  stm32f4xx_hal_uart.o(i.UART_Start_Receive_DMA)
    i.UsageFault_Handler                     0x08002d60   Section        0  stm32f4xx_it.o(i.UsageFault_Handler)
    i.__NVIC_SetPriority                     0x08002d62   Section        0  stm32f4xx_hal_cortex.o(i.__NVIC_SetPriority)
    __NVIC_SetPriority                       0x08002d63   Thumb Code    32  stm32f4xx_hal_cortex.o(i.__NVIC_SetPriority)
    i.main                                   0x08002d84   Section        0  main.o(i.main)
    i.makeFreeRtosPriority                   0x08002e58   Section        0  cmsis_os.o(i.makeFreeRtosPriority)
    makeFreeRtosPriority                     0x08002e59   Thumb Code    12  cmsis_os.o(i.makeFreeRtosPriority)
    i.osDelay                                0x08002e64   Section        0  cmsis_os.o(i.osDelay)
    i.osKernelStart                          0x08002e72   Section        0  cmsis_os.o(i.osKernelStart)
    i.osThreadCreate                         0x08002e7c   Section        0  cmsis_os.o(i.osThreadCreate)
    i.prvAddCurrentTaskToDelayedList         0x08002ed0   Section        0  tasks.o(i.prvAddCurrentTaskToDelayedList)
    prvAddCurrentTaskToDelayedList           0x08002ed1   Thumb Code   102  tasks.o(i.prvAddCurrentTaskToDelayedList)
    i.prvAddNewTaskToReadyList               0x08002f40   Section        0  tasks.o(i.prvAddNewTaskToReadyList)
    prvAddNewTaskToReadyList                 0x08002f41   Thumb Code   194  tasks.o(i.prvAddNewTaskToReadyList)
    i.prvDeleteTCB                           0x08003010   Section        0  tasks.o(i.prvDeleteTCB)
    prvDeleteTCB                             0x08003011   Thumb Code    52  tasks.o(i.prvDeleteTCB)
    i.prvHeapInit                            0x08003044   Section        0  heap_4.o(i.prvHeapInit)
    prvHeapInit                              0x08003045   Thumb Code    66  heap_4.o(i.prvHeapInit)
    i.prvIdleTask                            0x08003090   Section        0  tasks.o(i.prvIdleTask)
    prvIdleTask                              0x08003091   Thumb Code    82  tasks.o(i.prvIdleTask)
    i.prvInitialiseNewTask                   0x080030f0   Section        0  tasks.o(i.prvInitialiseNewTask)
    prvInitialiseNewTask                     0x080030f1   Thumb Code   152  tasks.o(i.prvInitialiseNewTask)
    i.prvInsertBlockIntoFreeList             0x08003188   Section        0  heap_4.o(i.prvInsertBlockIntoFreeList)
    prvInsertBlockIntoFreeList               0x08003189   Thumb Code    72  heap_4.o(i.prvInsertBlockIntoFreeList)
    i.prvResetNextTaskUnblockTime            0x080031d4   Section        0  tasks.o(i.prvResetNextTaskUnblockTime)
    prvResetNextTaskUnblockTime              0x080031d5   Thumb Code    26  tasks.o(i.prvResetNextTaskUnblockTime)
    i.prvTaskExitError                       0x080031f4   Section        0  port.o(i.prvTaskExitError)
    prvTaskExitError                         0x080031f5   Thumb Code    36  port.o(i.prvTaskExitError)
    i.pvPortMalloc                           0x0800321c   Section        0  heap_4.o(i.pvPortMalloc)
    i.pxPortInitialiseStack                  0x080032f8   Section        0  port.o(i.pxPortInitialiseStack)
    i.uxListRemove                           0x08003324   Section        0  list.o(i.uxListRemove)
    i.vApplicationGetIdleTaskMemory          0x0800334c   Section        0  freertos.o(i.vApplicationGetIdleTaskMemory)
    i.vListInitialise                        0x08003360   Section        0  list.o(i.vListInitialise)
    i.vListInitialiseItem                    0x08003376   Section        0  list.o(i.vListInitialiseItem)
    i.vListInsert                            0x0800337c   Section        0  list.o(i.vListInsert)
    i.vListInsertEnd                         0x080033ac   Section        0  list.o(i.vListInsertEnd)
    i.vPortEnterCritical                     0x080033c4   Section        0  port.o(i.vPortEnterCritical)
    i.vPortExitCritical                      0x08003404   Section        0  port.o(i.vPortExitCritical)
    i.vPortFree                              0x0800342c   Section        0  heap_4.o(i.vPortFree)
    i.vPortSetupTimerInterrupt               0x08003490   Section        0  port.o(i.vPortSetupTimerInterrupt)
    i.vTaskDelay                             0x080034b4   Section        0  tasks.o(i.vTaskDelay)
    i.vTaskStartScheduler                    0x08003500   Section        0  tasks.o(i.vTaskStartScheduler)
    i.vTaskSuspendAll                        0x0800356c   Section        0  tasks.o(i.vTaskSuspendAll)
    i.vTaskSwitchContext                     0x0800357c   Section        0  tasks.o(i.vTaskSwitchContext)
    i.xPortStartScheduler                    0x080035d8   Section        0  port.o(i.xPortStartScheduler)
    i.xPortSysTickHandler                    0x080036cc   Section        0  port.o(i.xPortSysTickHandler)
    i.xTaskCreate                            0x080036f8   Section        0  tasks.o(i.xTaskCreate)
    i.xTaskCreateStatic                      0x08003752   Section        0  tasks.o(i.xTaskCreateStatic)
    i.xTaskGetSchedulerState                 0x080037a8   Section        0  tasks.o(i.xTaskGetSchedulerState)
    i.xTaskIncrementTick                     0x080037c4   Section        0  tasks.o(i.xTaskIncrementTick)
    i.xTaskResumeAll                         0x08003890   Section        0  tasks.o(i.xTaskResumeAll)
    x$fpl$fpinit                             0x08003954   Section       10  fpinit.o(x$fpl$fpinit)
    $v0                                      0x08003954   Number         0  fpinit.o(x$fpl$fpinit)
    .constdata                               0x08003960   Section       56  main.o(.constdata)
    .constdata                               0x08003998   Section        8  stm32f4xx_hal_dma.o(.constdata)
    flagBitshiftOffset                       0x08003998   Data           8  stm32f4xx_hal_dma.o(.constdata)
    .constdata                               0x080039a0   Section       16  system_stm32f4xx.o(.constdata)
    .constdata                               0x080039b0   Section        8  system_stm32f4xx.o(.constdata)
    .conststring                             0x080039b8   Section       24  main.o(.conststring)
    .data                                    0x20000000   Section        8  main.o(.data)
    .data                                    0x20000008   Section       12  stm32f4xx_hal.o(.data)
    .data                                    0x20000014   Section        4  system_stm32f4xx.o(.data)
    .data                                    0x20000018   Section       60  tasks.o(.data)
    uxDeletedTasksWaitingCleanUp             0x2000001c   Data           4  tasks.o(.data)
    uxCurrentNumberOfTasks                   0x20000020   Data           4  tasks.o(.data)
    xTickCount                               0x20000024   Data           4  tasks.o(.data)
    uxTopReadyPriority                       0x20000028   Data           4  tasks.o(.data)
    xSchedulerRunning                        0x2000002c   Data           4  tasks.o(.data)
    xPendedTicks                             0x20000030   Data           4  tasks.o(.data)
    xYieldPending                            0x20000034   Data           4  tasks.o(.data)
    xNumOfOverflows                          0x20000038   Data           4  tasks.o(.data)
    uxTaskNumber                             0x2000003c   Data           4  tasks.o(.data)
    xNextTaskUnblockTime                     0x20000040   Data           4  tasks.o(.data)
    xIdleTaskHandle                          0x20000044   Data           4  tasks.o(.data)
    uxSchedulerSuspended                     0x20000048   Data           4  tasks.o(.data)
    pxDelayedTaskList                        0x2000004c   Data           4  tasks.o(.data)
    pxOverflowDelayedTaskList                0x20000050   Data           4  tasks.o(.data)
    .data                                    0x20000054   Section       32  heap_4.o(.data)
    pxEnd                                    0x20000054   Data           4  heap_4.o(.data)
    xFreeBytesRemaining                      0x20000058   Data           4  heap_4.o(.data)
    xMinimumEverFreeBytesRemaining           0x2000005c   Data           4  heap_4.o(.data)
    xNumberOfSuccessfulAllocations           0x20000060   Data           4  heap_4.o(.data)
    xNumberOfSuccessfulFrees                 0x20000064   Data           4  heap_4.o(.data)
    xBlockAllocatedBit                       0x20000068   Data           4  heap_4.o(.data)
    xStart                                   0x2000006c   Data           8  heap_4.o(.data)
    .data                                    0x20000074   Section       12  port.o(.data)
    ucMaxSysCallPriority                     0x20000074   Data           1  port.o(.data)
    uxCriticalNesting                        0x20000078   Data           4  port.o(.data)
    ulMaxPRIGROUPValue                       0x2000007c   Data           4  port.o(.data)
    .data                                    0x20000080   Section       18  servo_pca9685.o(.data)
    .bss                                     0x20000094   Section      228  main.o(.bss)
    .bss                                     0x20000178   Section       96  main.o(.bss)
    .bss                                     0x200001d8   Section      596  freertos.o(.bss)
    xIdleTaskTCBBuffer                       0x200001d8   Data          84  freertos.o(.bss)
    xIdleStack                               0x2000022c   Data         512  freertos.o(.bss)
    .bss                                     0x2000042c   Section      240  tasks.o(.bss)
    pxReadyTasksLists                        0x2000042c   Data         140  tasks.o(.bss)
    xDelayedTaskList1                        0x200004b8   Data          20  tasks.o(.bss)
    xDelayedTaskList2                        0x200004cc   Data          20  tasks.o(.bss)
    xPendingReadyList                        0x200004e0   Data          20  tasks.o(.bss)
    xTasksWaitingTermination                 0x200004f4   Data          20  tasks.o(.bss)
    xSuspendedTaskList                       0x20000508   Data          20  tasks.o(.bss)
    .bss                                     0x2000051c   Section    15360  heap_4.o(.bss)
    ucHeap                                   0x2000051c   Data       15360  heap_4.o(.bss)
    .bss                                     0x2000411c   Section       12  servo_pca9685.o(.bss)
    .bss                                     0x20004128   Section        9  uart_dma.o(.bss)
    .bss                                     0x20004134   Section       96  libspace.o(.bss)
    HEAP                                     0x20004198   Section      512  startup_stm32f407xx.o(HEAP)
    Heap_Mem                                 0x20004198   Data         512  startup_stm32f407xx.o(HEAP)
    STACK                                    0x20004398   Section     1024  startup_stm32f407xx.o(STACK)
    Stack_Mem                                0x20004398   Data        1024  startup_stm32f407xx.o(STACK)
    __initial_sp                             0x20004798   Data           0  startup_stm32f407xx.o(STACK)

    Global Symbols

    Symbol Name                              Value     Ov Type        Size  Object(Section)

    BuildAttributes$$THM_ISAv4$E$P$D$K$B$S$7EM$VFPi3$EXTD16$VFPS$VFMA$PE$A:L22UL41UL21$X:L11$S22US41US21$IEEE1$IW$USESV6$~STKCKD$USESV7$~SHL$OSPACE$ROPI$EBA8$UX$STANDARDLIB$REQ8$PRES8$EABIv2 0x00000000   Number         0  anon$$obj.o ABSOLUTE
    __ARM_use_no_argv                        0x00000000   Number         0  main.o ABSOLUTE
    __ARM_exceptions_init                     - Undefined Weak Reference
    __alloca_initialize                       - Undefined Weak Reference
    __arm_preinit_                            - Undefined Weak Reference
    __cpp_initialize__aeabi_                  - Undefined Weak Reference
    __cxa_finalize                            - Undefined Weak Reference
    __rt_locale                               - Undefined Weak Reference
    __sigvec_lookup                           - Undefined Weak Reference
    _atexit_init                              - Undefined Weak Reference
    _call_atexit_fns                          - Undefined Weak Reference
    _clock_init                               - Undefined Weak Reference
    _fp_trap_init                             - Undefined Weak Reference
    _fp_trap_shutdown                         - Undefined Weak Reference
    _get_lc_collate                           - Undefined Weak Reference
    _get_lc_ctype                             - Undefined Weak Reference
    _get_lc_monetary                          - Undefined Weak Reference
    _get_lc_numeric                           - Undefined Weak Reference
    _get_lc_time                              - Undefined Weak Reference
    _getenv_init                              - Undefined Weak Reference
    _handle_redirection                       - Undefined Weak Reference
    _init_alloc                               - Undefined Weak Reference
    _init_user_alloc                          - Undefined Weak Reference
    _initio                                   - Undefined Weak Reference
    _rand_init                                - Undefined Weak Reference
    _signal_finish                            - Undefined Weak Reference
    _signal_init                              - Undefined Weak Reference
    _terminate_alloc                          - Undefined Weak Reference
    _terminate_user_alloc                     - Undefined Weak Reference
    _terminateio                              - Undefined Weak Reference
    __Vectors_Size                           0x00000188   Number         0  startup_stm32f407xx.o ABSOLUTE
    __Vectors                                0x08000000   Data           4  startup_stm32f407xx.o(RESET)
    __Vectors_End                            0x08000188   Data           0  startup_stm32f407xx.o(RESET)
    __main                                   0x08000189   Thumb Code     8  __main.o(!!!main)
    __scatterload                            0x08000191   Thumb Code     0  __scatter.o(!!!scatter)
    __scatterload_rt2                        0x08000191   Thumb Code    44  __scatter.o(!!!scatter)
    __scatterload_rt2_thumb_only             0x08000191   Thumb Code     0  __scatter.o(!!!scatter)
    __scatterload_null                       0x0800019f   Thumb Code     0  __scatter.o(!!!scatter)
    __scatterload_copy                       0x080001c5   Thumb Code    26  __scatter_copy.o(!!handler_copy)
    __scatterload_zeroinit                   0x080001e1   Thumb Code    28  __scatter_zi.o(!!handler_zi)
    __rt_lib_init                            0x080001fd   Thumb Code     0  libinit.o(.ARM.Collect$$libinit$$00000000)
    __rt_lib_init_fp_1                       0x080001ff   Thumb Code     0  libinit2.o(.ARM.Collect$$libinit$$00000001)
    __rt_lib_init_alloca_1                   0x08000203   Thumb Code     0  libinit2.o(.ARM.Collect$$libinit$$0000002E)
    __rt_lib_init_argv_1                     0x08000203   Thumb Code     0  libinit2.o(.ARM.Collect$$libinit$$0000002C)
    __rt_lib_init_atexit_1                   0x08000203   Thumb Code     0  libinit2.o(.ARM.Collect$$libinit$$0000001B)
    __rt_lib_init_clock_1                    0x08000203   Thumb Code     0  libinit2.o(.ARM.Collect$$libinit$$00000021)
    __rt_lib_init_cpp_1                      0x08000203   Thumb Code     0  libinit2.o(.ARM.Collect$$libinit$$00000032)
    __rt_lib_init_exceptions_1               0x08000203   Thumb Code     0  libinit2.o(.ARM.Collect$$libinit$$00000030)
    __rt_lib_init_fp_trap_1                  0x08000203   Thumb Code     0  libinit2.o(.ARM.Collect$$libinit$$0000001F)
    __rt_lib_init_getenv_1                   0x08000203   Thumb Code     0  libinit2.o(.ARM.Collect$$libinit$$00000023)
    __rt_lib_init_heap_1                     0x08000203   Thumb Code     0  libinit2.o(.ARM.Collect$$libinit$$0000000A)
    __rt_lib_init_lc_collate_1               0x08000203   Thumb Code     0  libinit2.o(.ARM.Collect$$libinit$$00000011)
    __rt_lib_init_lc_ctype_1                 0x08000203   Thumb Code     0  libinit2.o(.ARM.Collect$$libinit$$00000013)
    __rt_lib_init_lc_monetary_1              0x08000203   Thumb Code     0  libinit2.o(.ARM.Collect$$libinit$$00000015)
    __rt_lib_init_lc_numeric_1               0x08000203   Thumb Code     0  libinit2.o(.ARM.Collect$$libinit$$00000017)
    __rt_lib_init_lc_time_1                  0x08000203   Thumb Code     0  libinit2.o(.ARM.Collect$$libinit$$00000019)
    __rt_lib_init_preinit_1                  0x08000203   Thumb Code     0  libinit2.o(.ARM.Collect$$libinit$$00000004)
    __rt_lib_init_rand_1                     0x08000203   Thumb Code     0  libinit2.o(.ARM.Collect$$libinit$$0000000E)
    __rt_lib_init_return                     0x08000203   Thumb Code     0  libinit2.o(.ARM.Collect$$libinit$$00000033)
    __rt_lib_init_signal_1                   0x08000203   Thumb Code     0  libinit2.o(.ARM.Collect$$libinit$$0000001D)
    __rt_lib_init_stdio_1                    0x08000203   Thumb Code     0  libinit2.o(.ARM.Collect$$libinit$$00000025)
    __rt_lib_init_user_alloc_1               0x08000203   Thumb Code     0  libinit2.o(.ARM.Collect$$libinit$$0000000C)
    __rt_lib_shutdown                        0x08000205   Thumb Code     0  libshutdown.o(.ARM.Collect$$libshutdown$$00000000)
    __rt_lib_shutdown_cpp_1                  0x08000207   Thumb Code     0  libshutdown2.o(.ARM.Collect$$libshutdown$$00000002)
    __rt_lib_shutdown_fp_trap_1              0x08000207   Thumb Code     0  libshutdown2.o(.ARM.Collect$$libshutdown$$00000007)
    __rt_lib_shutdown_heap_1                 0x08000207   Thumb Code     0  libshutdown2.o(.ARM.Collect$$libshutdown$$0000000F)
    __rt_lib_shutdown_return                 0x08000207   Thumb Code     0  libshutdown2.o(.ARM.Collect$$libshutdown$$00000010)
    __rt_lib_shutdown_signal_1               0x08000207   Thumb Code     0  libshutdown2.o(.ARM.Collect$$libshutdown$$0000000A)
    __rt_lib_shutdown_stdio_1                0x08000207   Thumb Code     0  libshutdown2.o(.ARM.Collect$$libshutdown$$00000004)
    __rt_lib_shutdown_user_alloc_1           0x08000207   Thumb Code     0  libshutdown2.o(.ARM.Collect$$libshutdown$$0000000C)
    __rt_entry                               0x08000209   Thumb Code     0  __rtentry.o(.ARM.Collect$$rtentry$$00000000)
    __rt_entry_presh_1                       0x08000209   Thumb Code     0  __rtentry2.o(.ARM.Collect$$rtentry$$00000002)
    __rt_entry_sh                            0x08000209   Thumb Code     0  __rtentry4.o(.ARM.Collect$$rtentry$$00000004)
    __rt_entry_li                            0x0800020f   Thumb Code     0  __rtentry2.o(.ARM.Collect$$rtentry$$0000000A)
    __rt_entry_postsh_1                      0x0800020f   Thumb Code     0  __rtentry2.o(.ARM.Collect$$rtentry$$00000009)
    __rt_entry_main                          0x08000213   Thumb Code     0  __rtentry2.o(.ARM.Collect$$rtentry$$0000000D)
    __rt_entry_postli_1                      0x08000213   Thumb Code     0  __rtentry2.o(.ARM.Collect$$rtentry$$0000000C)
    __rt_exit                                0x0800021b   Thumb Code     0  rtexit.o(.ARM.Collect$$rtexit$$00000000)
    __rt_exit_ls                             0x0800021d   Thumb Code     0  rtexit2.o(.ARM.Collect$$rtexit$$00000003)
    __rt_exit_prels_1                        0x0800021d   Thumb Code     0  rtexit2.o(.ARM.Collect$$rtexit$$00000002)
    __rt_exit_exit                           0x08000221   Thumb Code     0  rtexit2.o(.ARM.Collect$$rtexit$$00000004)
    SVC_Handler                              0x08000229   Thumb Code    28  port.o(.emb_text)
    __asm___6_port_c_39a90d8d__prvStartFirstTask 0x08000249   Thumb Code    36  port.o(.emb_text)
    __asm___6_port_c_39a90d8d__prvEnableVFP  0x08000271   Thumb Code    16  port.o(.emb_text)
    PendSV_Handler                           0x08000285   Thumb Code    88  port.o(.emb_text)
    vPortGetIPSR                             0x080002e1   Thumb Code     6  port.o(.emb_text)
    Reset_Handler                            0x080002e9   Thumb Code     8  startup_stm32f407xx.o(.text)
    ADC_IRQHandler                           0x08000303   Thumb Code     0  startup_stm32f407xx.o(.text)
    CAN1_RX0_IRQHandler                      0x08000303   Thumb Code     0  startup_stm32f407xx.o(.text)
    CAN1_RX1_IRQHandler                      0x08000303   Thumb Code     0  startup_stm32f407xx.o(.text)
    CAN1_SCE_IRQHandler                      0x08000303   Thumb Code     0  startup_stm32f407xx.o(.text)
    CAN1_TX_IRQHandler                       0x08000303   Thumb Code     0  startup_stm32f407xx.o(.text)
    CAN2_RX0_IRQHandler                      0x08000303   Thumb Code     0  startup_stm32f407xx.o(.text)
    CAN2_RX1_IRQHandler                      0x08000303   Thumb Code     0  startup_stm32f407xx.o(.text)
    CAN2_SCE_IRQHandler                      0x08000303   Thumb Code     0  startup_stm32f407xx.o(.text)
    CAN2_TX_IRQHandler                       0x08000303   Thumb Code     0  startup_stm32f407xx.o(.text)
    DCMI_IRQHandler                          0x08000303   Thumb Code     0  startup_stm32f407xx.o(.text)
    DMA1_Stream0_IRQHandler                  0x08000303   Thumb Code     0  startup_stm32f407xx.o(.text)
    DMA1_Stream1_IRQHandler                  0x08000303   Thumb Code     0  startup_stm32f407xx.o(.text)
    DMA1_Stream3_IRQHandler                  0x08000303   Thumb Code     0  startup_stm32f407xx.o(.text)
    DMA1_Stream4_IRQHandler                  0x08000303   Thumb Code     0  startup_stm32f407xx.o(.text)
    DMA1_Stream5_IRQHandler                  0x08000303   Thumb Code     0  startup_stm32f407xx.o(.text)
    DMA1_Stream6_IRQHandler                  0x08000303   Thumb Code     0  startup_stm32f407xx.o(.text)
    DMA1_Stream7_IRQHandler                  0x08000303   Thumb Code     0  startup_stm32f407xx.o(.text)
    DMA2_Stream0_IRQHandler                  0x08000303   Thumb Code     0  startup_stm32f407xx.o(.text)
    DMA2_Stream1_IRQHandler                  0x08000303   Thumb Code     0  startup_stm32f407xx.o(.text)
    DMA2_Stream2_IRQHandler                  0x08000303   Thumb Code     0  startup_stm32f407xx.o(.text)
    DMA2_Stream3_IRQHandler                  0x08000303   Thumb Code     0  startup_stm32f407xx.o(.text)
    DMA2_Stream4_IRQHandler                  0x08000303   Thumb Code     0  startup_stm32f407xx.o(.text)
    DMA2_Stream5_IRQHandler                  0x08000303   Thumb Code     0  startup_stm32f407xx.o(.text)
    DMA2_Stream6_IRQHandler                  0x08000303   Thumb Code     0  startup_stm32f407xx.o(.text)
    DMA2_Stream7_IRQHandler                  0x08000303   Thumb Code     0  startup_stm32f407xx.o(.text)
    ETH_IRQHandler                           0x08000303   Thumb Code     0  startup_stm32f407xx.o(.text)
    ETH_WKUP_IRQHandler                      0x08000303   Thumb Code     0  startup_stm32f407xx.o(.text)
    EXTI0_IRQHandler                         0x08000303   Thumb Code     0  startup_stm32f407xx.o(.text)
    EXTI15_10_IRQHandler                     0x08000303   Thumb Code     0  startup_stm32f407xx.o(.text)
    EXTI1_IRQHandler                         0x08000303   Thumb Code     0  startup_stm32f407xx.o(.text)
    EXTI2_IRQHandler                         0x08000303   Thumb Code     0  startup_stm32f407xx.o(.text)
    EXTI3_IRQHandler                         0x08000303   Thumb Code     0  startup_stm32f407xx.o(.text)
    EXTI4_IRQHandler                         0x08000303   Thumb Code     0  startup_stm32f407xx.o(.text)
    EXTI9_5_IRQHandler                       0x08000303   Thumb Code     0  startup_stm32f407xx.o(.text)
    FLASH_IRQHandler                         0x08000303   Thumb Code     0  startup_stm32f407xx.o(.text)
    FMC_IRQHandler                           0x08000303   Thumb Code     0  startup_stm32f407xx.o(.text)
    FPU_IRQHandler                           0x08000303   Thumb Code     0  startup_stm32f407xx.o(.text)
    HASH_RNG_IRQHandler                      0x08000303   Thumb Code     0  startup_stm32f407xx.o(.text)
    I2C1_ER_IRQHandler                       0x08000303   Thumb Code     0  startup_stm32f407xx.o(.text)
    I2C1_EV_IRQHandler                       0x08000303   Thumb Code     0  startup_stm32f407xx.o(.text)
    I2C2_ER_IRQHandler                       0x08000303   Thumb Code     0  startup_stm32f407xx.o(.text)
    I2C2_EV_IRQHandler                       0x08000303   Thumb Code     0  startup_stm32f407xx.o(.text)
    I2C3_ER_IRQHandler                       0x08000303   Thumb Code     0  startup_stm32f407xx.o(.text)
    I2C3_EV_IRQHandler                       0x08000303   Thumb Code     0  startup_stm32f407xx.o(.text)
    OTG_FS_IRQHandler                        0x08000303   Thumb Code     0  startup_stm32f407xx.o(.text)
    OTG_FS_WKUP_IRQHandler                   0x08000303   Thumb Code     0  startup_stm32f407xx.o(.text)
    OTG_HS_EP1_IN_IRQHandler                 0x08000303   Thumb Code     0  startup_stm32f407xx.o(.text)
    OTG_HS_EP1_OUT_IRQHandler                0x08000303   Thumb Code     0  startup_stm32f407xx.o(.text)
    OTG_HS_IRQHandler                        0x08000303   Thumb Code     0  startup_stm32f407xx.o(.text)
    OTG_HS_WKUP_IRQHandler                   0x08000303   Thumb Code     0  startup_stm32f407xx.o(.text)
    PVD_IRQHandler                           0x08000303   Thumb Code     0  startup_stm32f407xx.o(.text)
    RCC_IRQHandler                           0x08000303   Thumb Code     0  startup_stm32f407xx.o(.text)
    RTC_Alarm_IRQHandler                     0x08000303   Thumb Code     0  startup_stm32f407xx.o(.text)
    RTC_WKUP_IRQHandler                      0x08000303   Thumb Code     0  startup_stm32f407xx.o(.text)
    SDIO_IRQHandler                          0x08000303   Thumb Code     0  startup_stm32f407xx.o(.text)
    SPI1_IRQHandler                          0x08000303   Thumb Code     0  startup_stm32f407xx.o(.text)
    SPI2_IRQHandler                          0x08000303   Thumb Code     0  startup_stm32f407xx.o(.text)
    SPI3_IRQHandler                          0x08000303   Thumb Code     0  startup_stm32f407xx.o(.text)
    TAMP_STAMP_IRQHandler                    0x08000303   Thumb Code     0  startup_stm32f407xx.o(.text)
    TIM1_BRK_TIM9_IRQHandler                 0x08000303   Thumb Code     0  startup_stm32f407xx.o(.text)
    TIM1_CC_IRQHandler                       0x08000303   Thumb Code     0  startup_stm32f407xx.o(.text)
    TIM1_TRG_COM_TIM11_IRQHandler            0x08000303   Thumb Code     0  startup_stm32f407xx.o(.text)
    TIM1_UP_TIM10_IRQHandler                 0x08000303   Thumb Code     0  startup_stm32f407xx.o(.text)
    TIM2_IRQHandler                          0x08000303   Thumb Code     0  startup_stm32f407xx.o(.text)
    TIM3_IRQHandler                          0x08000303   Thumb Code     0  startup_stm32f407xx.o(.text)
    TIM4_IRQHandler                          0x08000303   Thumb Code     0  startup_stm32f407xx.o(.text)
    TIM5_IRQHandler                          0x08000303   Thumb Code     0  startup_stm32f407xx.o(.text)
    TIM6_DAC_IRQHandler                      0x08000303   Thumb Code     0  startup_stm32f407xx.o(.text)
    TIM7_IRQHandler                          0x08000303   Thumb Code     0  startup_stm32f407xx.o(.text)
    TIM8_BRK_TIM12_IRQHandler                0x08000303   Thumb Code     0  startup_stm32f407xx.o(.text)
    TIM8_CC_IRQHandler                       0x08000303   Thumb Code     0  startup_stm32f407xx.o(.text)
    TIM8_TRG_COM_TIM14_IRQHandler            0x08000303   Thumb Code     0  startup_stm32f407xx.o(.text)
    TIM8_UP_TIM13_IRQHandler                 0x08000303   Thumb Code     0  startup_stm32f407xx.o(.text)
    UART5_IRQHandler                         0x08000303   Thumb Code     0  startup_stm32f407xx.o(.text)
    USART1_IRQHandler                        0x08000303   Thumb Code     0  startup_stm32f407xx.o(.text)
    USART2_IRQHandler                        0x08000303   Thumb Code     0  startup_stm32f407xx.o(.text)
    USART3_IRQHandler                        0x08000303   Thumb Code     0  startup_stm32f407xx.o(.text)
    USART6_IRQHandler                        0x08000303   Thumb Code     0  startup_stm32f407xx.o(.text)
    WWDG_IRQHandler                          0x08000303   Thumb Code     0  startup_stm32f407xx.o(.text)
    __user_initial_stackheap                 0x08000305   Thumb Code     0  startup_stm32f407xx.o(.text)
    __aeabi_uldivmod                         0x08000329   Thumb Code     0  lludivv7m.o(.text)
    _ll_udiv                                 0x08000329   Thumb Code   238  lludivv7m.o(.text)
    __aeabi_memcpy4                          0x08000417   Thumb Code     0  rt_memcpy_w.o(.text)
    __aeabi_memcpy8                          0x08000417   Thumb Code     0  rt_memcpy_w.o(.text)
    __rt_memcpy_w                            0x08000417   Thumb Code   100  rt_memcpy_w.o(.text)
    _memcpy_lastbytes_aligned                0x0800045f   Thumb Code     0  rt_memcpy_w.o(.text)
    __aeabi_memclr4                          0x0800047b   Thumb Code     0  rt_memclr_w.o(.text)
    __aeabi_memclr8                          0x0800047b   Thumb Code     0  rt_memclr_w.o(.text)
    __rt_memclr_w                            0x0800047b   Thumb Code    78  rt_memclr_w.o(.text)
    _memset_w                                0x0800047f   Thumb Code     0  rt_memclr_w.o(.text)
    __use_two_region_memory                  0x080004c9   Thumb Code     2  heapauxi.o(.text)
    __rt_heap_escrow$2region                 0x080004cb   Thumb Code     2  heapauxi.o(.text)
    __rt_heap_expand$2region                 0x080004cd   Thumb Code     2  heapauxi.o(.text)
    __user_setup_stackheap                   0x080004cf   Thumb Code    74  sys_stackheap_outer.o(.text)
    exit                                     0x08000519   Thumb Code    18  exit.o(.text)
    __user_libspace                          0x0800052d   Thumb Code     8  libspace.o(.text)
    __user_perproc_libspace                  0x0800052d   Thumb Code     0  libspace.o(.text)
    __user_perthread_libspace                0x0800052d   Thumb Code     0  libspace.o(.text)
    _sys_exit                                0x08000535   Thumb Code     8  sys_exit.o(.text)
    __I$use$semihosting                      0x08000541   Thumb Code     0  use_no_semi.o(.text)
    __use_no_semihosting_swi                 0x08000541   Thumb Code     2  use_no_semi.o(.text)
    BusFault_Handler                         0x08000543   Thumb Code     2  stm32f4xx_it.o(i.BusFault_Handler)
    __semihosting_library_function           0x08000543   Thumb Code     0  indicate_semi.o(.text)
    DMA1_Stream2_IRQHandler                  0x08000545   Thumb Code     6  stm32f4xx_it.o(i.DMA1_Stream2_IRQHandler)
    DebugMon_Handler                         0x080005f5   Thumb Code     2  stm32f4xx_it.o(i.DebugMon_Handler)
    Error_Handler                            0x080005f7   Thumb Code     4  main.o(i.Error_Handler)
    HAL_DMA_Abort                            0x080005fb   Thumb Code   146  stm32f4xx_hal_dma.o(i.HAL_DMA_Abort)
    HAL_DMA_Abort_IT                         0x0800068d   Thumb Code    36  stm32f4xx_hal_dma.o(i.HAL_DMA_Abort_IT)
    HAL_DMA_IRQHandler                       0x080006b1   Thumb Code   412  stm32f4xx_hal_dma.o(i.HAL_DMA_IRQHandler)
    HAL_DMA_Init                             0x08000851   Thumb Code   206  stm32f4xx_hal_dma.o(i.HAL_DMA_Init)
    HAL_DMA_Start_IT                         0x08000925   Thumb Code   110  stm32f4xx_hal_dma.o(i.HAL_DMA_Start_IT)
    HAL_GPIO_Init                            0x08000995   Thumb Code   450  stm32f4xx_hal_gpio.o(i.HAL_GPIO_Init)
    HAL_GetTick                              0x08000b85   Thumb Code     6  stm32f4xx_hal.o(i.HAL_GetTick)
    HAL_I2C_Init                             0x08000b91   Thumb Code   376  stm32f4xx_hal_i2c.o(i.HAL_I2C_Init)
    HAL_I2C_Mem_Read                         0x08000d19   Thumb Code   502  stm32f4xx_hal_i2c.o(i.HAL_I2C_Mem_Read)
    HAL_I2C_Mem_Write                        0x08000f1d   Thumb Code   294  stm32f4xx_hal_i2c.o(i.HAL_I2C_Mem_Write)
    HAL_I2C_MspInit                          0x0800104d   Thumb Code    92  stm32f4xx_hal_msp.o(i.HAL_I2C_MspInit)
    HAL_IncTick                              0x080010b5   Thumb Code    12  stm32f4xx_hal.o(i.HAL_IncTick)
    HAL_Init                                 0x080010c5   Thumb Code    48  stm32f4xx_hal.o(i.HAL_Init)
    HAL_InitTick                             0x080010f9   Thumb Code    54  stm32f4xx_hal.o(i.HAL_InitTick)
    HAL_MspInit                              0x08001139   Thumb Code    52  stm32f4xx_hal_msp.o(i.HAL_MspInit)
    HAL_NVIC_EnableIRQ                       0x08001171   Thumb Code    26  stm32f4xx_hal_cortex.o(i.HAL_NVIC_EnableIRQ)
    HAL_NVIC_SetPriority                     0x0800118d   Thumb Code    60  stm32f4xx_hal_cortex.o(i.HAL_NVIC_SetPriority)
    HAL_NVIC_SetPriorityGrouping             0x080011cd   Thumb Code    26  stm32f4xx_hal_cortex.o(i.HAL_NVIC_SetPriorityGrouping)
    HAL_RCC_ClockConfig                      0x080011f1   Thumb Code   288  stm32f4xx_hal_rcc.o(i.HAL_RCC_ClockConfig)
    HAL_RCC_GetPCLK1Freq                     0x08001325   Thumb Code    20  stm32f4xx_hal_rcc.o(i.HAL_RCC_GetPCLK1Freq)
    HAL_RCC_GetPCLK2Freq                     0x08001345   Thumb Code    20  stm32f4xx_hal_rcc.o(i.HAL_RCC_GetPCLK2Freq)
    HAL_RCC_GetSysClockFreq                  0x08001365   Thumb Code    88  stm32f4xx_hal_rcc.o(i.HAL_RCC_GetSysClockFreq)
    HAL_RCC_OscConfig                        0x080013c5   Thumb Code   856  stm32f4xx_hal_rcc.o(i.HAL_RCC_OscConfig)
    HAL_SYSTICK_Config                       0x08001731   Thumb Code    40  stm32f4xx_hal_cortex.o(i.HAL_SYSTICK_Config)
    HAL_TIMEx_MasterConfigSynchronization    0x08001759   Thumb Code   116  stm32f4xx_hal_tim_ex.o(i.HAL_TIMEx_MasterConfigSynchronization)
    HAL_TIM_Base_Init                        0x080017e9   Thumb Code    90  stm32f4xx_hal_tim.o(i.HAL_TIM_Base_Init)
    HAL_TIM_Base_MspInit                     0x08001845   Thumb Code    30  stm32f4xx_hal_msp.o(i.HAL_TIM_Base_MspInit)
    HAL_TIM_ConfigClockSource                0x08001869   Thumb Code   220  stm32f4xx_hal_tim.o(i.HAL_TIM_ConfigClockSource)
    HAL_TIM_MspPostInit                      0x08001945   Thumb Code    68  stm32f4xx_hal_msp.o(i.HAL_TIM_MspPostInit)
    HAL_TIM_PWM_ConfigChannel                0x08001991   Thumb Code   204  stm32f4xx_hal_tim.o(i.HAL_TIM_PWM_ConfigChannel)
    HAL_TIM_PWM_Init                         0x08001a5d   Thumb Code    90  stm32f4xx_hal_tim.o(i.HAL_TIM_PWM_Init)
    HAL_TIM_PWM_MspInit                      0x08001ab7   Thumb Code     2  stm32f4xx_hal_tim.o(i.HAL_TIM_PWM_MspInit)
    HAL_UARTEx_RxEventCallback               0x08001ab9   Thumb Code     2  stm32f4xx_hal_uart.o(i.HAL_UARTEx_RxEventCallback)
    HAL_UART_ErrorCallback                   0x08001abb   Thumb Code     2  stm32f4xx_hal_uart.o(i.HAL_UART_ErrorCallback)
    HAL_UART_IRQHandler                      0x08001abd   Thumb Code   636  stm32f4xx_hal_uart.o(i.HAL_UART_IRQHandler)
    HAL_UART_Init                            0x08001d3d   Thumb Code   100  stm32f4xx_hal_uart.o(i.HAL_UART_Init)
    HAL_UART_MspInit                         0x08001da1   Thumb Code   194  stm32f4xx_hal_msp.o(i.HAL_UART_MspInit)
    HAL_UART_Receive_DMA                     0x08001e7d   Thumb Code    28  stm32f4xx_hal_uart.o(i.HAL_UART_Receive_DMA)
    HAL_UART_RxCpltCallback                  0x08001e99   Thumb Code   106  uart_dma.o(i.HAL_UART_RxCpltCallback)
    HAL_UART_RxHalfCpltCallback              0x08001f15   Thumb Code     2  stm32f4xx_hal_uart.o(i.HAL_UART_RxHalfCpltCallback)
    HAL_UART_TxCpltCallback                  0x08001f17   Thumb Code     2  stm32f4xx_hal_uart.o(i.HAL_UART_TxCpltCallback)
    HardFault_Handler                        0x08001f19   Thumb Code     2  stm32f4xx_it.o(i.HardFault_Handler)
    MemManage_Handler                        0x0800243d   Thumb Code     2  stm32f4xx_it.o(i.MemManage_Handler)
    NMI_Handler                              0x0800243f   Thumb Code     2  stm32f4xx_it.o(i.NMI_Handler)
    PCA9685_SetServoAngle                    0x08002509   Thumb Code   126  servo_pca9685.o(i.PCA9685_SetServoAngle)
    ServoPCA9685_Control                     0x08002599   Thumb Code    54  servo_pca9685.o(i.ServoPCA9685_Control)
    ServoTask_int                            0x080025d9   Thumb Code    12  main.o(i.ServoTask_int)
    StartDefaultTask                         0x080025e5   Thumb Code     8  main.o(i.StartDefaultTask)
    SysTick_Handler                          0x080025ed   Thumb Code    24  stm32f4xx_it.o(i.SysTick_Handler)
    SystemClock_Config                       0x08002605   Thumb Code   142  main.o(i.SystemClock_Config)
    SystemInit                               0x0800269d   Thumb Code    12  system_stm32f4xx.o(i.SystemInit)
    TIM_Base_SetConfig                       0x080026ad   Thumb Code   164  stm32f4xx_hal_tim.o(i.TIM_Base_SetConfig)
    TIM_ETR_SetConfig                        0x0800277d   Thumb Code    20  stm32f4xx_hal_tim.o(i.TIM_ETR_SetConfig)
    TIM_OC2_SetConfig                        0x08002801   Thumb Code    98  stm32f4xx_hal_tim.o(i.TIM_OC2_SetConfig)
    UART4_IRQHandler                         0x0800296d   Thumb Code     6  stm32f4xx_it.o(i.UART4_IRQHandler)
    UART_DMA_Init                            0x08002a75   Thumb Code    10  uart_dma.o(i.UART_DMA_Init)
    UART_Start_Receive_DMA                   0x08002cc1   Thumb Code   146  stm32f4xx_hal_uart.o(i.UART_Start_Receive_DMA)
    UsageFault_Handler                       0x08002d61   Thumb Code     2  stm32f4xx_it.o(i.UsageFault_Handler)
    main                                     0x08002d85   Thumb Code   184  main.o(i.main)
    osDelay                                  0x08002e65   Thumb Code    14  cmsis_os.o(i.osDelay)
    osKernelStart                            0x08002e73   Thumb Code    10  cmsis_os.o(i.osKernelStart)
    osThreadCreate                           0x08002e7d   Thumb Code    84  cmsis_os.o(i.osThreadCreate)
    pvPortMalloc                             0x0800321d   Thumb Code   216  heap_4.o(i.pvPortMalloc)
    pxPortInitialiseStack                    0x080032f9   Thumb Code    40  port.o(i.pxPortInitialiseStack)
    uxListRemove                             0x08003325   Thumb Code    38  list.o(i.uxListRemove)
    vApplicationGetIdleTaskMemory            0x0800334d   Thumb Code    16  freertos.o(i.vApplicationGetIdleTaskMemory)
    vListInitialise                          0x08003361   Thumb Code    22  list.o(i.vListInitialise)
    vListInitialiseItem                      0x08003377   Thumb Code     6  list.o(i.vListInitialiseItem)
    vListInsert                              0x0800337d   Thumb Code    48  list.o(i.vListInsert)
    vListInsertEnd                           0x080033ad   Thumb Code    24  list.o(i.vListInsertEnd)
    vPortEnterCritical                       0x080033c5   Thumb Code    54  port.o(i.vPortEnterCritical)
    vPortExitCritical                        0x08003405   Thumb Code    34  port.o(i.vPortExitCritical)
    vPortFree                                0x0800342d   Thumb Code    94  heap_4.o(i.vPortFree)
    vPortSetupTimerInterrupt                 0x08003491   Thumb Code    32  port.o(i.vPortSetupTimerInterrupt)
    vTaskDelay                               0x080034b5   Thumb Code    66  tasks.o(i.vTaskDelay)
    vTaskStartScheduler                      0x08003501   Thumb Code    90  tasks.o(i.vTaskStartScheduler)
    vTaskSuspendAll                          0x0800356d   Thumb Code    10  tasks.o(i.vTaskSuspendAll)
    vTaskSwitchContext                       0x0800357d   Thumb Code    82  tasks.o(i.vTaskSwitchContext)
    xPortStartScheduler                      0x080035d9   Thumb Code   222  port.o(i.xPortStartScheduler)
    xPortSysTickHandler                      0x080036cd   Thumb Code    38  port.o(i.xPortSysTickHandler)
    xTaskCreate                              0x080036f9   Thumb Code    90  tasks.o(i.xTaskCreate)
    xTaskCreateStatic                        0x08003753   Thumb Code    86  tasks.o(i.xTaskCreateStatic)
    xTaskGetSchedulerState                   0x080037a9   Thumb Code    22  tasks.o(i.xTaskGetSchedulerState)
    xTaskIncrementTick                       0x080037c5   Thumb Code   194  tasks.o(i.xTaskIncrementTick)
    xTaskResumeAll                           0x08003891   Thumb Code   182  tasks.o(i.xTaskResumeAll)
    _fp_init                                 0x08003955   Thumb Code    10  fpinit.o(x$fpl$fpinit)
    __fplib_config_fpu_vfp                   0x0800395d   Thumb Code     0  fpinit.o(x$fpl$fpinit)
    __fplib_config_pureend_doubles           0x0800395d   Thumb Code     0  fpinit.o(x$fpl$fpinit)
    AHBPrescTable                            0x080039a0   Data          16  system_stm32f4xx.o(.constdata)
    APBPrescTable                            0x080039b0   Data           8  system_stm32f4xx.o(.constdata)
    Region$$Table$$Base                      0x080039d0   Number         0  anon$$obj.o(Region$$Table)
    Region$$Table$$Limit                     0x080039f0   Number         0  anon$$obj.o(Region$$Table)
    defaultTaskHandle                        0x20000000   Data           4  main.o(.data)
    ServoTaskHandle                          0x20000004   Data           4  main.o(.data)
    uwTickFreq                               0x20000008   Data           1  stm32f4xx_hal.o(.data)
    uwTickPrio                               0x2000000c   Data           4  stm32f4xx_hal.o(.data)
    uwTick                                   0x20000010   Data           4  stm32f4xx_hal.o(.data)
    SystemCoreClock                          0x20000014   Data           4  system_stm32f4xx.o(.data)
    pxCurrentTCB                             0x20000018   Data           4  tasks.o(.data)
    servo                                    0x20000080   Data          18  servo_pca9685.o(.data)
    hi2c1                                    0x20000094   Data          84  main.o(.bss)
    htim2                                    0x200000e8   Data          72  main.o(.bss)
    huart4                                   0x20000130   Data          72  main.o(.bss)
    hdma_uart4_rx                            0x20000178   Data          96  main.o(.bss)
    angle                                    0x2000411c   Data          12  servo_pca9685.o(.bss)
    rx_buff                                  0x20004128   Data           9  uart_dma.o(.bss)
    __libspace_start                         0x20004134   Data          96  libspace.o(.bss)
    __temporary_stack_top$libspace           0x20004194   Data           0  libspace.o(.bss)



==============================================================================

Memory Map of the image

  Image Entry point : 0x08000189

  Load Region LR_IROM1 (Base: 0x08000000, Size: 0x00003a84, Max: 0x00100000, ABSOLUTE)

    Execution Region ER_IROM1 (Exec base: 0x08000000, Load base: 0x08000000, Size: 0x000039f0, Max: 0x00100000, ABSOLUTE)

    Exec Addr    Load Addr    Size         Type   Attr      Idx    E Section Name        Object

    0x08000000   0x08000000   0x00000188   Data   RO            3    RESET               startup_stm32f407xx.o
    0x08000188   0x08000188   0x00000008   Code   RO         4822  * !!!main             c_w.l(__main.o)
    0x08000190   0x08000190   0x00000034   Code   RO         4991    !!!scatter          c_w.l(__scatter.o)
    0x080001c4   0x080001c4   0x0000001a   Code   RO         4993    !!handler_copy      c_w.l(__scatter_copy.o)
    0x080001de   0x080001de   0x00000002   PAD
    0x080001e0   0x080001e0   0x0000001c   Code   RO         4995    !!handler_zi        c_w.l(__scatter_zi.o)
    0x080001fc   0x080001fc   0x00000002   Code   RO         4861    .ARM.Collect$$libinit$$00000000  c_w.l(libinit.o)
    0x080001fe   0x080001fe   0x00000004   Code   RO         4873    .ARM.Collect$$libinit$$00000001  c_w.l(libinit2.o)
    0x08000202   0x08000202   0x00000000   Code   RO         4876    .ARM.Collect$$libinit$$00000004  c_w.l(libinit2.o)
    0x08000202   0x08000202   0x00000000   Code   RO         4879    .ARM.Collect$$libinit$$0000000A  c_w.l(libinit2.o)
    0x08000202   0x08000202   0x00000000   Code   RO         4881    .ARM.Collect$$libinit$$0000000C  c_w.l(libinit2.o)
    0x08000202   0x08000202   0x00000000   Code   RO         4883    .ARM.Collect$$libinit$$0000000E  c_w.l(libinit2.o)
    0x08000202   0x08000202   0x00000000   Code   RO         4886    .ARM.Collect$$libinit$$00000011  c_w.l(libinit2.o)
    0x08000202   0x08000202   0x00000000   Code   RO         4888    .ARM.Collect$$libinit$$00000013  c_w.l(libinit2.o)
    0x08000202   0x08000202   0x00000000   Code   RO         4890    .ARM.Collect$$libinit$$00000015  c_w.l(libinit2.o)
    0x08000202   0x08000202   0x00000000   Code   RO         4892    .ARM.Collect$$libinit$$00000017  c_w.l(libinit2.o)
    0x08000202   0x08000202   0x00000000   Code   RO         4894    .ARM.Collect$$libinit$$00000019  c_w.l(libinit2.o)
    0x08000202   0x08000202   0x00000000   Code   RO         4896    .ARM.Collect$$libinit$$0000001B  c_w.l(libinit2.o)
    0x08000202   0x08000202   0x00000000   Code   RO         4898    .ARM.Collect$$libinit$$0000001D  c_w.l(libinit2.o)
    0x08000202   0x08000202   0x00000000   Code   RO         4900    .ARM.Collect$$libinit$$0000001F  c_w.l(libinit2.o)
    0x08000202   0x08000202   0x00000000   Code   RO         4902    .ARM.Collect$$libinit$$00000021  c_w.l(libinit2.o)
    0x08000202   0x08000202   0x00000000   Code   RO         4904    .ARM.Collect$$libinit$$00000023  c_w.l(libinit2.o)
    0x08000202   0x08000202   0x00000000   Code   RO         4906    .ARM.Collect$$libinit$$00000025  c_w.l(libinit2.o)
    0x08000202   0x08000202   0x00000000   Code   RO         4910    .ARM.Collect$$libinit$$0000002C  c_w.l(libinit2.o)
    0x08000202   0x08000202   0x00000000   Code   RO         4912    .ARM.Collect$$libinit$$0000002E  c_w.l(libinit2.o)
    0x08000202   0x08000202   0x00000000   Code   RO         4914    .ARM.Collect$$libinit$$00000030  c_w.l(libinit2.o)
    0x08000202   0x08000202   0x00000000   Code   RO         4916    .ARM.Collect$$libinit$$00000032  c_w.l(libinit2.o)
    0x08000202   0x08000202   0x00000002   Code   RO         4917    .ARM.Collect$$libinit$$00000033  c_w.l(libinit2.o)
    0x08000204   0x08000204   0x00000002   Code   RO         4948    .ARM.Collect$$libshutdown$$00000000  c_w.l(libshutdown.o)
    0x08000206   0x08000206   0x00000000   Code   RO         4974    .ARM.Collect$$libshutdown$$00000002  c_w.l(libshutdown2.o)
    0x08000206   0x08000206   0x00000000   Code   RO         4976    .ARM.Collect$$libshutdown$$00000004  c_w.l(libshutdown2.o)
    0x08000206   0x08000206   0x00000000   Code   RO         4979    .ARM.Collect$$libshutdown$$00000007  c_w.l(libshutdown2.o)
    0x08000206   0x08000206   0x00000000   Code   RO         4982    .ARM.Collect$$libshutdown$$0000000A  c_w.l(libshutdown2.o)
    0x08000206   0x08000206   0x00000000   Code   RO         4984    .ARM.Collect$$libshutdown$$0000000C  c_w.l(libshutdown2.o)
    0x08000206   0x08000206   0x00000000   Code   RO         4987    .ARM.Collect$$libshutdown$$0000000F  c_w.l(libshutdown2.o)
    0x08000206   0x08000206   0x00000002   Code   RO         4988    .ARM.Collect$$libshutdown$$00000010  c_w.l(libshutdown2.o)
    0x08000208   0x08000208   0x00000000   Code   RO         4824    .ARM.Collect$$rtentry$$00000000  c_w.l(__rtentry.o)
    0x08000208   0x08000208   0x00000000   Code   RO         4832    .ARM.Collect$$rtentry$$00000002  c_w.l(__rtentry2.o)
    0x08000208   0x08000208   0x00000006   Code   RO         4844    .ARM.Collect$$rtentry$$00000004  c_w.l(__rtentry4.o)
    0x0800020e   0x0800020e   0x00000000   Code   RO         4834    .ARM.Collect$$rtentry$$00000009  c_w.l(__rtentry2.o)
    0x0800020e   0x0800020e   0x00000004   Code   RO         4835    .ARM.Collect$$rtentry$$0000000A  c_w.l(__rtentry2.o)
    0x08000212   0x08000212   0x00000000   Code   RO         4837    .ARM.Collect$$rtentry$$0000000C  c_w.l(__rtentry2.o)
    0x08000212   0x08000212   0x00000008   Code   RO         4838    .ARM.Collect$$rtentry$$0000000D  c_w.l(__rtentry2.o)
    0x0800021a   0x0800021a   0x00000002   Code   RO         4865    .ARM.Collect$$rtexit$$00000000  c_w.l(rtexit.o)
    0x0800021c   0x0800021c   0x00000000   Code   RO         4921    .ARM.Collect$$rtexit$$00000002  c_w.l(rtexit2.o)
    0x0800021c   0x0800021c   0x00000004   Code   RO         4922    .ARM.Collect$$rtexit$$00000003  c_w.l(rtexit2.o)
    0x08000220   0x08000220   0x00000006   Code   RO         4923    .ARM.Collect$$rtexit$$00000004  c_w.l(rtexit2.o)
    0x08000226   0x08000226   0x00000002   PAD
    0x08000228   0x08000228   0x000000be   Code   RO         4616    .emb_text           port.o
    0x080002e6   0x080002e6   0x00000002   PAD
    0x080002e8   0x080002e8   0x00000040   Code   RO            4    .text               startup_stm32f407xx.o
    0x08000328   0x08000328   0x000000ee   Code   RO         4810    .text               c_w.l(lludivv7m.o)
    0x08000416   0x08000416   0x00000064   Code   RO         4814    .text               c_w.l(rt_memcpy_w.o)
    0x0800047a   0x0800047a   0x0000004e   Code   RO         4818    .text               c_w.l(rt_memclr_w.o)
    0x080004c8   0x080004c8   0x00000006   Code   RO         4820    .text               c_w.l(heapauxi.o)
    0x080004ce   0x080004ce   0x0000004a   Code   RO         4848    .text               c_w.l(sys_stackheap_outer.o)
    0x08000518   0x08000518   0x00000012   Code   RO         4850    .text               c_w.l(exit.o)
    0x0800052a   0x0800052a   0x00000002   PAD
    0x0800052c   0x0800052c   0x00000008   Code   RO         4862    .text               c_w.l(libspace.o)
    0x08000534   0x08000534   0x0000000c   Code   RO         4918    .text               c_w.l(sys_exit.o)
    0x08000540   0x08000540   0x00000002   Code   RO         4937    .text               c_w.l(use_no_semi.o)
    0x08000542   0x08000542   0x00000000   Code   RO         4939    .text               c_w.l(indicate_semi.o)
    0x08000542   0x08000542   0x00000002   Code   RO          277    i.BusFault_Handler  stm32f4xx_it.o
    0x08000544   0x08000544   0x0000000c   Code   RO          278    i.DMA1_Stream2_IRQHandler  stm32f4xx_it.o
    0x08000550   0x08000550   0x00000028   Code   RO          879    i.DMA_CalcBaseAndBitshift  stm32f4xx_hal_dma.o
    0x08000578   0x08000578   0x00000054   Code   RO          880    i.DMA_CheckFifoParam  stm32f4xx_hal_dma.o
    0x080005cc   0x080005cc   0x00000028   Code   RO          881    i.DMA_SetConfig     stm32f4xx_hal_dma.o
    0x080005f4   0x080005f4   0x00000002   Code   RO          279    i.DebugMon_Handler  stm32f4xx_it.o
    0x080005f6   0x080005f6   0x00000004   Code   RO           13    i.Error_Handler     main.o
    0x080005fa   0x080005fa   0x00000092   Code   RO          882    i.HAL_DMA_Abort     stm32f4xx_hal_dma.o
    0x0800068c   0x0800068c   0x00000024   Code   RO          883    i.HAL_DMA_Abort_IT  stm32f4xx_hal_dma.o
    0x080006b0   0x080006b0   0x000001a0   Code   RO          887    i.HAL_DMA_IRQHandler  stm32f4xx_hal_dma.o
    0x08000850   0x08000850   0x000000d4   Code   RO          888    i.HAL_DMA_Init      stm32f4xx_hal_dma.o
    0x08000924   0x08000924   0x0000006e   Code   RO          892    i.HAL_DMA_Start_IT  stm32f4xx_hal_dma.o
    0x08000992   0x08000992   0x00000002   PAD
    0x08000994   0x08000994   0x000001f0   Code   RO          775    i.HAL_GPIO_Init     stm32f4xx_hal_gpio.o
    0x08000b84   0x08000b84   0x0000000c   Code   RO         1325    i.HAL_GetTick       stm32f4xx_hal.o
    0x08000b90   0x08000b90   0x00000188   Code   RO         1581    i.HAL_I2C_Init      stm32f4xx_hal_i2c.o
    0x08000d18   0x08000d18   0x00000204   Code   RO         1599    i.HAL_I2C_Mem_Read  stm32f4xx_hal_i2c.o
    0x08000f1c   0x08000f1c   0x00000130   Code   RO         1602    i.HAL_I2C_Mem_Write  stm32f4xx_hal_i2c.o
    0x0800104c   0x0800104c   0x00000068   Code   RO          354    i.HAL_I2C_MspInit   stm32f4xx_hal_msp.o
    0x080010b4   0x080010b4   0x00000010   Code   RO         1331    i.HAL_IncTick       stm32f4xx_hal.o
    0x080010c4   0x080010c4   0x00000034   Code   RO         1332    i.HAL_Init          stm32f4xx_hal.o
    0x080010f8   0x080010f8   0x00000040   Code   RO         1333    i.HAL_InitTick      stm32f4xx_hal.o
    0x08001138   0x08001138   0x00000038   Code   RO          355    i.HAL_MspInit       stm32f4xx_hal_msp.o
    0x08001170   0x08001170   0x0000001a   Code   RO         1167    i.HAL_NVIC_EnableIRQ  stm32f4xx_hal_cortex.o
    0x0800118a   0x0800118a   0x00000002   PAD
    0x0800118c   0x0800118c   0x00000040   Code   RO         1173    i.HAL_NVIC_SetPriority  stm32f4xx_hal_cortex.o
    0x080011cc   0x080011cc   0x00000024   Code   RO         1174    i.HAL_NVIC_SetPriorityGrouping  stm32f4xx_hal_cortex.o
    0x080011f0   0x080011f0   0x00000134   Code   RO          421    i.HAL_RCC_ClockConfig  stm32f4xx_hal_rcc.o
    0x08001324   0x08001324   0x00000020   Code   RO          428    i.HAL_RCC_GetPCLK1Freq  stm32f4xx_hal_rcc.o
    0x08001344   0x08001344   0x00000020   Code   RO          429    i.HAL_RCC_GetPCLK2Freq  stm32f4xx_hal_rcc.o
    0x08001364   0x08001364   0x00000060   Code   RO          430    i.HAL_RCC_GetSysClockFreq  stm32f4xx_hal_rcc.o
    0x080013c4   0x080013c4   0x0000036c   Code   RO          433    i.HAL_RCC_OscConfig  stm32f4xx_hal_rcc.o
    0x08001730   0x08001730   0x00000028   Code   RO         1178    i.HAL_SYSTICK_Config  stm32f4xx_hal_cortex.o
    0x08001758   0x08001758   0x00000090   Code   RO         2750    i.HAL_TIMEx_MasterConfigSynchronization  stm32f4xx_hal_tim_ex.o
    0x080017e8   0x080017e8   0x0000005a   Code   RO         2027    i.HAL_TIM_Base_Init  stm32f4xx_hal_tim.o
    0x08001842   0x08001842   0x00000002   PAD
    0x08001844   0x08001844   0x00000024   Code   RO          357    i.HAL_TIM_Base_MspInit  stm32f4xx_hal_msp.o
    0x08001868   0x08001868   0x000000dc   Code   RO         2036    i.HAL_TIM_ConfigClockSource  stm32f4xx_hal_tim.o
    0x08001944   0x08001944   0x0000004c   Code   RO          358    i.HAL_TIM_MspPostInit  stm32f4xx_hal_msp.o
    0x08001990   0x08001990   0x000000cc   Code   RO         2099    i.HAL_TIM_PWM_ConfigChannel  stm32f4xx_hal_tim.o
    0x08001a5c   0x08001a5c   0x0000005a   Code   RO         2102    i.HAL_TIM_PWM_Init  stm32f4xx_hal_tim.o
    0x08001ab6   0x08001ab6   0x00000002   Code   RO         2104    i.HAL_TIM_PWM_MspInit  stm32f4xx_hal_tim.o
    0x08001ab8   0x08001ab8   0x00000002   Code   RO         3010    i.HAL_UARTEx_RxEventCallback  stm32f4xx_hal_uart.o
    0x08001aba   0x08001aba   0x00000002   Code   RO         3024    i.HAL_UART_ErrorCallback  stm32f4xx_hal_uart.o
    0x08001abc   0x08001abc   0x00000280   Code   RO         3027    i.HAL_UART_IRQHandler  stm32f4xx_hal_uart.o
    0x08001d3c   0x08001d3c   0x00000064   Code   RO         3028    i.HAL_UART_Init     stm32f4xx_hal_uart.o
    0x08001da0   0x08001da0   0x000000dc   Code   RO          360    i.HAL_UART_MspInit  stm32f4xx_hal_msp.o
    0x08001e7c   0x08001e7c   0x0000001c   Code   RO         3032    i.HAL_UART_Receive_DMA  stm32f4xx_hal_uart.o
    0x08001e98   0x08001e98   0x0000007c   Code   RO         4775    i.HAL_UART_RxCpltCallback  uart_dma.o
    0x08001f14   0x08001f14   0x00000002   Code   RO         3035    i.HAL_UART_RxHalfCpltCallback  stm32f4xx_hal_uart.o
    0x08001f16   0x08001f16   0x00000002   Code   RO         3039    i.HAL_UART_TxCpltCallback  stm32f4xx_hal_uart.o
    0x08001f18   0x08001f18   0x00000002   Code   RO          280    i.HardFault_Handler  stm32f4xx_it.o
    0x08001f1a   0x08001f1a   0x0000002e   Code   RO         1624    i.I2C_IsAcknowledgeFailed  stm32f4xx_hal_i2c.o
    0x08001f48   0x08001f48   0x000000fc   Code   RO         1634    i.I2C_RequestMemoryRead  stm32f4xx_hal_i2c.o
    0x08002044   0x08002044   0x000000a8   Code   RO         1635    i.I2C_RequestMemoryWrite  stm32f4xx_hal_i2c.o
    0x080020ec   0x080020ec   0x00000056   Code   RO         1639    i.I2C_WaitOnBTFFlagUntilTimeout  stm32f4xx_hal_i2c.o
    0x08002142   0x08002142   0x00000002   PAD
    0x08002144   0x08002144   0x00000090   Code   RO         1640    i.I2C_WaitOnFlagUntilTimeout  stm32f4xx_hal_i2c.o
    0x080021d4   0x080021d4   0x000000bc   Code   RO         1641    i.I2C_WaitOnMasterAddressFlagUntilTimeout  stm32f4xx_hal_i2c.o
    0x08002290   0x08002290   0x00000070   Code   RO         1642    i.I2C_WaitOnRXNEFlagUntilTimeout  stm32f4xx_hal_i2c.o
    0x08002300   0x08002300   0x00000056   Code   RO         1643    i.I2C_WaitOnTXEFlagUntilTimeout  stm32f4xx_hal_i2c.o
    0x08002356   0x08002356   0x00000002   PAD
    0x08002358   0x08002358   0x0000004c   Code   RO           14    i.MX_GPIO_Init      main.o
    0x080023a4   0x080023a4   0x00000098   Code   RO           15    i.MX_TIM2_Init      main.o
    0x0800243c   0x0800243c   0x00000002   Code   RO          281    i.MemManage_Handler  stm32f4xx_it.o
    0x0800243e   0x0800243e   0x00000002   Code   RO          282    i.NMI_Handler       stm32f4xx_it.o
    0x08002440   0x08002440   0x00000070   Code   RO         4728    i.PCA9685_Init      servo_pca9685.o
    0x080024b0   0x080024b0   0x00000058   Code   RO         4729    i.PCA9685_SetBit    servo_pca9685.o
    0x08002508   0x08002508   0x00000090   Code   RO         4730    i.PCA9685_SetServoAngle  servo_pca9685.o
    0x08002598   0x08002598   0x00000040   Code   RO         4731    i.ServoPCA9685_Control  servo_pca9685.o
    0x080025d8   0x080025d8   0x0000000c   Code   RO           16    i.ServoTask_int     main.o
    0x080025e4   0x080025e4   0x00000008   Code   RO           17    i.StartDefaultTask  main.o
    0x080025ec   0x080025ec   0x00000018   Code   RO          283    i.SysTick_Handler   stm32f4xx_it.o
    0x08002604   0x08002604   0x00000098   Code   RO           18    i.SystemClock_Config  main.o
    0x0800269c   0x0800269c   0x00000010   Code   RO         3362    i.SystemInit        system_stm32f4xx.o
    0x080026ac   0x080026ac   0x000000d0   Code   RO         2120    i.TIM_Base_SetConfig  stm32f4xx_hal_tim.o
    0x0800277c   0x0800277c   0x00000014   Code   RO         2131    i.TIM_ETR_SetConfig  stm32f4xx_hal_tim.o
    0x08002790   0x08002790   0x00000010   Code   RO         2132    i.TIM_ITRx_SetConfig  stm32f4xx_hal_tim.o
    0x080027a0   0x080027a0   0x00000060   Code   RO         2133    i.TIM_OC1_SetConfig  stm32f4xx_hal_tim.o
    0x08002800   0x08002800   0x0000006c   Code   RO         2134    i.TIM_OC2_SetConfig  stm32f4xx_hal_tim.o
    0x0800286c   0x0800286c   0x00000068   Code   RO         2135    i.TIM_OC3_SetConfig  stm32f4xx_hal_tim.o
    0x080028d4   0x080028d4   0x00000050   Code   RO         2136    i.TIM_OC4_SetConfig  stm32f4xx_hal_tim.o
    0x08002924   0x08002924   0x00000022   Code   RO         2138    i.TIM_TI1_ConfigInputStage  stm32f4xx_hal_tim.o
    0x08002946   0x08002946   0x00000024   Code   RO         2140    i.TIM_TI2_ConfigInputStage  stm32f4xx_hal_tim.o
    0x0800296a   0x0800296a   0x00000002   PAD
    0x0800296c   0x0800296c   0x0000000c   Code   RO          284    i.UART4_IRQHandler  stm32f4xx_it.o
    0x08002978   0x08002978   0x0000000e   Code   RO         3041    i.UART_DMAAbortOnError  stm32f4xx_hal_uart.o
    0x08002986   0x08002986   0x0000004a   Code   RO         3042    i.UART_DMAError     stm32f4xx_hal_uart.o
    0x080029d0   0x080029d0   0x00000086   Code   RO         3043    i.UART_DMAReceiveCplt  stm32f4xx_hal_uart.o
    0x08002a56   0x08002a56   0x0000001e   Code   RO         3045    i.UART_DMARxHalfCplt  stm32f4xx_hal_uart.o
    0x08002a74   0x08002a74   0x00000014   Code   RO         4776    i.UART_DMA_Init     uart_dma.o
    0x08002a88   0x08002a88   0x0000004e   Code   RO         3051    i.UART_EndRxTransfer  stm32f4xx_hal_uart.o
    0x08002ad6   0x08002ad6   0x0000001c   Code   RO         3052    i.UART_EndTxTransfer  stm32f4xx_hal_uart.o
    0x08002af2   0x08002af2   0x000000c2   Code   RO         3053    i.UART_Receive_IT   stm32f4xx_hal_uart.o
    0x08002bb4   0x08002bb4   0x0000010c   Code   RO         3054    i.UART_SetConfig    stm32f4xx_hal_uart.o
    0x08002cc0   0x08002cc0   0x000000a0   Code   RO         3055    i.UART_Start_Receive_DMA  stm32f4xx_hal_uart.o
    0x08002d60   0x08002d60   0x00000002   Code   RO          285    i.UsageFault_Handler  stm32f4xx_it.o
    0x08002d62   0x08002d62   0x00000020   Code   RO         1180    i.__NVIC_SetPriority  stm32f4xx_hal_cortex.o
    0x08002d82   0x08002d82   0x00000002   PAD
    0x08002d84   0x08002d84   0x000000d4   Code   RO           19    i.main              main.o
    0x08002e58   0x08002e58   0x0000000c   Code   RO         4182    i.makeFreeRtosPriority  cmsis_os.o
    0x08002e64   0x08002e64   0x0000000e   Code   RO         4184    i.osDelay           cmsis_os.o
    0x08002e72   0x08002e72   0x0000000a   Code   RO         4187    i.osKernelStart     cmsis_os.o
    0x08002e7c   0x08002e7c   0x00000054   Code   RO         4221    i.osThreadCreate    cmsis_os.o
    0x08002ed0   0x08002ed0   0x00000070   Code   RO         3864    i.prvAddCurrentTaskToDelayedList  tasks.o
    0x08002f40   0x08002f40   0x000000d0   Code   RO         3865    i.prvAddNewTaskToReadyList  tasks.o
    0x08003010   0x08003010   0x00000034   Code   RO         3866    i.prvDeleteTCB      tasks.o
    0x08003044   0x08003044   0x0000004c   Code   RO         4549    i.prvHeapInit       heap_4.o
    0x08003090   0x08003090   0x00000060   Code   RO         3867    i.prvIdleTask       tasks.o
    0x080030f0   0x080030f0   0x00000098   Code   RO         3868    i.prvInitialiseNewTask  tasks.o
    0x08003188   0x08003188   0x0000004c   Code   RO         4550    i.prvInsertBlockIntoFreeList  heap_4.o
    0x080031d4   0x080031d4   0x00000020   Code   RO         3869    i.prvResetNextTaskUnblockTime  tasks.o
    0x080031f4   0x080031f4   0x00000028   Code   RO         4617    i.prvTaskExitError  port.o
    0x0800321c   0x0800321c   0x000000dc   Code   RO         4551    i.pvPortMalloc      heap_4.o
    0x080032f8   0x080032f8   0x0000002c   Code   RO         4618    i.pxPortInitialiseStack  port.o
    0x08003324   0x08003324   0x00000026   Code   RO         3500    i.uxListRemove      list.o
    0x0800334a   0x0800334a   0x00000002   PAD
    0x0800334c   0x0800334c   0x00000014   Code   RO          236    i.vApplicationGetIdleTaskMemory  freertos.o
    0x08003360   0x08003360   0x00000016   Code   RO         3501    i.vListInitialise   list.o
    0x08003376   0x08003376   0x00000006   Code   RO         3502    i.vListInitialiseItem  list.o
    0x0800337c   0x0800337c   0x00000030   Code   RO         3503    i.vListInsert       list.o
    0x080033ac   0x080033ac   0x00000018   Code   RO         3504    i.vListInsertEnd    list.o
    0x080033c4   0x080033c4   0x00000040   Code   RO         4620    i.vPortEnterCritical  port.o
    0x08003404   0x08003404   0x00000028   Code   RO         4621    i.vPortExitCritical  port.o
    0x0800342c   0x0800342c   0x00000064   Code   RO         4552    i.vPortFree         heap_4.o
    0x08003490   0x08003490   0x00000024   Code   RO         4622    i.vPortSetupTimerInterrupt  port.o
    0x080034b4   0x080034b4   0x0000004c   Code   RO         3878    i.vTaskDelay        tasks.o
    0x08003500   0x08003500   0x0000006c   Code   RO         3891    i.vTaskStartScheduler  tasks.o
    0x0800356c   0x0800356c   0x00000010   Code   RO         3893    i.vTaskSuspendAll   tasks.o
    0x0800357c   0x0800357c   0x0000005c   Code   RO         3894    i.vTaskSwitchContext  tasks.o
    0x080035d8   0x080035d8   0x000000f4   Code   RO         4624    i.xPortStartScheduler  port.o
    0x080036cc   0x080036cc   0x0000002c   Code   RO         4625    i.xPortSysTickHandler  port.o
    0x080036f8   0x080036f8   0x0000005a   Code   RO         3897    i.xTaskCreate       tasks.o
    0x08003752   0x08003752   0x00000056   Code   RO         3898    i.xTaskCreateStatic  tasks.o
    0x080037a8   0x080037a8   0x0000001c   Code   RO         3902    i.xTaskGetSchedulerState  tasks.o
    0x080037c4   0x080037c4   0x000000cc   Code   RO         3905    i.xTaskIncrementTick  tasks.o
    0x08003890   0x08003890   0x000000c4   Code   RO         3911    i.xTaskResumeAll    tasks.o
    0x08003954   0x08003954   0x0000000a   Code   RO         4933    x$fpl$fpinit        fz_wm.l(fpinit.o)
    0x0800395e   0x0800395e   0x00000002   PAD
    0x08003960   0x08003960   0x00000038   Data   RO           22    .constdata          main.o
    0x08003998   0x08003998   0x00000008   Data   RO          894    .constdata          stm32f4xx_hal_dma.o
    0x080039a0   0x080039a0   0x00000010   Data   RO         3363    .constdata          system_stm32f4xx.o
    0x080039b0   0x080039b0   0x00000008   Data   RO         3364    .constdata          system_stm32f4xx.o
    0x080039b8   0x080039b8   0x00000018   Data   RO           23    .conststring        main.o
    0x080039d0   0x080039d0   0x00000020   Data   RO         4989    Region$$Table       anon$$obj.o


    Execution Region RW_IRAM1 (Exec base: 0x20000000, Load base: 0x080039f0, Size: 0x00004798, Max: 0x0001c000, ABSOLUTE)

    Exec Addr    Load Addr    Size         Type   Attr      Idx    E Section Name        Object

    0x20000000   0x080039f0   0x00000008   Data   RW           24    .data               main.o
    0x20000008   0x080039f8   0x0000000c   Data   RW         1339    .data               stm32f4xx_hal.o
    0x20000014   0x08003a04   0x00000004   Data   RW         3365    .data               system_stm32f4xx.o
    0x20000018   0x08003a08   0x0000003c   Data   RW         3914    .data               tasks.o
    0x20000054   0x08003a44   0x00000020   Data   RW         4558    .data               heap_4.o
    0x20000074   0x08003a64   0x0000000c   Data   RW         4626    .data               port.o
    0x20000080   0x08003a70   0x00000012   Data   RW         4733    .data               servo_pca9685.o
    0x20000092   0x08003a82   0x00000002   PAD
    0x20000094        -       0x000000e4   Zero   RW           20    .bss                main.o
    0x20000178        -       0x00000060   Zero   RW           21    .bss                main.o
    0x200001d8        -       0x00000254   Zero   RW          237    .bss                freertos.o
    0x2000042c        -       0x000000f0   Zero   RW         3913    .bss                tasks.o
    0x2000051c        -       0x00003c00   Zero   RW         4557    .bss                heap_4.o
    0x2000411c        -       0x0000000c   Zero   RW         4732    .bss                servo_pca9685.o
    0x20004128        -       0x00000009   Zero   RW         4777    .bss                uart_dma.o
    0x20004131   0x08003a82   0x00000003   PAD
    0x20004134        -       0x00000060   Zero   RW         4863    .bss                c_w.l(libspace.o)
    0x20004194   0x08003a82   0x00000004   PAD
    0x20004198        -       0x00000200   Zero   RW            2    HEAP                startup_stm32f407xx.o
    0x20004398        -       0x00000400   Zero   RW            1    STACK               startup_stm32f407xx.o


    Execution Region RW_IRAM2 (Exec base: 0x2001c000, Load base: 0x08003a84, Size: 0x00000000, Max: 0x00004000, ABSOLUTE)

    **** No section assigned to this execution region ****


==============================================================================

Image component sizes


      Code (inc. data)   RO Data    RW Data    ZI Data      Debug   Object Name

       120          0          0          0          0      23569   cmsis_os.o
         0          0          0          0          0      17012   event_groups.o
        20          4          0          0        596       1328   freertos.o
       472         24          0         32      15360       7631   heap_4.o
       138          0          0          0          0       3726   list.o
       616         50         80          8        324     737092   main.o
       702         72          0         12          0      11336   port.o
       408         44          0         18         12       4001   servo_pca9685.o
        64         26        392          0       1536        876   startup_stm32f407xx.o
       144         24          0         12          0       8989   stm32f4xx_hal.o
       198         14          0          0          0      33999   stm32f4xx_hal_cortex.o
      1084         16          8          0          0       7626   stm32f4xx_hal_dma.o
       496         46          0          0          0       1596   stm32f4xx_hal_gpio.o
      2294         52          0          0          0      13574   stm32f4xx_hal_i2c.o
       492         56          0          0          0       3932   stm32f4xx_hal_msp.o
      1344         72          0          0          0       5444   stm32f4xx_hal_rcc.o
      1308         80          0          0          0      12056   stm32f4xx_hal_tim.o
       144         28          0          0          0       1436   stm32f4xx_hal_tim_ex.o
      1756         28          0          0          0      13140   stm32f4xx_hal_uart.o
        60         12          0          0          0       4540   stm32f4xx_it.o
         0          0          0          0          0        392   stream_buffer.o
        16          4         24          4          0       1223   system_stm32f4xx.o
      1548        118          0         60        240      20691   tasks.o
       144         28          0          0          9       1516   uart_dma.o

    ----------------------------------------------------------------------
     13586        798        536        148      18080     936725   Object Totals
         0          0         32          0          0          0   (incl. Generated)
        18          0          0          2          3          0   (incl. Padding)

    ----------------------------------------------------------------------

      Code (inc. data)   RO Data    RW Data    ZI Data      Debug   Library Member Name

         8          0          0          0          0         68   __main.o
         0          0          0          0          0          0   __rtentry.o
        12          0          0          0          0          0   __rtentry2.o
         6          0          0          0          0          0   __rtentry4.o
        52          8          0          0          0          0   __scatter.o
        26          0          0          0          0          0   __scatter_copy.o
        28          0          0          0          0          0   __scatter_zi.o
        18          0          0          0          0         80   exit.o
         6          0          0          0          0        152   heapauxi.o
         0          0          0          0          0          0   indicate_semi.o
         2          0          0          0          0          0   libinit.o
         6          0          0          0          0          0   libinit2.o
         2          0          0          0          0          0   libshutdown.o
         2          0          0          0          0          0   libshutdown2.o
         8          4          0          0         96         68   libspace.o
       238          0          0          0          0        100   lludivv7m.o
        78          0          0          0          0         80   rt_memclr_w.o
       100          0          0          0          0         80   rt_memcpy_w.o
         2          0          0          0          0          0   rtexit.o
        10          0          0          0          0          0   rtexit2.o
        12          4          0          0          0         68   sys_exit.o
        74          0          0          0          0         80   sys_stackheap_outer.o
         2          0          0          0          0         68   use_no_semi.o
        10          0          0          0          0        116   fpinit.o

    ----------------------------------------------------------------------
       710         16          0          0        100        960   Library Totals
         8          0          0          0          4          0   (incl. Padding)

    ----------------------------------------------------------------------

      Code (inc. data)   RO Data    RW Data    ZI Data      Debug   Library Name

       692         16          0          0         96        844   c_w.l
        10          0          0          0          0        116   fz_wm.l

    ----------------------------------------------------------------------
       710         16          0          0        100        960   Library Totals

    ----------------------------------------------------------------------

==============================================================================


      Code (inc. data)   RO Data    RW Data    ZI Data      Debug   

     14296        814        536        148      18180     925073   Grand Totals
     14296        814        536        148      18180     925073   ELF Image Totals
     14296        814        536        148          0          0   ROM Totals

==============================================================================

    Total RO  Size (Code + RO Data)                14832 (  14.48kB)
    Total RW  Size (RW Data + ZI Data)             18328 (  17.90kB)
    Total ROM Size (Code + RO Data + RW Data)      14980 (  14.63kB)

==============================================================================

