<html>
<body>
<pre>
<h1>µVision Build Log</h1>
<h2>Tool Versions:</h2>
IDE-Version: µVision V5.25.2.0
Copyright (C) 2018 ARM Ltd and ARM Germany GmbH. All rights reserved.
License Information: an DELL PC, an, LIC=----
 
Tool Versions:
Toolchain:       MDK-Lite  Version: 5.25.2.0
Toolchain Path:  C:\Keil_v5\ARM\ARMCC\Bin
C Compiler:      Armcc.exe V5.06 update 6 (build 750)
Assembler:       Armasm.exe V5.06 update 6 (build 750)
Linker/Locator:  ArmLink.exe V5.06 update 6 (build 750)
Library Manager: ArmAr.exe V5.06 update 6 (build 750)
Hex Converter:   FromElf.exe V5.06 update 6 (build 750)
CPU DLL:         SARMCM3.DLL V5.25.2.0
Dialog DLL:      DCM.DLL V1.17.1.0
Target DLL:      STLink\ST-LINKIII-KEIL_SWO.dll V3.0.1.0
Dialog DLL:      TCM.DLL V1.35.1.0
 
<h2>Project:</h2>
D:\Automation\Final\quadruped-robot\Software\Components\Servo\Servo\MDK-ARM\Servo.uvprojx
Project File Date:  01/15/2026

<h2>Output:</h2>
*** Using Compiler 'V5.06 update 6 (build 750)', folder: 'C:\Keil_v5\ARM\ARMCC\Bin'
Build target 'Servo'
compiling stm32f4xx_hal_msp.c...
../MDK-ARM/servo_timer.h(9): warning:  #1-D: last line of file ends without a newline
  #endif 
../MDK-ARM/servo_pca9685.h(15): warning:  #1-D: last line of file ends without a newline
  #endif 
../MDK-ARM/uart_dma.h(7): warning:  #1-D: last line of file ends without a newline
  #endif 
../MDK-ARM/components.h(8): warning:  #1-D: last line of file ends without a newline
  #endif 
../Core/Src/stm32f4xx_hal_msp.c: 4 warnings, 0 errors
compiling stm32f4xx_it.c...
../MDK-ARM/servo_timer.h(9): warning:  #1-D: last line of file ends without a newline
  #endif 
../MDK-ARM/servo_pca9685.h(15): warning:  #1-D: last line of file ends without a newline
  #endif 
../MDK-ARM/uart_dma.h(7): warning:  #1-D: last line of file ends without a newline
  #endif 
../MDK-ARM/components.h(8): warning:  #1-D: last line of file ends without a newline
  #endif 
../Core/Src/stm32f4xx_it.c: 4 warnings, 0 errors
compiling main.c...
../MDK-ARM/servo_timer.h(9): warning:  #1-D: last line of file ends without a newline
  #endif 
../MDK-ARM/servo_pca9685.h(15): warning:  #1-D: last line of file ends without a newline
  #endif 
../MDK-ARM/uart_dma.h(7): warning:  #1-D: last line of file ends without a newline
  #endif 
../MDK-ARM/components.h(8): warning:  #1-D: last line of file ends without a newline
  #endif 
../Core/Src/main.c: 4 warnings, 0 errors
compiling uart_dma.c...
../MDK-ARM/servo_timer.h(9): warning:  #1-D: last line of file ends without a newline
  #endif 
../MDK-ARM/servo_pca9685.h(15): warning:  #1-D: last line of file ends without a newline
  #endif 
../MDK-ARM/uart_dma.h(7): warning:  #1-D: last line of file ends without a newline
  #endif 
../MDK-ARM/components.h(8): warning:  #1-D: last line of file ends without a newline
  #endif 
uart_dma.h(7): warning:  #1-D: last line of file ends without a newline
  #endif 
uart_dma.c(21): warning:  #1-D: last line of file ends without a newline
  }
uart_dma.c: 6 warnings, 0 errors
compiling servo_timer.c...
../MDK-ARM/servo_timer.h(9): warning:  #1-D: last line of file ends without a newline
  #endif 
../MDK-ARM/servo_pca9685.h(15): warning:  #1-D: last line of file ends without a newline
  #endif 
../MDK-ARM/uart_dma.h(7): warning:  #1-D: last line of file ends without a newline
  #endif 
../MDK-ARM/components.h(8): warning:  #1-D: last line of file ends without a newline
  #endif 
servo_timer.h(9): warning:  #1-D: last line of file ends without a newline
  #endif 
servo_timer.c(27): warning:  #1-D: last line of file ends without a newline
  }
servo_timer.c: 6 warnings, 0 errors
compiling servo_pca9685.c...
../MDK-ARM/servo_timer.h(9): warning:  #1-D: last line of file ends without a newline
  #endif 
../MDK-ARM/servo_pca9685.h(15): warning:  #1-D: last line of file ends without a newline
  #endif 
../MDK-ARM/uart_dma.h(7): warning:  #1-D: last line of file ends without a newline
  #endif 
../MDK-ARM/components.h(8): warning:  #1-D: last line of file ends without a newline
  #endif 
servo_pca9685.h(15): warning:  #1-D: last line of file ends without a newline
  #endif 
servo_pca9685.c(84): warning:  #1-D: last line of file ends without a newline
  }
servo_pca9685.c: 6 warnings, 0 errors
compiling freertos.c...
../MDK-ARM/servo_timer.h(9): warning:  #1-D: last line of file ends without a newline
  #endif 
../MDK-ARM/servo_pca9685.h(15): warning:  #1-D: last line of file ends without a newline
  #endif 
../MDK-ARM/uart_dma.h(7): warning:  #1-D: last line of file ends without a newline
  #endif 
../MDK-ARM/components.h(8): warning:  #1-D: last line of file ends without a newline
  #endif 
../Core/Src/freertos.c: 4 warnings, 0 errors
linking...
Program Size: Code=14296 RO-data=536 RW-data=148 ZI-data=18180  
FromELF: creating hex file...
"Servo\Servo.axf" - 0 Error(s), 34 Warning(s).

<h2>Software Packages used:</h2>

Package Vendor: ARM
                http://www.keil.com/pack/ARM.CMSIS.5.3.0.pack
                ARM.CMSIS.5.3.0
                CMSIS (Cortex Microcontroller Software Interface Standard)
   * Component: CORE Version: 5.1.1

Package Vendor: Keil
                http://www.keil.com/pack/Keil.STM32F4xx_DFP.2.11.0.pack
                Keil.STM32F4xx_DFP.2.11.0
                STMicroelectronics STM32F4 Series Device Support, Drivers and Examples

<h2>Collection of Component include folders:</h2>
  .\RTE\_Servo
  C:\Keil_v5\ARM\PACK\ARM\CMSIS\5.3.0\CMSIS\Include
  C:\Keil_v5\ARM\PACK\Keil\STM32F4xx_DFP\2.11.0\Drivers\CMSIS\Device\ST\STM32F4xx\Include

<h2>Collection of Component Files used:</h2>

   * Component: ARM::CMSIS:CORE:5.1.1
Build Time Elapsed:  00:00:16
</pre>
</body>
</html>
