This is pdfTeX, Version 3.141592653-2.6-1.40.22 (TeX Live 2022/dev/Debian) (preloaded format=pdflatex 2026.4.9)  7 MAY 2026 20:27
entering extended mode
 restricted \write18 enabled.
 %&-line parsing enabled.
**thesis.tex
(./thesis.tex
LaTeX2e <2021-11-15> patch level 1
L3 programming layer <2022-01-21>
(/usr/share/texlive/texmf-dist/tex/latex/extsizes/extbook.cls
Document Class: extbook 1999/01/07 v1.4a NON-Standard LaTeX document class
(/usr/share/texlive/texmf-dist/tex/latex/base/bk10.clo
File: bk10.clo 2021/10/04 v1.4n Standard LaTeX file (size option)
)
(/usr/share/texlive/texmf-dist/tex/latex/base/exscale.sty
Package: exscale 2018/09/24 v2.1i Standard LaTeX package exscale
LaTeX Font Info:    Redeclaring symbol font `largesymbols' on input line 57.
LaTeX Font Info:    Overwriting symbol font `largesymbols' in version `normal'
(Font)                  OMX/cmex/m/n --> OMX/cmex/m/n on input line 57.
LaTeX Font Info:    Overwriting symbol font `largesymbols' in version `bold'
(Font)                  OMX/cmex/m/n --> OMX/cmex/m/n on input line 57.
\big@size=\dimen138
)
\c@part=\count185
\c@chapter=\count186
\c@section=\count187
\c@subsection=\count188
\c@subsubsection=\count189
\c@paragraph=\count190
\c@subparagraph=\count191
\c@figure=\count192
\c@table=\count193
\abovecaptionskip=\skip47
\belowcaptionskip=\skip48
\bibindent=\dimen139
)
(/usr/share/texlive/texmf-dist/tex/latex/base/fontenc.sty
Package: fontenc 2021/04/29 v2.0v Standard LaTeX package
)
(/usr/share/texlive/texmf-dist/tex/latex/base/inputenc.sty
Package: inputenc 2021/02/14 v1.3d Input encoding file
\inpenc@prehook=\toks16
\inpenc@posthook=\toks17
)
(/usr/share/texlive/texmf-dist/tex/generic/babel/babel.sty
Package: babel 2022/01/26 3.70 The Babel package
\babel@savecnt=\count194
\U@D=\dimen140
\l@unhyphenated=\language87

(/usr/share/texlive/texmf-dist/tex/generic/babel/txtbabel.def)
\bbl@readstream=\read2
\bbl@dirlevel=\count195

(/usr/share/texlive/texmf-dist/tex/generic/babel-vietnamese/vietnamese.ldf
Language: vietnamese 


Package babel Warning: No hyphenation patterns were preloaded for
(babel)                the language 'Vietnamese' into the format.
(babel)                Please, configure your TeX system to add them and
(babel)                rebuild the format. Now I will use the patterns
(babel)                preloaded for \language=0 instead on input line 36.

Package babel Info: Hyphen rules for 'vietnamese' set to \l@english
(babel)             (\language0). Reported on input line 37.
Package babel Info: Hyphen rules for 'vietnam' set to \l@english
(babel)             (\language0). Reported on input line 38.
Loading definitions for the Vietnamese font encoding
(/usr/share/texlive/texmf-dist/tex/latex/vntex/t5enc.def
File: t5enc.def 2006/11/21 v1.4 Vietnamese T5 encoding
Now handling font encoding T5 ...
... processing UTF-8 mapping file for font encoding T5

(/usr/share/texlive/texmf-dist/tex/latex/vntex/t5enc.dfu
File: t5enc.dfu 2006/08/19 v1.1 UTF8 support for Vietnamese
   defining Unicode char U+00AB (decimal 171)
   defining Unicode char U+00BB (decimal 187)
   defining Unicode char U+00C0 (decimal 192)
   defining Unicode char U+00C1 (decimal 193)
   defining Unicode char U+00C2 (decimal 194)
   defining Unicode char U+00C3 (decimal 195)
   defining Unicode char U+00C8 (decimal 200)
   defining Unicode char U+00C9 (decimal 201)
   defining Unicode char U+00CA (decimal 202)
   defining Unicode char U+00CC (decimal 204)
   defining Unicode char U+00CD (decimal 205)
   defining Unicode char U+00D2 (decimal 210)
   defining Unicode char U+00D3 (decimal 211)
   defining Unicode char U+00D4 (decimal 212)
   defining Unicode char U+00D5 (decimal 213)
   defining Unicode char U+00D9 (decimal 217)
   defining Unicode char U+00DA (decimal 218)
   defining Unicode char U+00DD (decimal 221)
   defining Unicode char U+00E0 (decimal 224)
   defining Unicode char U+00E1 (decimal 225)
   defining Unicode char U+00E2 (decimal 226)
   defining Unicode char U+00E3 (decimal 227)
   defining Unicode char U+00E8 (decimal 232)
   defining Unicode char U+00E9 (decimal 233)
   defining Unicode char U+00EA (decimal 234)
   defining Unicode char U+00EC (decimal 236)
   defining Unicode char U+00ED (decimal 237)
   defining Unicode char U+00F2 (decimal 242)
   defining Unicode char U+00F3 (decimal 243)
   defining Unicode char U+00F4 (decimal 244)
   defining Unicode char U+00F5 (decimal 245)
   defining Unicode char U+00F9 (decimal 249)
   defining Unicode char U+00FA (decimal 250)
   defining Unicode char U+00FD (decimal 253)
   defining Unicode char U+0102 (decimal 258)
   defining Unicode char U+0103 (decimal 259)
   defining Unicode char U+0110 (decimal 272)
   defining Unicode char U+0111 (decimal 273)
   defining Unicode char U+0128 (decimal 296)
   defining Unicode char U+0129 (decimal 297)
   defining Unicode char U+0131 (decimal 305)
   defining Unicode char U+0168 (decimal 360)
   defining Unicode char U+0169 (decimal 361)
   defining Unicode char U+01A0 (decimal 416)
   defining Unicode char U+01A1 (decimal 417)
   defining Unicode char U+01AF (decimal 431)
   defining Unicode char U+01B0 (decimal 432)
   defining Unicode char U+1EA0 (decimal 7840)
   defining Unicode char U+1EA1 (decimal 7841)
   defining Unicode char U+1EA2 (decimal 7842)
   defining Unicode char U+1EA3 (decimal 7843)
   defining Unicode char U+1EA4 (decimal 7844)
   defining Unicode char U+1EA5 (decimal 7845)
   defining Unicode char U+1EA6 (decimal 7846)
   defining Unicode char U+1EA7 (decimal 7847)
   defining Unicode char U+1EA8 (decimal 7848)
   defining Unicode char U+1EA9 (decimal 7849)
   defining Unicode char U+1EAA (decimal 7850)
   defining Unicode char U+1EAB (decimal 7851)
   defining Unicode char U+1EAC (decimal 7852)
   defining Unicode char U+1EAD (decimal 7853)
   defining Unicode char U+1EAE (decimal 7854)
   defining Unicode char U+1EAF (decimal 7855)
   defining Unicode char U+1EB0 (decimal 7856)
   defining Unicode char U+1EB1 (decimal 7857)
   defining Unicode char U+1EB2 (decimal 7858)
   defining Unicode char U+1EB3 (decimal 7859)
   defining Unicode char U+1EB4 (decimal 7860)
   defining Unicode char U+1EB5 (decimal 7861)
   defining Unicode char U+1EB6 (decimal 7862)
   defining Unicode char U+1EB7 (decimal 7863)
   defining Unicode char U+1EB8 (decimal 7864)
   defining Unicode char U+1EB9 (decimal 7865)
   defining Unicode char U+1EBA (decimal 7866)
   defining Unicode char U+1EBB (decimal 7867)
   defining Unicode char U+1EBC (decimal 7868)
   defining Unicode char U+1EBD (decimal 7869)
   defining Unicode char U+1EBE (decimal 7870)
   defining Unicode char U+1EBF (decimal 7871)
   defining Unicode char U+1EC0 (decimal 7872)
   defining Unicode char U+1EC1 (decimal 7873)
   defining Unicode char U+1EC2 (decimal 7874)
   defining Unicode char U+1EC3 (decimal 7875)
   defining Unicode char U+1EC4 (decimal 7876)
   defining Unicode char U+1EC5 (decimal 7877)
   defining Unicode char U+1EC6 (decimal 7878)
   defining Unicode char U+1EC7 (decimal 7879)
   defining Unicode char U+1EC8 (decimal 7880)
   defining Unicode char U+1EC9 (decimal 7881)
   defining Unicode char U+1ECA (decimal 7882)
   defining Unicode char U+1ECB (decimal 7883)
   defining Unicode char U+1ECC (decimal 7884)
   defining Unicode char U+1ECD (decimal 7885)
   defining Unicode char U+1ECE (decimal 7886)
   defining Unicode char U+1ECF (decimal 7887)
   defining Unicode char U+1ED0 (decimal 7888)
   defining Unicode char U+1ED1 (decimal 7889)
   defining Unicode char U+1ED2 (decimal 7890)
   defining Unicode char U+1ED3 (decimal 7891)
   defining Unicode char U+1ED4 (decimal 7892)
   defining Unicode char U+1ED5 (decimal 7893)
   defining Unicode char U+1ED6 (decimal 7894)
   defining Unicode char U+1ED7 (decimal 7895)
   defining Unicode char U+1ED8 (decimal 7896)
   defining Unicode char U+1ED9 (decimal 7897)
   defining Unicode char U+1EDA (decimal 7898)
   defining Unicode char U+1EDB (decimal 7899)
   defining Unicode char U+1EDC (decimal 7900)
   defining Unicode char U+1EDD (decimal 7901)
   defining Unicode char U+1EDE (decimal 7902)
   defining Unicode char U+1EDF (decimal 7903)
   defining Unicode char U+1EE0 (decimal 7904)
   defining Unicode char U+1EE1 (decimal 7905)
   defining Unicode char U+1EE2 (decimal 7906)
   defining Unicode char U+1EE3 (decimal 7907)
   defining Unicode char U+1EE4 (decimal 7908)
   defining Unicode char U+1EE5 (decimal 7909)
   defining Unicode char U+1EE6 (decimal 7910)
   defining Unicode char U+1EE7 (decimal 7911)
   defining Unicode char U+1EE8 (decimal 7912)
   defining Unicode char U+1EE9 (decimal 7913)
   defining Unicode char U+1EEA (decimal 7914)
   defining Unicode char U+1EEB (decimal 7915)
   defining Unicode char U+1EEC (decimal 7916)
   defining Unicode char U+1EED (decimal 7917)
   defining Unicode char U+1EEE (decimal 7918)
   defining Unicode char U+1EEF (decimal 7919)
   defining Unicode char U+1EF0 (decimal 7920)
   defining Unicode char U+1EF1 (decimal 7921)
   defining Unicode char U+1EF2 (decimal 7922)
   defining Unicode char U+1EF3 (decimal 7923)
   defining Unicode char U+1EF4 (decimal 7924)
   defining Unicode char U+1EF5 (decimal 7925)
   defining Unicode char U+1EF6 (decimal 7926)
   defining Unicode char U+1EF7 (decimal 7927)
   defining Unicode char U+1EF8 (decimal 7928)
   defining Unicode char U+1EF9 (decimal 7929)
   defining Unicode char U+200C (decimal 8204)
   defining Unicode char U+2013 (decimal 8211)
   defining Unicode char U+2014 (decimal 8212)
   defining Unicode char U+2018 (decimal 8216)
   defining Unicode char U+2019 (decimal 8217)
   defining Unicode char U+201A (decimal 8218)
   defining Unicode char U+201C (decimal 8220)
   defining Unicode char U+201D (decimal 8221)
   defining Unicode char U+201E (decimal 8222)
   defining Unicode char U+2030 (decimal 8240)
   defining Unicode char U+2031 (decimal 8241)
   defining Unicode char U+2039 (decimal 8249)
   defining Unicode char U+203A (decimal 8250)
   defining Unicode char U+2423 (decimal 9251)
))
Package babel Info: Making " an active character on input line 147.
))
(/usr/share/texmf/tex/latex/tex-gyre/tgtermes.sty
Package: tgtermes 2009/09/27 v1.2 TeX Gyre Termes as default roman family

(/usr/share/texlive/texmf-dist/tex/latex/kvoptions/kvoptions.sty
Package: kvoptions 2020-10-07 v3.14 Key value format for package options (HO)

(/usr/share/texlive/texmf-dist/tex/latex/graphics/keyval.sty
Package: keyval 2014/10/28 v1.15 key=value parser (DPC)
\KV@toks@=\toks18
)
(/usr/share/texlive/texmf-dist/tex/generic/ltxcmds/ltxcmds.sty
Package: ltxcmds 2020-05-10 v1.25 LaTeX kernel commands for general use (HO)
)
(/usr/share/texlive/texmf-dist/tex/generic/kvsetkeys/kvsetkeys.sty
Package: kvsetkeys 2019/12/15 v1.18 Key value parser (HO)
)))
(/usr/share/texlive/texmf-dist/tex/latex/setspace/setspace.sty
Package: setspace 2011/12/19 v6.7a set line spacing
)
LaTeX Font Info:    Trying to load font information for T1+qtm on input line 11
.

(/usr/share/texmf/tex/latex/tex-gyre/t1qtm.fd
File: t1qtm.fd 2009/09/25 v1.2 font definition file for T1/qtm
)
(/usr/share/texlive/texmf-dist/tex/latex/caption/caption.sty
Package: caption 2020/10/26 v3.5g Customizing captions (AR)

(/usr/share/texlive/texmf-dist/tex/latex/caption/caption3.sty
Package: caption3 2020/10/21 v2.2e caption3 kernel (AR)
\captionmargin=\dimen141
\captionmargin@=\dimen142
\captionwidth=\dimen143
\caption@tempdima=\dimen144
\caption@indent=\dimen145
\caption@parindent=\dimen146
\caption@hangindent=\dimen147
Package caption Info: Standard document class detected.
)
\c@caption@flags=\count196
\c@continuedfloat=\count197
)
(/usr/share/texlive/texmf-dist/tex/latex/titlesec/titlesec.sty
Package: titlesec 2021/07/05 v2.14 Sectioning titles
\ttl@box=\box50
\beforetitleunit=\skip49
\aftertitleunit=\skip50
\ttl@plus=\dimen148
\ttl@minus=\dimen149
\ttl@toksa=\toks19
\titlewidth=\dimen150
\titlewidthlast=\dimen151
\titlewidthfirst=\dimen152
)
(/usr/share/texlive/texmf-dist/tex/latex/amsmath/amsmath.sty
Package: amsmath 2021/10/15 v2.17l AMS math features
\@mathmargin=\skip51

For additional information on amsmath, use the `?' option.
(/usr/share/texlive/texmf-dist/tex/latex/amsmath/amstext.sty
Package: amstext 2021/08/26 v2.01 AMS text

(/usr/share/texlive/texmf-dist/tex/latex/amsmath/amsgen.sty
File: amsgen.sty 1999/11/30 v2.0 generic functions
\@emptytoks=\toks20
\ex@=\dimen153
))
(/usr/share/texlive/texmf-dist/tex/latex/amsmath/amsbsy.sty
Package: amsbsy 1999/11/29 v1.2d Bold Symbols
\pmbraise@=\dimen154
)
(/usr/share/texlive/texmf-dist/tex/latex/amsmath/amsopn.sty
Package: amsopn 2021/08/26 v2.02 operator names
)
\inf@bad=\count198
LaTeX Info: Redefining \frac on input line 234.
\uproot@=\count199
\leftroot@=\count266
LaTeX Info: Redefining \overline on input line 399.
\classnum@=\count267
\DOTSCASE@=\count268
LaTeX Info: Redefining \ldots on input line 496.
LaTeX Info: Redefining \dots on input line 499.
LaTeX Info: Redefining \cdots on input line 620.
\Mathstrutbox@=\box51
\strutbox@=\box52
\big@size=\dimen155
LaTeX Font Info:    Redeclaring font encoding OML on input line 743.
LaTeX Font Info:    Redeclaring font encoding OMS on input line 744.
\macc@depth=\count269
\c@MaxMatrixCols=\count270
\dotsspace@=\muskip16
\c@parentequation=\count271
\dspbrk@lvl=\count272
\tag@help=\toks21
\row@=\count273
\column@=\count274
\maxfields@=\count275
\andhelp@=\toks22
\eqnshift@=\dimen156
\alignsep@=\dimen157
\tagshift@=\dimen158
\tagwidth@=\dimen159
\totwidth@=\dimen160
\lineht@=\dimen161
\@envbody=\toks23
\multlinegap=\skip52
\multlinetaggap=\skip53
\mathdisplay@stack=\toks24
LaTeX Info: Redefining \[ on input line 2938.
LaTeX Info: Redefining \] on input line 2939.
)
(/usr/share/texlive/texmf-dist/tex/latex/amsfonts/amssymb.sty
Package: amssymb 2013/01/14 v3.01 AMS font symbols

(/usr/share/texlive/texmf-dist/tex/latex/amsfonts/amsfonts.sty
Package: amsfonts 2013/01/14 v3.01 Basic AMSFonts support
\symAMSa=\mathgroup4
\symAMSb=\mathgroup5
LaTeX Font Info:    Redeclaring math symbol \hbar on input line 98.
LaTeX Font Info:    Overwriting math alphabet `\mathfrak' in version `bold'
(Font)                  U/euf/m/n --> U/euf/b/n on input line 106.
))
(/usr/share/texlive/texmf-dist/tex/latex/graphics/graphicx.sty
Package: graphicx 2021/09/16 v1.2d Enhanced LaTeX Graphics (DPC,SPQR)

(/usr/share/texlive/texmf-dist/tex/latex/graphics/graphics.sty
Package: graphics 2021/03/04 v1.4d Standard LaTeX Graphics (DPC,SPQR)

(/usr/share/texlive/texmf-dist/tex/latex/graphics/trig.sty
Package: trig 2021/08/11 v1.11 sin cos tan (DPC)
)
(/usr/share/texlive/texmf-dist/tex/latex/graphics-cfg/graphics.cfg
File: graphics.cfg 2016/06/04 v1.11 sample graphics configuration
)
Package graphics Info: Driver file: pdftex.def on input line 107.

(/usr/share/texlive/texmf-dist/tex/latex/graphics-def/pdftex.def
File: pdftex.def 2020/10/05 v1.2a Graphics/color driver for pdftex
))
\Gin@req@height=\dimen162
\Gin@req@width=\dimen163
)
(/usr/share/texlive/texmf-dist/tex/latex/caption/subcaption.sty
Package: subcaption 2020/10/07 v1.3j Sub-captions (AR)
\c@subfigure=\count276
\c@subtable=\count277
)
(/usr/share/texlive/texmf-dist/tex/latex/booktabs/booktabs.sty
Package: booktabs 2020/01/12 v1.61803398 Publication quality tables
\heavyrulewidth=\dimen164
\lightrulewidth=\dimen165
\cmidrulewidth=\dimen166
\belowrulesep=\dimen167
\belowbottomsep=\dimen168
\aboverulesep=\dimen169
\abovetopsep=\dimen170
\cmidrulesep=\dimen171
\cmidrulekern=\dimen172
\defaultaddspace=\dimen173
\@cmidla=\count278
\@cmidlb=\count279
\@aboverulesep=\dimen174
\@belowrulesep=\dimen175
\@thisruleclass=\count280
\@lastruleclass=\count281
\@thisrulewidth=\dimen176
)
(/usr/share/texlive/texmf-dist/tex/latex/tools/array.sty
Package: array 2021/10/04 v2.5f Tabular extension package (FMi)
\col@sep=\dimen177
\ar@mcellbox=\box53
\extrarowheight=\dimen178
\NC@list=\toks25
\extratabsurround=\skip54
\backup@length=\skip55
\ar@cellbox=\box54
)
(/usr/share/texlive/texmf-dist/tex/latex/fancyhdr/fancyhdr.sty
Package: fancyhdr 2021/01/28 v4.0.1 Extensive control of page headers and foote
rs
\f@nch@headwidth=\skip56
\f@nch@O@elh=\skip57
\f@nch@O@erh=\skip58
\f@nch@O@olh=\skip59
\f@nch@O@orh=\skip60
\f@nch@O@elf=\skip61
\f@nch@O@erf=\skip62
\f@nch@O@olf=\skip63
\f@nch@O@orf=\skip64
)
(/usr/share/texlive/texmf-dist/tex/latex/multirow/multirow.sty
Package: multirow 2021/03/15 v2.8 Span multiple rows of a table
\multirow@colwidth=\skip65
\multirow@cntb=\count282
\multirow@dima=\skip66
\bigstrutjot=\dimen179
)
(/usr/share/texlive/texmf-dist/tex/latex/algorithm2e/algorithm2e.sty
Package: algorithm2e 2017/07/18 v5.2 algorithms environments
\c@AlgoLine=\count283

(/usr/share/texlive/texmf-dist/tex/latex/base/ifthen.sty
Package: ifthen 2020/11/24 v1.1c Standard LaTeX ifthen package (DPC)
)
\algocf@hangindent=\skip67

(/usr/share/texlive/texmf-dist/tex/latex/ifoddpage/ifoddpage.sty
Package: ifoddpage 2016/04/23 v1.1 Conditionals for odd/even page detection
\c@checkoddpage=\count284
)
(/usr/share/texlive/texmf-dist/tex/latex/tools/xspace.sty
Package: xspace 2014/10/28 v1.13 Space after command names (DPC,MH)
)
(/usr/share/texlive/texmf-dist/tex/latex/relsize/relsize.sty
Package: relsize 2013/03/29 ver 4.1
)
\skiptotal=\skip68
\skiplinenumber=\skip69
\skiprule=\skip70
\skiphlne=\skip71
\skiptext=\skip72
\skiplength=\skip73
\algomargin=\skip74
\skipalgocfslide=\skip75
\algowidth=\dimen180
\inoutsize=\dimen181
\inoutindent=\dimen182
\interspacetitleruled=\dimen183
\interspacealgoruled=\dimen184
\interspacetitleboxruled=\dimen185
\algocf@ruledwidth=\skip76
\algocf@inoutbox=\box55
\algocf@inputbox=\box56
\AlCapSkip=\skip77
\AlCapHSkip=\skip78
\algoskipindent=\skip79
\algocf@nlbox=\box57
\algocf@hangingbox=\box58
\algocf@untilbox=\box59
\algocf@skipuntil=\skip80
\algocf@capbox=\box60
\algocf@lcaptionbox=\skip81
\algoheightruledefault=\skip82
\algoheightrule=\skip83
\algotitleheightruledefault=\skip84
\algotitleheightrule=\skip85
\c@algocfline=\count285
\c@algocfproc=\count286
\c@algocf=\count287
\algocf@algoframe=\box61
\algocf@algobox=\box62
)
(/usr/share/texlive/texmf-dist/tex/latex/hyperref/hyperref.sty
Package: hyperref 2021-06-07 v7.00m Hypertext links for LaTeX

(/usr/share/texlive/texmf-dist/tex/generic/iftex/iftex.sty
Package: iftex 2020/03/06 v1.0d TeX engine tests
)
(/usr/share/texlive/texmf-dist/tex/generic/pdftexcmds/pdftexcmds.sty
Package: pdftexcmds 2020-06-27 v0.33 Utility functions of pdfTeX for LuaTeX (HO
)

(/usr/share/texlive/texmf-dist/tex/generic/infwarerr/infwarerr.sty
Package: infwarerr 2019/12/03 v1.5 Providing info/warning/error messages (HO)
)
Package pdftexcmds Info: \pdf@primitive is available.
Package pdftexcmds Info: \pdf@ifprimitive is available.
Package pdftexcmds Info: \pdfdraftmode found.
)
(/usr/share/texlive/texmf-dist/tex/generic/kvdefinekeys/kvdefinekeys.sty
Package: kvdefinekeys 2019-12-19 v1.6 Define keys (HO)
)
(/usr/share/texlive/texmf-dist/tex/generic/pdfescape/pdfescape.sty
Package: pdfescape 2019/12/09 v1.15 Implements pdfTeX's escape features (HO)
)
(/usr/share/texlive/texmf-dist/tex/latex/hycolor/hycolor.sty
Package: hycolor 2020-01-27 v1.10 Color options for hyperref/bookmark (HO)
)
(/usr/share/texlive/texmf-dist/tex/latex/letltxmacro/letltxmacro.sty
Package: letltxmacro 2019/12/03 v1.6 Let assignment for LaTeX macros (HO)
)
(/usr/share/texlive/texmf-dist/tex/latex/auxhook/auxhook.sty
Package: auxhook 2019-12-17 v1.6 Hooks for auxiliary files (HO)
)
\@linkdim=\dimen186
\Hy@linkcounter=\count288
\Hy@pagecounter=\count289

(/usr/share/texlive/texmf-dist/tex/latex/hyperref/pd1enc.def
File: pd1enc.def 2021-06-07 v7.00m Hyperref: PDFDocEncoding definition (HO)
Now handling font encoding PD1 ...
... no UTF-8 mapping file for font encoding PD1
)
(/usr/share/texlive/texmf-dist/tex/latex/hyperref/hyperref-langpatches.def
File: hyperref-langpatches.def 2021-06-07 v7.00m Hyperref: patches for babel la
nguages
)
(/usr/share/texlive/texmf-dist/tex/generic/intcalc/intcalc.sty
Package: intcalc 2019/12/15 v1.3 Expandable calculations with integers (HO)
)
(/usr/share/texlive/texmf-dist/tex/generic/etexcmds/etexcmds.sty
Package: etexcmds 2019/12/15 v1.7 Avoid name clashes with e-TeX commands (HO)
)
\Hy@SavedSpaceFactor=\count290

(/usr/share/texlive/texmf-dist/tex/latex/hyperref/puenc.def
File: puenc.def 2021-06-07 v7.00m Hyperref: PDF Unicode definition (HO)
Now handling font encoding PU ...
... no UTF-8 mapping file for font encoding PU
)
Package hyperref Info: Hyper figures OFF on input line 4192.
Package hyperref Info: Link nesting OFF on input line 4197.
Package hyperref Info: Hyper index ON on input line 4200.
Package hyperref Info: Plain pages OFF on input line 4207.
Package hyperref Info: Backreferencing OFF on input line 4212.
Package hyperref Info: Implicit mode ON; LaTeX internals redefined.
Package hyperref Info: Bookmarks ON on input line 4445.
\c@Hy@tempcnt=\count291

(/usr/share/texlive/texmf-dist/tex/latex/url/url.sty
\Urlmuskip=\muskip17
Package: url 2013/09/16  ver 3.4  Verb mode for urls, etc.
)
LaTeX Info: Redefining \url on input line 4804.
\XeTeXLinkMargin=\dimen187

(/usr/share/texlive/texmf-dist/tex/generic/bitset/bitset.sty
Package: bitset 2019/12/09 v1.3 Handle bit-vector datatype (HO)

(/usr/share/texlive/texmf-dist/tex/generic/bigintcalc/bigintcalc.sty
Package: bigintcalc 2019/12/15 v1.5 Expandable calculations on big integers (HO
)
))
\Fld@menulength=\count292
\Field@Width=\dimen188
\Fld@charsize=\dimen189
Package hyperref Info: Hyper figures OFF on input line 6076.
Package hyperref Info: Link nesting OFF on input line 6081.
Package hyperref Info: Hyper index ON on input line 6084.
Package hyperref Info: backreferencing OFF on input line 6091.
Package hyperref Info: Link coloring OFF on input line 6096.
Package hyperref Info: Link coloring with OCG OFF on input line 6101.
Package hyperref Info: PDF/A mode OFF on input line 6106.
LaTeX Info: Redefining \ref on input line 6146.
LaTeX Info: Redefining \pageref on input line 6150.

(/usr/share/texlive/texmf-dist/tex/latex/base/atbegshi-ltx.sty
Package: atbegshi-ltx 2021/01/10 v1.0c Emulation of the original atbegshi
package with kernel methods
)
\Hy@abspage=\count293
\c@Item=\count294
\c@Hfootnote=\count295
)
Package hyperref Info: Driver (autodetected): hpdftex.

(/usr/share/texlive/texmf-dist/tex/latex/hyperref/hpdftex.def
File: hpdftex.def 2021-06-07 v7.00m Hyperref driver for pdfTeX

(/usr/share/texlive/texmf-dist/tex/latex/base/atveryend-ltx.sty
Package: atveryend-ltx 2020/08/19 v1.0a Emulation of the original atveryend pac
kage
with kernel methods
)
\Fld@listcount=\count296
\c@bookmark@seq@number=\count297

(/usr/share/texlive/texmf-dist/tex/latex/rerunfilecheck/rerunfilecheck.sty
Package: rerunfilecheck 2019/12/05 v1.9 Rerun checks for auxiliary files (HO)

(/usr/share/texlive/texmf-dist/tex/generic/uniquecounter/uniquecounter.sty
Package: uniquecounter 2019/12/15 v1.4 Provide unlimited unique counter (HO)
)
Package uniquecounter Info: New unique counter `rerunfilecheck' on input line 2
86.
)
\Hy@SectionHShift=\skip86
)
(/usr/share/texlive/texmf-dist/tex/latex/float/float.sty
Package: float 2001/11/08 v1.3d Float enhancements (AL)
\c@float@type=\count298
\float@exts=\toks26
\float@box=\box63
\@float@everytoks=\toks27
\@floatcapt=\box64
)
(/usr/share/texlive/texmf-dist/tex/latex/makecell/makecell.sty
Package: makecell 2009/08/03 V0.1e Managing of Tab Column Heads and Cells
\rotheadsize=\dimen190
\c@nlinenum=\count299
\TeXr@lab=\toks28
)
(./sty/bkthesis.sty

LaTeX Warning: You have requested package `sty/bkthesis',
               but the package provides `bkthesis'.

Package: bkthesis 
(/usr/share/texlive/texmf-dist/tex/latex/vntex/vietnam.sty
Package: vietnam 2009/07/12 v1.3 support for Vietnamese

(/usr/share/texlive/texmf-dist/tex/latex/base/fontenc.sty
Package: fontenc 2021/04/29 v2.0v Standard LaTeX package
LaTeX Font Info:    Trying to load font information for T5+qtm on input line 11
2.

(/usr/share/texmf/tex/latex/tex-gyre/t5qtm.fd
File: t5qtm.fd 2009/09/25 v1.2 font definition file for T5/qtm
))

Package vietnam Warning: No input encoding specified, using VISCII as default o
n input line 84.

(/usr/share/texlive/texmf-dist/tex/latex/vntex/vncaps.tex
File: vncaps.tex 2006/06/07 v1.1 Captions in Vietnamese
))
(/usr/share/texlive/texmf-dist/tex/latex/geometry/geometry.sty
Package: geometry 2020/01/02 v5.9 Page Geometry

(/usr/share/texlive/texmf-dist/tex/generic/iftex/ifvtex.sty
Package: ifvtex 2019/10/25 v1.7 ifvtex legacy package. Use iftex instead.
)
\Gm@cnth=\count300
\Gm@cntv=\count301
\c@Gm@tempcnt=\count302
\Gm@bindingoffset=\dimen191
\Gm@wd@mp=\dimen192
\Gm@odd@mp=\dimen193
\Gm@even@mp=\dimen194
\Gm@layoutwidth=\dimen195
\Gm@layoutheight=\dimen196
\Gm@layouthoffset=\dimen197
\Gm@layoutvoffset=\dimen198
\Gm@dimlist=\toks29
)
(/usr/share/texlive/texmf-dist/tex/latex/pgf/frontendlayer/tikz.sty
(/usr/share/texlive/texmf-dist/tex/latex/pgf/basiclayer/pgf.sty
(/usr/share/texlive/texmf-dist/tex/latex/pgf/utilities/pgfrcs.sty
(/usr/share/texlive/texmf-dist/tex/generic/pgf/utilities/pgfutil-common.tex
\pgfutil@everybye=\toks30
\pgfutil@tempdima=\dimen199
\pgfutil@tempdimb=\dimen256

(/usr/share/texlive/texmf-dist/tex/generic/pgf/utilities/pgfutil-common-lists.t
ex)) (/usr/share/texlive/texmf-dist/tex/generic/pgf/utilities/pgfutil-latex.def
\pgfutil@abb=\box65
) (/usr/share/texlive/texmf-dist/tex/generic/pgf/utilities/pgfrcs.code.tex
(/usr/share/texlive/texmf-dist/tex/generic/pgf/pgf.revision.tex)
Package: pgfrcs 2021/05/15 v3.1.9a (3.1.9a)
))
Package: pgf 2021/05/15 v3.1.9a (3.1.9a)

(/usr/share/texlive/texmf-dist/tex/latex/pgf/basiclayer/pgfcore.sty
(/usr/share/texlive/texmf-dist/tex/latex/pgf/systemlayer/pgfsys.sty
(/usr/share/texlive/texmf-dist/tex/generic/pgf/systemlayer/pgfsys.code.tex
Package: pgfsys 2021/05/15 v3.1.9a (3.1.9a)

(/usr/share/texlive/texmf-dist/tex/generic/pgf/utilities/pgfkeys.code.tex
\pgfkeys@pathtoks=\toks31
\pgfkeys@temptoks=\toks32

(/usr/share/texlive/texmf-dist/tex/generic/pgf/utilities/pgfkeysfiltered.code.t
ex
\pgfkeys@tmptoks=\toks33
))
\pgf@x=\dimen257
\pgf@y=\dimen258
\pgf@xa=\dimen259
\pgf@ya=\dimen260
\pgf@xb=\dimen261
\pgf@yb=\dimen262
\pgf@xc=\dimen263
\pgf@yc=\dimen264
\pgf@xd=\dimen265
\pgf@yd=\dimen266
\w@pgf@writea=\write3
\r@pgf@reada=\read3
\c@pgf@counta=\count303
\c@pgf@countb=\count304
\c@pgf@countc=\count305
\c@pgf@countd=\count306
\t@pgf@toka=\toks34
\t@pgf@tokb=\toks35
\t@pgf@tokc=\toks36
\pgf@sys@id@count=\count307
 (/usr/share/texlive/texmf-dist/tex/generic/pgf/systemlayer/pgf.cfg
File: pgf.cfg 2021/05/15 v3.1.9a (3.1.9a)
)
Driver file for pgf: pgfsys-pdftex.def

(/usr/share/texlive/texmf-dist/tex/generic/pgf/systemlayer/pgfsys-pdftex.def
File: pgfsys-pdftex.def 2021/05/15 v3.1.9a (3.1.9a)

(/usr/share/texlive/texmf-dist/tex/generic/pgf/systemlayer/pgfsys-common-pdf.de
f
File: pgfsys-common-pdf.def 2021/05/15 v3.1.9a (3.1.9a)
)))
(/usr/share/texlive/texmf-dist/tex/generic/pgf/systemlayer/pgfsyssoftpath.code.
tex
File: pgfsyssoftpath.code.tex 2021/05/15 v3.1.9a (3.1.9a)
\pgfsyssoftpath@smallbuffer@items=\count308
\pgfsyssoftpath@bigbuffer@items=\count309
)
(/usr/share/texlive/texmf-dist/tex/generic/pgf/systemlayer/pgfsysprotocol.code.
tex
File: pgfsysprotocol.code.tex 2021/05/15 v3.1.9a (3.1.9a)
)) (/usr/share/texlive/texmf-dist/tex/latex/xcolor/xcolor.sty
Package: xcolor 2021/10/31 v2.13 LaTeX color extensions (UK)

(/usr/share/texlive/texmf-dist/tex/latex/graphics-cfg/color.cfg
File: color.cfg 2016/01/02 v1.6 sample color configuration
)
Package xcolor Info: Driver file: pdftex.def on input line 227.
Package xcolor Info: Model `cmy' substituted by `cmy0' on input line 1352.
Package xcolor Info: Model `hsb' substituted by `rgb' on input line 1356.
Package xcolor Info: Model `RGB' extended on input line 1368.
Package xcolor Info: Model `HTML' substituted by `rgb' on input line 1370.
Package xcolor Info: Model `Hsb' substituted by `hsb' on input line 1371.
Package xcolor Info: Model `tHsb' substituted by `hsb' on input line 1372.
Package xcolor Info: Model `HSB' substituted by `hsb' on input line 1373.
Package xcolor Info: Model `Gray' substituted by `gray' on input line 1374.
Package xcolor Info: Model `wave' substituted by `hsb' on input line 1375.
)
(/usr/share/texlive/texmf-dist/tex/generic/pgf/basiclayer/pgfcore.code.tex
Package: pgfcore 2021/05/15 v3.1.9a (3.1.9a)

(/usr/share/texlive/texmf-dist/tex/generic/pgf/math/pgfmath.code.tex
(/usr/share/texlive/texmf-dist/tex/generic/pgf/math/pgfmathcalc.code.tex
(/usr/share/texlive/texmf-dist/tex/generic/pgf/math/pgfmathutil.code.tex)
(/usr/share/texlive/texmf-dist/tex/generic/pgf/math/pgfmathparser.code.tex
\pgfmath@dimen=\dimen267
\pgfmath@count=\count310
\pgfmath@box=\box66
\pgfmath@toks=\toks37
\pgfmath@stack@operand=\toks38
\pgfmath@stack@operation=\toks39
)
(/usr/share/texlive/texmf-dist/tex/generic/pgf/math/pgfmathfunctions.code.tex
(/usr/share/texlive/texmf-dist/tex/generic/pgf/math/pgfmathfunctions.basic.code
.tex)
(/usr/share/texlive/texmf-dist/tex/generic/pgf/math/pgfmathfunctions.trigonomet
ric.code.tex)
(/usr/share/texlive/texmf-dist/tex/generic/pgf/math/pgfmathfunctions.random.cod
e.tex)
(/usr/share/texlive/texmf-dist/tex/generic/pgf/math/pgfmathfunctions.comparison
.code.tex)
(/usr/share/texlive/texmf-dist/tex/generic/pgf/math/pgfmathfunctions.base.code.
tex)
(/usr/share/texlive/texmf-dist/tex/generic/pgf/math/pgfmathfunctions.round.code
.tex)
(/usr/share/texlive/texmf-dist/tex/generic/pgf/math/pgfmathfunctions.misc.code.
tex)
(/usr/share/texlive/texmf-dist/tex/generic/pgf/math/pgfmathfunctions.integerari
thmetics.code.tex)))
(/usr/share/texlive/texmf-dist/tex/generic/pgf/math/pgfmathfloat.code.tex
\c@pgfmathroundto@lastzeros=\count311
))
(/usr/share/texlive/texmf-dist/tex/generic/pgf/math/pgfint.code.tex)
(/usr/share/texlive/texmf-dist/tex/generic/pgf/basiclayer/pgfcorepoints.code.te
x
File: pgfcorepoints.code.tex 2021/05/15 v3.1.9a (3.1.9a)
\pgf@picminx=\dimen268
\pgf@picmaxx=\dimen269
\pgf@picminy=\dimen270
\pgf@picmaxy=\dimen271
\pgf@pathminx=\dimen272
\pgf@pathmaxx=\dimen273
\pgf@pathminy=\dimen274
\pgf@pathmaxy=\dimen275
\pgf@xx=\dimen276
\pgf@xy=\dimen277
\pgf@yx=\dimen278
\pgf@yy=\dimen279
\pgf@zx=\dimen280
\pgf@zy=\dimen281
)
(/usr/share/texlive/texmf-dist/tex/generic/pgf/basiclayer/pgfcorepathconstruct.
code.tex
File: pgfcorepathconstruct.code.tex 2021/05/15 v3.1.9a (3.1.9a)
\pgf@path@lastx=\dimen282
\pgf@path@lasty=\dimen283
)
(/usr/share/texlive/texmf-dist/tex/generic/pgf/basiclayer/pgfcorepathusage.code
.tex
File: pgfcorepathusage.code.tex 2021/05/15 v3.1.9a (3.1.9a)
\pgf@shorten@end@additional=\dimen284
\pgf@shorten@start@additional=\dimen285
)
(/usr/share/texlive/texmf-dist/tex/generic/pgf/basiclayer/pgfcorescopes.code.te
x
File: pgfcorescopes.code.tex 2021/05/15 v3.1.9a (3.1.9a)
\pgfpic=\box67
\pgf@hbox=\box68
\pgf@layerbox@main=\box69
\pgf@picture@serial@count=\count312
)
(/usr/share/texlive/texmf-dist/tex/generic/pgf/basiclayer/pgfcoregraphicstate.c
ode.tex
File: pgfcoregraphicstate.code.tex 2021/05/15 v3.1.9a (3.1.9a)
\pgflinewidth=\dimen286
)
(/usr/share/texlive/texmf-dist/tex/generic/pgf/basiclayer/pgfcoretransformation
s.code.tex
File: pgfcoretransformations.code.tex 2021/05/15 v3.1.9a (3.1.9a)
\pgf@pt@x=\dimen287
\pgf@pt@y=\dimen288
\pgf@pt@temp=\dimen289
)
(/usr/share/texlive/texmf-dist/tex/generic/pgf/basiclayer/pgfcorequick.code.tex
File: pgfcorequick.code.tex 2021/05/15 v3.1.9a (3.1.9a)
)
(/usr/share/texlive/texmf-dist/tex/generic/pgf/basiclayer/pgfcoreobjects.code.t
ex
File: pgfcoreobjects.code.tex 2021/05/15 v3.1.9a (3.1.9a)
)
(/usr/share/texlive/texmf-dist/tex/generic/pgf/basiclayer/pgfcorepathprocessing
.code.tex
File: pgfcorepathprocessing.code.tex 2021/05/15 v3.1.9a (3.1.9a)
)
(/usr/share/texlive/texmf-dist/tex/generic/pgf/basiclayer/pgfcorearrows.code.te
x
File: pgfcorearrows.code.tex 2021/05/15 v3.1.9a (3.1.9a)
\pgfarrowsep=\dimen290
)
(/usr/share/texlive/texmf-dist/tex/generic/pgf/basiclayer/pgfcoreshade.code.tex
File: pgfcoreshade.code.tex 2021/05/15 v3.1.9a (3.1.9a)
\pgf@max=\dimen291
\pgf@sys@shading@range@num=\count313
\pgf@shadingcount=\count314
)
(/usr/share/texlive/texmf-dist/tex/generic/pgf/basiclayer/pgfcoreimage.code.tex
File: pgfcoreimage.code.tex 2021/05/15 v3.1.9a (3.1.9a)

(/usr/share/texlive/texmf-dist/tex/generic/pgf/basiclayer/pgfcoreexternal.code.
tex
File: pgfcoreexternal.code.tex 2021/05/15 v3.1.9a (3.1.9a)
\pgfexternal@startupbox=\box70
))
(/usr/share/texlive/texmf-dist/tex/generic/pgf/basiclayer/pgfcorelayers.code.te
x
File: pgfcorelayers.code.tex 2021/05/15 v3.1.9a (3.1.9a)
)
(/usr/share/texlive/texmf-dist/tex/generic/pgf/basiclayer/pgfcoretransparency.c
ode.tex
File: pgfcoretransparency.code.tex 2021/05/15 v3.1.9a (3.1.9a)
)
(/usr/share/texlive/texmf-dist/tex/generic/pgf/basiclayer/pgfcorepatterns.code.
tex
File: pgfcorepatterns.code.tex 2021/05/15 v3.1.9a (3.1.9a)
)
(/usr/share/texlive/texmf-dist/tex/generic/pgf/basiclayer/pgfcorerdf.code.tex
File: pgfcorerdf.code.tex 2021/05/15 v3.1.9a (3.1.9a)
)))
(/usr/share/texlive/texmf-dist/tex/generic/pgf/modules/pgfmoduleshapes.code.tex
File: pgfmoduleshapes.code.tex 2021/05/15 v3.1.9a (3.1.9a)
\pgfnodeparttextbox=\box71
) (/usr/share/texlive/texmf-dist/tex/generic/pgf/modules/pgfmoduleplot.code.tex
File: pgfmoduleplot.code.tex 2021/05/15 v3.1.9a (3.1.9a)
)
(/usr/share/texlive/texmf-dist/tex/latex/pgf/compatibility/pgfcomp-version-0-65
.sty
Package: pgfcomp-version-0-65 2021/05/15 v3.1.9a (3.1.9a)
\pgf@nodesepstart=\dimen292
\pgf@nodesepend=\dimen293
)
(/usr/share/texlive/texmf-dist/tex/latex/pgf/compatibility/pgfcomp-version-1-18
.sty
Package: pgfcomp-version-1-18 2021/05/15 v3.1.9a (3.1.9a)
)) (/usr/share/texlive/texmf-dist/tex/latex/pgf/utilities/pgffor.sty
(/usr/share/texlive/texmf-dist/tex/latex/pgf/utilities/pgfkeys.sty
(/usr/share/texlive/texmf-dist/tex/generic/pgf/utilities/pgfkeys.code.tex))
(/usr/share/texlive/texmf-dist/tex/latex/pgf/math/pgfmath.sty
(/usr/share/texlive/texmf-dist/tex/generic/pgf/math/pgfmath.code.tex))
(/usr/share/texlive/texmf-dist/tex/generic/pgf/utilities/pgffor.code.tex
Package: pgffor 2021/05/15 v3.1.9a (3.1.9a)

(/usr/share/texlive/texmf-dist/tex/generic/pgf/math/pgfmath.code.tex)
\pgffor@iter=\dimen294
\pgffor@skip=\dimen295
\pgffor@stack=\toks40
\pgffor@toks=\toks41
))
(/usr/share/texlive/texmf-dist/tex/generic/pgf/frontendlayer/tikz/tikz.code.tex
Package: tikz 2021/05/15 v3.1.9a (3.1.9a)

(/usr/share/texlive/texmf-dist/tex/generic/pgf/libraries/pgflibraryplothandlers
.code.tex
File: pgflibraryplothandlers.code.tex 2021/05/15 v3.1.9a (3.1.9a)
\pgf@plot@mark@count=\count315
\pgfplotmarksize=\dimen296
)
\tikz@lastx=\dimen297
\tikz@lasty=\dimen298
\tikz@lastxsaved=\dimen299
\tikz@lastysaved=\dimen300
\tikz@lastmovetox=\dimen301
\tikz@lastmovetoy=\dimen302
\tikzleveldistance=\dimen303
\tikzsiblingdistance=\dimen304
\tikz@figbox=\box72
\tikz@figbox@bg=\box73
\tikz@tempbox=\box74
\tikz@tempbox@bg=\box75
\tikztreelevel=\count316
\tikznumberofchildren=\count317
\tikznumberofcurrentchild=\count318
\tikz@fig@count=\count319

(/usr/share/texlive/texmf-dist/tex/generic/pgf/modules/pgfmodulematrix.code.tex
File: pgfmodulematrix.code.tex 2021/05/15 v3.1.9a (3.1.9a)
\pgfmatrixcurrentrow=\count320
\pgfmatrixcurrentcolumn=\count321
\pgf@matrix@numberofcolumns=\count322
)
\tikz@expandcount=\count323

(/usr/share/texlive/texmf-dist/tex/generic/pgf/frontendlayer/tikz/libraries/tik
zlibrarytopaths.code.tex
File: tikzlibrarytopaths.code.tex 2021/05/15 v3.1.9a (3.1.9a)
)))
(/usr/share/texlive/texmf-dist/tex/generic/pgf/frontendlayer/tikz/libraries/tik
zlibrarycalc.code.tex
File: tikzlibrarycalc.code.tex 2021/05/15 v3.1.9a (3.1.9a)
)
(/usr/share/texlive/texmf-dist/tex/latex/tools/indentfirst.sty
Package: indentfirst 1995/11/23 v1.03 Indent first paragraph (DPC)
))
(/usr/share/texlive/texmf-dist/tex/latex/tools/longtable.sty
Package: longtable 2021-09-01 v4.17 Multi-page Table package (DPC)
\LTleft=\skip87
\LTright=\skip88
\LTpre=\skip89
\LTpost=\skip90
\LTchunksize=\count324
\LTcapwidth=\dimen305
\LT@head=\box76
\LT@firsthead=\box77
\LT@foot=\box78
\LT@lastfoot=\box79
\LT@gbox=\box80
\LT@cols=\count325
\LT@rows=\count326
\c@LT@tables=\count327
\c@LT@chunks=\count328
\LT@p@ftn=\toks42
)
(/usr/share/texlive/texmf-dist/tex/latex/comment/comment.sty
\CommentStream=\write4

Excluding comment 'comment')
(/usr/share/texlive/texmf-dist/tex/latex/l3backend/l3backend-pdftex.def
File: l3backend-pdftex.def 2022-01-12 L3 backend support: PDF output (pdfTeX)
\l__color_backend_stack_int=\count329
\l__pdf_internal_box=\box81
)

LaTeX Warning: Unused global option(s):
    [13pt].

(./thesis.aux (./chapter/appendix.aux))
\openout1 = `thesis.aux'.

LaTeX Font Info:    Checking defaults for OML/cmm/m/it on input line 85.
LaTeX Font Info:    ... okay on input line 85.
LaTeX Font Info:    Checking defaults for OMS/cmsy/m/n on input line 85.
LaTeX Font Info:    ... okay on input line 85.
LaTeX Font Info:    Checking defaults for OT1/cmr/m/n on input line 85.
LaTeX Font Info:    ... okay on input line 85.
LaTeX Font Info:    Checking defaults for T1/cmr/m/n on input line 85.
LaTeX Font Info:    ... okay on input line 85.
LaTeX Font Info:    Checking defaults for TS1/cmr/m/n on input line 85.
LaTeX Font Info:    ... okay on input line 85.
LaTeX Font Info:    Checking defaults for OMX/cmex/m/n on input line 85.
LaTeX Font Info:    ... okay on input line 85.
LaTeX Font Info:    Checking defaults for U/cmr/m/n on input line 85.
LaTeX Font Info:    ... okay on input line 85.
LaTeX Font Info:    Checking defaults for T5/cmr/m/n on input line 85.
LaTeX Font Info:    Trying to load font information for T5+cmr on input line 85
.

(/usr/share/texlive/texmf-dist/tex/latex/vntex/t5cmr.fd
File: t5cmr.fd 1999/05/25 v2.5h Standard LaTeX font definitions
)
LaTeX Font Info:    ... okay on input line 85.
LaTeX Font Info:    Checking defaults for PD1/pdf/m/n on input line 85.
LaTeX Font Info:    ... okay on input line 85.
LaTeX Font Info:    Checking defaults for PU/pdf/m/n on input line 85.
LaTeX Font Info:    ... okay on input line 85.
Package caption Info: Begin \AtBeginDocument code.
Package caption Info: float package is loaded.
Package caption Info: hyperref package is loaded.
Package caption Info: longtable package is loaded.

(/usr/share/texlive/texmf-dist/tex/latex/caption/ltcaption.sty
Package: ltcaption 2020/05/30 v1.4b longtable captions (AR)
)
Package caption Info: End \AtBeginDocument code.

(/usr/share/texlive/texmf-dist/tex/context/base/mkii/supp-pdf.mkii
[Loading MPS to PDF converter (version 2006.09.02).]
\scratchcounter=\count330
\scratchdimen=\dimen306
\scratchbox=\box82
\nofMPsegments=\count331
\nofMParguments=\count332
\everyMPshowfont=\toks43
\MPscratchCnt=\count333
\MPscratchDim=\dimen307
\MPnumerator=\count334
\makeMPintoPDFobject=\count335
\everyMPtoPDFconversion=\toks44
) (/usr/share/texlive/texmf-dist/tex/latex/epstopdf-pkg/epstopdf-base.sty
Package: epstopdf-base 2020-01-24 v2.11 Base part for package epstopdf
Package epstopdf-base Info: Redefining graphics rule for `.eps' on input line 4
85.

(/usr/share/texlive/texmf-dist/tex/latex/latexconfig/epstopdf-sys.cfg
File: epstopdf-sys.cfg 2010/07/13 v1.3 Configuration of (r)epstopdf for TeX Liv
e
))
Package hyperref Info: Link coloring OFF on input line 85.

(/usr/share/texlive/texmf-dist/tex/latex/hyperref/nameref.sty
Package: nameref 2021-04-02 v2.47 Cross-referencing by name of section

(/usr/share/texlive/texmf-dist/tex/latex/refcount/refcount.sty
Package: refcount 2019/12/15 v3.6 Data extraction from label references (HO)
)
(/usr/share/texlive/texmf-dist/tex/generic/gettitlestring/gettitlestring.sty
Package: gettitlestring 2019/12/15 v1.6 Cleanup title references (HO)
)
\c@section@level=\count336
)
LaTeX Info: Redefining \ref on input line 85.
LaTeX Info: Redefining \pageref on input line 85.
LaTeX Info: Redefining \nameref on input line 85.

(./thesis.out) (./thesis.out)
\@outlinefile=\write5
\openout5 = `thesis.out'.


*geometry* driver: auto-detecting
*geometry* detected driver: pdftex
*geometry* verbose mode - [ preamble ] result:
* driver: pdftex
* paper: a4paper
* layout: <same size as paper>
* layoutoffset:(h,v)=(0.0pt,0.0pt)
* modes: 
* h-part:(L,W,R)=(113.81102pt, 412.56497pt, 71.13188pt)
* v-part:(T,H,B)=(113.81102pt, 660.10394pt, 71.13188pt)
* \paperwidth=597.50787pt
* \paperheight=845.04684pt
* \textwidth=412.56497pt
* \textheight=660.10394pt
* \oddsidemargin=41.54103pt
* \evensidemargin=41.54103pt
* \topmargin=11.47354pt
* \headheight=12.0pt
* \headsep=18.06749pt
* \topskip=10.0pt
* \footskip=25.29494pt
* \marginparwidth=61.0pt
* \marginparsep=7.0pt
* \columnsep=10.0pt
* \skip\footins=9.0pt plus 4.0pt minus 2.0pt
* \hoffset=0.0pt
* \voffset=0.0pt
* \mag=1000
* \@twocolumnfalse
* \@twosidefalse
* \@mparswitchfalse
* \@reversemarginfalse
* (1in=72.27pt=25.4mm, 1cm=28.453pt)

<Images//LogoBK.png, id=557, 291.0072pt x 293.898pt>
File: Images//LogoBK.png Graphic file (type png)
<use Images//LogoBK.png>
Package pdftex.def Info: Images//LogoBK.png  used on input line 99.
(pdftex.def)             Requested size: 101.85403pt x 102.86583pt.
LaTeX Font Info:    Calculating math sizes for size <14> on input line 99.
LaTeX Font Info:    Trying to load font information for U+msa on input line 99.

(/usr/share/texlive/texmf-dist/tex/latex/amsfonts/umsa.fd
File: umsa.fd 2013/01/14 v3.01 AMS symbols A
)
LaTeX Font Info:    Trying to load font information for U+msb on input line 99.


(/usr/share/texlive/texmf-dist/tex/latex/amsfonts/umsb.fd
File: umsb.fd 2013/01/14 v3.01 AMS symbols B
) [1

{/var/lib/texmf/fonts/map/pdftex/updmap/pdftex.map} <./Images//LogoBK.png>] [2]
 [3] [1



] [2


]
(./thesis.toc [3


] [4] [5] [6])
\tf@toc=\write6
\openout6 = `thesis.toc'.

 [7] (./thesis.lot
LaTeX Font Info:    Trying to load font information for TS1+qtm on input line 3
1.

(/usr/share/texmf/tex/latex/tex-gyre/ts1qtm.fd
File: ts1qtm.fd 2009/09/25 v1.2 font definition file for TS1/qtm
) [8

])
\tf@lot=\write7
\openout7 = `thesis.lot'.

 [9] (./thesis.lof [10

]
[11])
\tf@lof=\write8
\openout8 = `thesis.lof'.

 [12] (./chapter/ch1_gioithieu.tex
Ch\uhorn \ohorn ng 1.
pdfTeX warning (ext4): destination with the same identifier (name{page.1}) has 
been already used, duplicate ignored
<to be read again> 
                   \relax 
l.21 
      [1


]pdfTeX warning (ext4): destination with the same identifier (name{page.2}) has
 been already used, duplicate ignored
<to be read again> 
                   \relax 
l.47 \end{itemize}
                   [2]
Overfull \hbox (1.36502pt too wide) in paragraph at lines 66--67
[]\T5/qtm/m/n/10 Tri∫n khai v† th˚ nghiªm tr∂n ph¶n c˘ng th¸c s˚ dˆng Jet-son N
ano, servo ST3215 v† IMU BNO055. 
 []

pdfTeX warning (ext4): destination with the same identifier (name{page.3}) has 
been already used, duplicate ignored
<to be read again> 
                   \relax 
l.81 
      [3] [4] [5] [6]) (./chapter/ch2_lythuyet.tex [7]
Ch\uhorn \ohorn ng 2.
(./chapter/chapter2_content.tex
<Images//fig1-Robotdog.png, id=1038, 2409.0pt x 1606.0pt>
File: Images//fig1-Robotdog.png Graphic file (type png)
<use Images//fig1-Robotdog.png>
Package pdftex.def Info: Images//fig1-Robotdog.png  used on input line 11.
(pdftex.def)             Requested size: 288.79422pt x 192.51564pt.
 [8

 <./Images//fig1-Robotdog.png>]
<Images//fig8-Both side of each Serial-Leg.png, id=1044, 175.65625pt x 149.5587
5pt>
File: Images//fig8-Both side of each Serial-Leg.png Graphic file (type png)
<use Images//fig8-Both side of each Serial-Leg.png>
Package pdftex.def Info: Images//fig8-Both side of each Serial-Leg.png  used on
 input line 23.
(pdftex.def)             Requested size: 247.54149pt x 210.78201pt.
<Images//fig9-Mechanical model & branch coordinate system.png, id=1045, 314.173
75pt x 203.76125pt>
File: Images//fig9-Mechanical model & branch coordinate system.png Graphic file
 (type png)
<use Images//fig9-Mechanical model & branch coordinate system.png>
Package pdftex.def Info: Images//fig9-Mechanical model & branch coordinate syst
em.png  used on input line 32.
(pdftex.def)             Requested size: 247.54149pt x 160.54366pt.
 [9 <./Images//fig8-Both side of each Serial-Leg.png>]
<Images//fig10-Mechanical model & branch coordinate system.png, id=1051, 291.08
75pt x 175.65625pt>
File: Images//fig10-Mechanical model & branch coordinate system.png Graphic fil
e (type png)
<use Images//fig10-Mechanical model & branch coordinate system.png>
Package pdftex.def Info: Images//fig10-Mechanical model & branch coordinate sys
tem.png  used on input line 41.
(pdftex.def)             Requested size: 247.54149pt x 149.38087pt.
 [10 <./Images//fig9-Mechanical model & branch coordinate system.png> <./Images
//fig10-Mechanical model & branch coordinate system.png>]
<Images//fig11-Structure topology of the 12-DOF quadruped robot design (front v
iew)..png, id=1060, 421.575pt x 135.50626pt>
File: Images//fig11-Structure topology of the 12-DOF quadruped robot design (fr
ont view)..png Graphic file (type png)
<use Images//fig11-Structure topology of the 12-DOF quadruped robot design (fro
nt view)..png>
Package pdftex.def Info: Images//fig11-Structure topology of the 12-DOF quadrup
ed robot design (front view)..png  used on input line 62.
(pdftex.def)             Requested size: 247.54149pt x 79.56754pt.
<Images//fig2-3 DOF of Single Leg Mechanism.png, id=1061, 175.65625pt x 250.937
5pt>
File: Images//fig2-3 DOF of Single Leg Mechanism.png Graphic file (type png)
<use Images//fig2-3 DOF of Single Leg Mechanism.png>
Package pdftex.def Info: Images//fig2-3 DOF of Single Leg Mechanism.png  used o
n input line 72.
(pdftex.def)             Requested size: 247.54149pt x 353.66109pt.
 [11 <./Images//fig11-Structure topology of the 12-DOF quadruped robot design (
front view)..png>] [12 <./Images//fig2-3 DOF of Single Leg Mechanism.png>]
<Images//fig3-Trot bait table.png, id=1073, 313.17pt x 100.375pt>
File: Images//fig3-Trot bait table.png Graphic file (type png)
<use Images//fig3-Trot bait table.png>
Package pdftex.def Info: Images//fig3-Trot bait table.png  used on input line 1
12.
(pdftex.def)             Requested size: 247.54149pt x 79.34285pt.
<Images//fig4-Walk gait table.png, id=1074, 313.17pt x 113.92563pt>
File: Images//fig4-Walk gait table.png Graphic file (type png)
<use Images//fig4-Walk gait table.png>
Package pdftex.def Info: Images//fig4-Walk gait table.png  used on input line 1
21.
(pdftex.def)             Requested size: 247.54149pt x 90.05414pt.
 [13 <./Images//fig3-Trot bait table.png>]
<Images//fig5-Pace gait table.png, id=1084, 313.17pt x 113.92563pt>
File: Images//fig5-Pace gait table.png Graphic file (type png)
<use Images//fig5-Pace gait table.png>
Package pdftex.def Info: Images//fig5-Pace gait table.png  used on input line 1
30.
(pdftex.def)             Requested size: 247.54149pt x 90.05414pt.
<Images//fig6-Bound gait table.png, id=1085, 313.17pt x 113.92563pt>
File: Images//fig6-Bound gait table.png Graphic file (type png)
<use Images//fig6-Bound gait table.png>
Package pdftex.def Info: Images//fig6-Bound gait table.png  used on input line 
139.
(pdftex.def)             Requested size: 247.54149pt x 90.05414pt.
<Images//fig7-Gallop gait table.png, id=1086, 313.17pt x 113.92563pt>
File: Images//fig7-Gallop gait table.png Graphic file (type png)
<use Images//fig7-Gallop gait table.png>
Package pdftex.def Info: Images//fig7-Gallop gait table.png  used on input line
 148.
(pdftex.def)             Requested size: 247.54149pt x 90.05414pt.
 [14 <./Images//fig4-Walk gait table.png> <./Images//fig5-Pace gait table.png> 
<./Images//fig6-Bound gait table.png> <./Images//fig7-Gallop gait table.png>]
<Images//fig_static_stability_a.png, id=1096, 494.84875pt x 436.63126pt>
File: Images//fig_static_stability_a.png Graphic file (type png)
<use Images//fig_static_stability_a.png>
Package pdftex.def Info: Images//fig_static_stability_a.png  used on input line
 176.
(pdftex.def)             Requested size: 198.02942pt x 174.72935pt.
<Images//fig_static_stability_b.png, id=1097, 709.65125pt x 623.32875pt>
File: Images//fig_static_stability_b.png Graphic file (type png)
<use Images//fig_static_stability_b.png>
Package pdftex.def Info: Images//fig_static_stability_b.png  used on input line
 182.
(pdftex.def)             Requested size: 198.02942pt x 173.94116pt.
 [15 <./Images//fig_static_stability_a.png> <./Images//fig_static_stability_b.p
ng>]
<Images//fig_zmp_3d_model.png, id=1107, 687.56876pt x 574.145pt>
File: Images//fig_zmp_3d_model.png Graphic file (type png)
<use Images//fig_zmp_3d_model.png>
Package pdftex.def Info: Images//fig_zmp_3d_model.png  used on input line 214.
(pdftex.def)             Requested size: 206.28249pt x 172.25359pt.
 [16 <./Images//fig_zmp_3d_model.png>] [17] [18] [19] [20]
LaTeX Font Info:    Trying to load font information for T5+cmtt on input line 3
89.

(/usr/share/texlive/texmf-dist/tex/latex/vntex/t5cmtt.fd
File: t5cmtt.fd 1999/05/25 v2.5h Standard LaTeX font definitions
))
<Images//fig_model_referenceframe.png, id=1155, 898.35625pt x 727.71875pt>
File: Images//fig_model_referenceframe.png Graphic file (type png)
<use Images//fig_model_referenceframe.png>
Package pdftex.def Info: Images//fig_model_referenceframe.png  used on input li
ne 14.
(pdftex.def)             Requested size: 288.79422pt x 233.94075pt.
 [21]
<Images//fig21-Diagram of the DH coordinate system..png, id=1162, 188.20313pt x
 188.20313pt>
File: Images//fig21-Diagram of the DH coordinate system..png Graphic file (type
 png)
<use Images//fig21-Diagram of the DH coordinate system..png>
Package pdftex.def Info: Images//fig21-Diagram of the DH coordinate system..png
  used on input line 32.
(pdftex.def)             Requested size: 247.54149pt x 247.55873pt.
 [22 <./Images//fig_model_referenceframe.png>] [23 <./Images//fig21-Diagram of 
the DH coordinate system..png>] [24] [25]
Overfull \hbox (19.88228pt too wide) in paragraph at lines 263--264
[]\T5/qtm/m/n/10 Trong m¢ nguÁn tri∫n khai (\T5/cmtt/m/n/10 kinematics.py\T5/qt
m/m/n/10 ), bËn tr˜Ìng hÒp ^^_˜Òc x˚ l˛ b¨ng cßu trÛc \T5/cmtt/m/n/10 match-cas
e\T5/qtm/m/n/10 ,
 []

[26] [27]
<Images//fig22-Trot gait timing diagram Œ≤ = 0.5 .png, id=1223, 432.61626pt x 1
05.89563pt>
File: Images//fig22-Trot gait timing diagram Œ≤ = 0.5 .png Graphic file (type p
ng)
<use Images//fig22-Trot gait timing diagram Œ≤ = 0.5 .png>
Package pdftex.def Info: Images//fig22-Trot gait timing diagram Œ≤ = 0.5 .png  
used on input line 360.
(pdftex.def)             Requested size: 247.54149pt x 60.5938pt.
 [28 <./Images//fig22-Trot gait timing diagram Œ≤ = 0.5 .png>]
<Images//fig23-Quy ho·∫°ch qu·ªπ ƒë·∫°o m·ªôt ch√¢n.png, id=1231, 440.847pt x 2
42.8272pt>
File: Images//fig23-Quy ho·∫°ch qu·ªπ ƒë·∫°o m·ªôt ch√¢n.png Graphic file (type
 png)
<use Images//fig23-Quy ho·∫°ch qu·ªπ ƒë·∫°o m·ªôt ch√¢n.png>
Package pdftex.def Info: Images//fig23-Quy ho·∫°ch qu·ªπ ƒë·∫°o m·ªôt ch√¢n.png
  used on input line 395.
(pdftex.def)             Requested size: 247.54149pt x 136.34912pt.

[29 <./Images//fig23-Quy ho·∫°ch qu·ªπ ƒë·∫°o m·ªôt ch√¢n.png>]
<Images//fig_cubic_pva.pdf, id=1237, 558.79045pt x 710.10982pt>
File: Images//fig_cubic_pva.pdf Graphic file (type pdf)
<use Images//fig_cubic_pva.pdf>
Package pdftex.def Info: Images//fig_cubic_pva.pdf  used on input line 429.
(pdftex.def)             Requested size: 330.05322pt x 419.4271pt.
 [30 <./Images//fig_cubic_pva.pdf>]
<Images//fig_quintic_pva.pdf, id=1298, 571.58766pt x 710.10982pt>
File: Images//fig_quintic_pva.pdf Graphic file (type pdf)
<use Images//fig_quintic_pva.pdf>
Package pdftex.def Info: Images//fig_quintic_pva.pdf  used on input line 457.
(pdftex.def)             Requested size: 330.05322pt x 410.05447pt.
 [31 <./Images//fig_quintic_pva.pdf>]
<Images//fig_cubic_vs_quintic.pdf, id=1360, 571.146pt x 710.10982pt>
File: Images//fig_cubic_vs_quintic.pdf Graphic file (type pdf)
<use Images//fig_cubic_vs_quintic.pdf>
Package pdftex.def Info: Images//fig_cubic_vs_quintic.pdf  used on input line 4
89.
(pdftex.def)             Requested size: 330.05322pt x 410.3687pt.
 [32] [33 <./Images//fig_cubic_vs_quintic.pdf>]
<Images//fig46_gait_generator.png, id=1426, 770.88pt x 358.33875pt>
File: Images//fig46_gait_generator.png Graphic file (type png)
<use Images//fig46_gait_generator.png>
Package pdftex.def Info: Images//fig46_gait_generator.png  used on input line 5
38.
(pdftex.def)             Requested size: 330.05322pt x 153.42105pt.
 [34] [35 <./Images//fig46_gait_generator.png>]
[36]
<Images//fig27- Force analysis on a general link i .png, id=1461, 323.70938pt x
 189.70876pt>
File: Images//fig27- Force analysis on a general link i .png Graphic file (type
 png)
<use Images//fig27- Force analysis on a general link i .png>
Package pdftex.def Info: Images//fig27- Force analysis on a general link i .png
  used on input line 675.
(pdftex.def)             Requested size: 247.54149pt x 145.07172pt.
 [37] [38 <./Images//fig27- Force analysis on a general link i .png>]
<Images//fig45-Locomotion_Planner_Balance_Controller.png, id=1479, 3280.255pt x
 1316.92pt>
File: Images//fig45-Locomotion_Planner_Balance_Controller.png Graphic file (typ
e png)
<use Images//fig45-Locomotion_Planner_Balance_Controller.png>
Package pdftex.def Info: Images//fig45-Locomotion_Planner_Balance_Controller.pn
g  used on input line 717.
(pdftex.def)             Requested size: 412.56497pt x 165.61932pt.

[39 <./Images//fig45-Locomotion_Planner_Balance_Controller.png>] [40pdfTeX warn
ing (ext4): destination with the same identifier (name{equation.2.15.71}) has b
een already used, duplicate ignored
<argument> ...shipout:D \box_use:N \l_shipout_box 
                                                  \__shipout_drop_firstpage_...
l.757 
      ]
<Images//fig29- Attitude adjustment .png, id=1496, 1218.5525pt x 328.22626pt>
File: Images//fig29- Attitude adjustment .png Graphic file (type png)
<use Images//fig29- Attitude adjustment .png>
Package pdftex.def Info: Images//fig29- Attitude adjustment .png  used on input
 line 760.
(pdftex.def)             Requested size: 371.30595pt x 100.01118pt.
<Images//fig_pid_architecture.pdf, id=1500, 1802.29636pt x 1182.50082pt>
File: Images//fig_pid_architecture.pdf Graphic file (type pdf)
<use Images//fig_pid_architecture.pdf>
Package pdftex.def Info: Images//fig_pid_architecture.pdf  used on input line 7
71.
(pdftex.def)             Requested size: 412.56497pt x 270.68839pt.
pdfTeX warning (ext4): destination with the same identifier (name{equation.2.15
.72}) has been already used, duplicate ignored
<to be read again> 
                   \relax 
l.778 \begin{equation}
                      pdfTeX warning (ext4): destination with the same identifi
er (name{equation.2.15.72}) has been already used, duplicate ignored
<to be read again> 
                   \relax 
l.778 \begin{equation}
                      pdfTeX warning (ext4): destination with the same identifi
er (name{equation.2.15.72}) has been already used, duplicate ignored
<to be read again> 
                   \relax 
l.778 \begin{equation}
                      pdfTeX warning (ext4): destination with the same identifi
er (name{equation.2.15.72}) has been already used, duplicate ignored
<to be read again> 
                   \relax 
l.778 \begin{equation}
                       [41 <./Images//fig29- Attitude adjustment .png> <./Image
s//fig_pid_architecture.pdf>] [42] [43]) (./chapter/ch3_thietkecung.tex
[44]
Ch\uhorn \ohorn ng 3.
<Images//fig12-c-body.png, id=1579, 466.74374pt x 221.82875pt>
File: Images//fig12-c-body.png Graphic file (type png)
<use Images//fig12-c-body.png>
Package pdftex.def Info: Images//fig12-c-body.png  used on input line 29.
(pdftex.def)             Requested size: 247.54149pt x 117.6499pt.
<Images//fig12-b-n·∫Øp th√¢n.png, id=1580, 550.055pt x 295.1025pt>
File: Images//fig12-b-n·∫Øp th√¢n.png Graphic file (type png)
<use Images//fig12-b-n·∫Øp th√¢n.png>
Package pdftex.def Info: Images//fig12-b-n·∫Øp th√¢n.png  used on input line 36
.
(pdftex.def)             Requested size: 247.54149pt x 132.8039pt.
[45

 <./Images//fig12-c-body.png>]
<Images//fig12-a-th√¢n.png, id=1586, 328.22626pt x 215.80624pt>
File: Images//fig12-a-th√¢n.png Graphic file (type png)
<use Images//fig12-a-th√¢n.png>
Package pdftex.def Info: Images//fig12-a-th√¢n.png  used on input line 43.
(pdftex.def)             Requested size: 247.54149pt x 162.75983pt.
<Images//fig13-Hip-joint assembly for the lateral and longitudinal swing motion
s..jpg, id=1588, 1325.95375pt x 803.0pt>
File: Images//fig13-Hip-joint assembly for the lateral and longitudinal swing m
otions..jpg Graphic file (type jpg)
<use Images//fig13-Hip-joint assembly for the lateral and longitudinal swing mo
tions..jpg>
Package pdftex.def Info: Images//fig13-Hip-joint assembly for the lateral and l
ongitudinal swing motions..jpg  used on input line 59.
(pdftex.def)             Requested size: 247.54149pt x 149.91273pt.
 [46 <./Images//fig12-b-n·∫Øp th√¢n.png> <./Images//fig12-a-th√¢n.png>]
<Images//fig14- Single leg assembly..jpg, id=1598, 1027.84pt x 735.74875pt>
File: Images//fig14- Single leg assembly..jpg Graphic file (type jpg)
<use Images//fig14- Single leg assembly..jpg>
Package pdftex.def Info: Images//fig14- Single leg assembly..jpg  used on input
 line 76.
(pdftex.def)             Requested size: 247.54149pt x 177.18954pt.
 [47 <./Images//fig13-Hip-joint assembly for the lateral and longitudinal swing
 motions..jpg> <./Images//fig14- Single leg assembly..jpg>]
<Images//fig16-ST3215.jpg, id=1605, 1160.335pt x 1122.1925pt>
File: Images//fig16-ST3215.jpg Graphic file (type jpg)
<use Images//fig16-ST3215.jpg>
Package pdftex.def Info: Images//fig16-ST3215.jpg  used on input line 117.
(pdftex.def)             Requested size: 247.54149pt x 239.40025pt.
 [48] [49 <./Images//fig16-ST3215.jpg>]
<Images//fig17-Torque analysis of the lower leg servo actuator.png, id=1622, 37
6.40625pt x 338.76563pt>
File: Images//fig17-Torque analysis of the lower leg servo actuator.png Graphic
 file (type png)
<use Images//fig17-Torque analysis of the lower leg servo actuator.png>
Package pdftex.def Info: Images//fig17-Torque analysis of the lower leg servo a
ctuator.png  used on input line 168.
(pdftex.def)             Requested size: 247.54149pt x 222.79512pt.
 [50 <./Images//fig17-Torque analysis of the lower leg servo actuator.png>]
<Images//fig18-Free body diagram.png, id=1633, 752.8125pt x 451.6875pt>
File: Images//fig18-Free body diagram.png Graphic file (type png)
<use Images//fig18-Free body diagram.png>
Package pdftex.def Info: Images//fig18-Free body diagram.png  used on input lin
e 209.
(pdftex.def)             Requested size: 247.54149pt x 148.52663pt.
 [51 <./Images//fig18-Free body diagram.png>]
<Images//fig19-preview_design.png, id=1644, 617.80812pt x 316.68312pt>
File: Images//fig19-preview_design.png Graphic file (type png)
<use Images//fig19-preview_design.png>
Package pdftex.def Info: Images//fig19-preview_design.png  used on input line 2
45.
(pdftex.def)             Requested size: 247.54149pt x 126.88844pt.


LaTeX Warning: `h' float specifier changed to `ht'.

[52 <./Images//fig19-preview_design.png>]
<Images//fig_system_overview_new.png, id=1654, 1027.84pt x 603.25375pt>
File: Images//fig_system_overview_new.png Graphic file (type png)
<use Images//fig_system_overview_new.png>
Package pdftex.def Info: Images//fig_system_overview_new.png  used on input lin
e 269.
(pdftex.def)             Requested size: 412.56497pt x 242.14407pt.
<Images//fig_real_robot.png, id=1656, 1027.84pt x 642.4pt>
File: Images//fig_real_robot.png Graphic file (type png)
<use Images//fig_real_robot.png>
Package pdftex.def Info: Images//fig_real_robot.png  used on input line 278.
(pdftex.def)             Requested size: 350.68274pt x 219.17769pt.
 [53 <./Images//fig_system_overview_new.png>]
<Images//fig34-Specifications-Jetson-B01.png, id=1663, 1565.85pt x 1241.63875pt
>
File: Images//fig34-Specifications-Jetson-B01.png Graphic file (type png)
<use Images//fig34-Specifications-Jetson-B01.png>
Package pdftex.def Info: Images//fig34-Specifications-Jetson-B01.png  used on i
nput line 291.
(pdftex.def)             Requested size: 330.05322pt x 261.69913pt.
 [54 <./Images//fig_real_robot.png>] [55 <./Images//fig34-Specifications-Jetson
-B01.png>]
<Images//fig35-Ngu·ªìn Xung T·ªï Ong 12V 40A 480W.png, id=1675, 752.8125pt x 75
2.8125pt>
File: Images//fig35-Ngu·ªìn Xung T·ªï Ong 12V 40A 480W.png Graphic file (type p
ng)
<use Images//fig35-Ngu·ªìn Xung T·ªï Ong 12V 40A 480W.png>
Package pdftex.def Info: Images//fig35-Ngu·ªìn Xung T·ªï Ong 12V 40A 480W.png  
used on input line 308.
(pdftex.def)             Requested size: 247.54149pt x 247.54439pt.
 [56 <./Images//fig35-Ngu·ªìn Xung T·ªï Ong 12V 40A 480W.png>] [57]
<Images//fig36-Bus-Servo-Adapter-A-details-1.jpg, id=1685, 963.6pt x 712.6625pt
>
File: Images//fig36-Bus-Servo-Adapter-A-details-1.jpg Graphic file (type jpg)
<use Images//fig36-Bus-Servo-Adapter-A-details-1.jpg>
Package pdftex.def Info: Images//fig36-Bus-Servo-Adapter-A-details-1.jpg  used 
on input line 369.
(pdftex.def)             Requested size: 247.54149pt x 183.06952pt.
 [58 <./Images//fig36-Bus-Servo-Adapter-A-details-1.jpg>]
<Images//fig37-IMU-BNO055.png, id=1692, 1003.75pt x 1003.75pt>
File: Images//fig37-IMU-BNO055.png Graphic file (type png)
<use Images//fig37-IMU-BNO055.png>
Package pdftex.def Info: Images//fig37-IMU-BNO055.png  used on input line 396.
(pdftex.def)             Requested size: 226.91199pt x 226.90613pt.
 [59 <./Images//fig37-IMU-BNO055.png>]
<Images//fig38-M·∫°ch gi·∫£m √°p.jpg, id=1698, 1003.75pt x 1003.75pt>
File: Images//fig38-M·∫°ch gi·∫£m √°p.jpg Graphic file (type jpg)
<use Images//fig38-M·∫°ch gi·∫£m √°p.jpg>
Package pdftex.def Info: Images//fig38-M·∫°ch gi·∫£m √°p.jpg  used on input lin
e 440.
(pdftex.def)             Requested size: 247.54149pt x 247.53674pt.
 [60] [61 <./Images//fig38-M·∫°ch gi·∫£m √°p.jpg>]
Underfull \hbox (badness 10000) in paragraph at lines 480--480
[]|\T5/qtm/b/n/10 ^^^Îng cÏ Servo
 []


Underfull \hbox (badness 10000) in paragraph at lines 480--480
[]|\T5/qtm/b/n/10 ^^^Îng cÏ BLDC
 []


Underfull \hbox (badness 10000) in paragraph at lines 481--481
[]|\T5/qtm/b/n/10 Giao th˘c ^^_i∑u
 []


Underfull \hbox (badness 10000) in paragraph at lines 481--481
[]|\T5/qtm/m/n/10 Xung PWM (^^^Ïn
 []


Underfull \hbox (badness 10000) in paragraph at lines 481--481
[]|\T5/qtm/m/n/10 UART b°n song cÊng
 []


Underfull \hbox (badness 1540) in paragraph at lines 482--482
[]|\T5/qtm/m/n/10 Rßt ph˘c t§p (MÈi
 []


Underfull \hbox (badness 2368) in paragraph at lines 482--482
[]|\T5/qtm/m/n/10 TËi gi£n (NËi ti∏p
 []


Underfull \hbox (badness 1997) in paragraph at lines 484--484
[]|\T5/qtm/m/n/10 Cao (TËi ˜u trong t¶m
 []


Underfull \hbox (badness 4765) in paragraph at lines 487--487
\T5/qtm/m/n/10 ph£n hÁi v† thi∏u
 []


Underfull \hbox (badness 10000) in paragraph at lines 502--502
[]|\T5/qtm/b/n/10 JX PDI-
 []


Underfull \hbox (badness 10000) in paragraph at lines 502--502
[]|\T5/qtm/b/n/10 Hiwonder LX-
 []


Underfull \hbox (badness 10000) in paragraph at lines 502--502
[]|\T5/qtm/b/n/10 Waveshare ST3215
 []


Underfull \hbox (badness 10000) in paragraph at lines 502--502
[]|\T5/qtm/b/n/10 Dynamixel
 []


Underfull \hbox (badness 10000) in paragraph at lines 503--503
[]|\T5/qtm/m/n/10 Xung PWM
 []


Underfull \hbox (badness 10000) in paragraph at lines 503--503
[]|\T5/qtm/m/n/10 TTL UART (Half-
 []


Underfull \hbox (badness 10000) in paragraph at lines 503--503
[]|\T5/qtm/m/n/10 TTL UART
 []


Underfull \hbox (badness 3579) in paragraph at lines 504--504
[]|\T5/qtm/m/n/10 10.0V - 14.8V
 []


Underfull \hbox (badness 10000) in paragraph at lines 505--505
[]|\T5/qtm/m/n/10 32.3 kg.cm
 []


Underfull \hbox (badness 10000) in paragraph at lines 505--505
[]|$\OMS/cmsy/m/n/10 ^^X$\T5/qtm/m/n/10 15.3 kg.cm
 []


Underfull \hbox (badness 10000) in paragraph at lines 505--505
\T5/qtm/m/n/10 (1.5 N.m
 []


Underfull \hbox (badness 6526) in paragraph at lines 506--506
[]|\T5/qtm/m/n/10 Bi∏n tr (Po-ten-
 []


Underfull \hbox (badness 6526) in paragraph at lines 506--506
[]|\T5/qtm/m/n/10 Bi∏n tr (Po-ten-
 []


Underfull \hbox (badness 2326) in paragraph at lines 506--506
[]|\T5/qtm/m/n/10 T¯ tΩnh (Ab-so-
 []


Underfull \hbox (badness 10000) in paragraph at lines 507--507
[]|\T5/qtm/b/n/10 ^^^Î ph•n gi£i
 []


Underfull \hbox (badness 10000) in paragraph at lines 508--508
[]|\T5/qtm/m/n/10 50Hz - 330Hz
 []


Underfull \hbox (badness 10000) in paragraph at lines 508--508
[]|\T5/qtm/m/n/10 L∂n ^^_∏n 4.5
 []


Underfull \hbox (badness 10000) in paragraph at lines 509--509
[]|\T5/qtm/m/n/10 Cao cßp (PID
 []


Underfull \hbox (badness 2027) in paragraph at lines 509--509
\T5/qtm/m/n/10 v‡ trΩ, v™n tËc,
 []


Underfull \hbox (badness 10000) in paragraph at lines 510--510
[]|\T5/qtm/m/n/10 Trung bºnh
 []


Underfull \hbox (badness 10000) in paragraph at lines 510--510
[]|\T5/qtm/m/n/10 Thßp ($\OMS/cmsy/m/n/10 ^^X$\T5/qtm/m/n/10 300.000
 []


Underfull \hbox (badness 10000) in paragraph at lines 510--510
[]|\T5/qtm/m/n/10 Rßt cao
 []


Underfull \hbox (badness 10000) in paragraph at lines 510--510
\T5/qtm/m/n/10 ($\OMS/cmsy/m/n/10 ^^X$\T5/qtm/m/n/10 1.500.000
 []


Overfull \hbox (21.14091pt too wide) in paragraph at lines 500--512
 [][] 
 []

[62] [63]
<Images//fig44-sododiday-hethong.jpg, id=1720, 2346.7675pt x 1798.72pt>
File: Images//fig44-sododiday-hethong.jpg Graphic file (type jpg)
<use Images//fig44-sododiday-hethong.jpg>
Package pdftex.def Info: Images//fig44-sododiday-hethong.jpg  used on input lin
e 534.
(pdftex.def)             Requested size: 412.56497pt x 316.20792pt.
 [64] [65 <./Images//fig44-sododiday-hethong.jpg>]
<Images//fig39-Different Communication Protocols .png, id=1730, 294.09875pt x 1
92.72pt>
File: Images//fig39-Different Communication Protocols .png Graphic file (type p
ng)
<use Images//fig39-Different Communication Protocols .png>
Package pdftex.def Info: Images//fig39-Different Communication Protocols .png  
used on input line 570.
(pdftex.def)             Requested size: 247.54149pt x 162.21303pt.
 [66 <./Images//fig39-Different Communication Protocols .png>]
<Images//fig40-Introduction-to-I2C-Data-Transmission-Diagram-Data-Frame.png, id
=1736, 1248.665pt x 1144.275pt>
File: Images//fig40-Introduction-to-I2C-Data-Transmission-Diagram-Data-Frame.pn
g Graphic file (type png)
<use Images//fig40-Introduction-to-I2C-Data-Transmission-Diagram-Data-Frame.png
>
Package pdftex.def Info: Images//fig40-Introduction-to-I2C-Data-Transmission-Di
agram-Data-Frame.png  used on input line 580.
(pdftex.def)             Requested size: 247.54149pt x 226.84302pt.
<Images//fig41-Wired-UART.png, id=1737, 1927.2pt x 1084.05pt>
File: Images//fig41-Wired-UART.png Graphic file (type png)
<use Images//fig41-Wired-UART.png>
Package pdftex.def Info: Images//fig41-Wired-UART.png  used on input line 586.
(pdftex.def)             Requested size: 247.54149pt x 139.22769pt.
 [67 <./Images//fig40-Introduction-to-I2C-Data-Transmission-Diagram-Data-Frame.
png> <./Images//fig41-Wired-UART.png (PNG copy)>]) (./chapter/ch4_thietkemem.te
x [68]
Ch\uhorn \ohorn ng 4.

Overfull \hbox (9.44478pt too wide) in paragraph at lines 11--12
\T5/cmtt/m/n/10 kinematics.py \T5/qtm/m/n/10 (IK solver), \T5/cmtt/m/n/10 quint
icPlanning.py \T5/qtm/m/n/10 (nÎi suy ^^_a th˘c b™c 5) v† \T5/cmtt/m/n/10 seria
lPublish.py
 []


Overfull \hbox (42.37427pt too wide) in paragraph at lines 13--14
\T5/qtm/m/n/10 hiªu ^^_a giai ^^_o§n v† tΩnh to°n bÚ PID. Node n†y ho§t ^^_Îng 
^^_Îc l™p qua mod-ule \T5/cmtt/m/n/10 nodeBalanceController.py
 []

<Images//fig_ros2_architecture.pdf, id=1752, 619.00761pt x 495.23619pt>
File: Images//fig_ros2_architecture.pdf Graphic file (type pdf)
<use Images//fig_ros2_architecture.pdf>
Package pdftex.def Info: Images//fig_ros2_architecture.pdf  used on input line 
24.
(pdftex.def)             Requested size: 412.56497pt x 330.06848pt.
[69

]
Overfull \hbox (3.71214pt too wide) in paragraph at lines 52--52
[]|\T5/cmtt/m/n/10 balance_controller| 
 []


Underfull \hbox (badness 1314) in paragraph at lines 53--53
[]|\T5/qtm/m/n/10 Driver giao ti∏p vÓi bus servo ST3215 (th˜ viªn
 []

[70 <./Images//fig_ros2_architecture.pdf>]
Overfull \hbox (51.11427pt too wide) in paragraph at lines 66--67
[]\T5/qtm/b/n/10 Åp dˆng hiªu chønh IMU: \T5/qtm/m/n/10 Nh™n tΩn hiªu bÚ t¯ Bal
-ance Con-troller qua hai topic \T5/cmtt/m/n/10 /posture/home_correction
 []


Overfull \hbox (44.31221pt too wide) in paragraph at lines 74--75
\T5/qtm/m/n/10 ch•n (\T5/cmtt/m/n/10 _ik_to_servo_lf()\T5/qtm/m/n/10 , \T5/cmtt
/m/n/10 _ik_to_servo_rf()\T5/qtm/m/n/10 , v.v.), sau ^^_‚ xußt b£n l∂n hai topi
c \T5/cmtt/m/n/10 /servo_commands_a
 []


Underfull \hbox (badness 10000) in paragraph at lines 88--88
[]|\T5/qtm/b/n/10 Ki∫u d˙
 []

[71] [72]) (./chapter/ch5_ketqua.tex [73]
Ch\uhorn \ohorn ng 5.
[74

]
<Images//frame_001.jpg, id=1817, 1927.2pt x 1084.05pt>
File: Images//frame_001.jpg Graphic file (type jpg)
<use Images//frame_001.jpg>
Package pdftex.def Info: Images//frame_001.jpg  used on input line 75.
(pdftex.def)             Requested size: 78.38835pt x 44.08243pt.
<Images//frame_002.jpg, id=1818, 1927.2pt x 1084.05pt>
File: Images//frame_002.jpg Graphic file (type jpg)
<use Images//frame_002.jpg>
Package pdftex.def Info: Images//frame_002.jpg  used on input line 81.
(pdftex.def)             Requested size: 78.38835pt x 44.08243pt.
<Images//frame_003.jpg, id=1819, 1927.2pt x 1084.05pt>
File: Images//frame_003.jpg Graphic file (type jpg)
<use Images//frame_003.jpg>
Package pdftex.def Info: Images//frame_003.jpg  used on input line 87.
(pdftex.def)             Requested size: 78.38835pt x 44.08243pt.
<Images//frame_004.jpg, id=1820, 1927.2pt x 1084.05pt>
File: Images//frame_004.jpg Graphic file (type jpg)
<use Images//frame_004.jpg>
Package pdftex.def Info: Images//frame_004.jpg  used on input line 93.
(pdftex.def)             Requested size: 78.38835pt x 44.08243pt.
<Images//frame_005.jpg, id=1821, 1927.2pt x 1084.05pt>
File: Images//frame_005.jpg Graphic file (type jpg)
<use Images//frame_005.jpg>
Package pdftex.def Info: Images//frame_005.jpg  used on input line 99.
(pdftex.def)             Requested size: 78.38835pt x 44.08243pt.
<Images//frame_006.jpg, id=1822, 1927.2pt x 1084.05pt>
File: Images//frame_006.jpg Graphic file (type jpg)
<use Images//frame_006.jpg>
Package pdftex.def Info: Images//frame_006.jpg  used on input line 108.
(pdftex.def)             Requested size: 78.38835pt x 44.08243pt.
<Images//frame_007.jpg, id=1823, 1927.2pt x 1084.05pt>
File: Images//frame_007.jpg Graphic file (type jpg)
<use Images//frame_007.jpg>
Package pdftex.def Info: Images//frame_007.jpg  used on input line 114.
(pdftex.def)             Requested size: 78.38835pt x 44.08243pt.
<Images//frame_008.jpg, id=1824, 1927.2pt x 1084.05pt>
File: Images//frame_008.jpg Graphic file (type jpg)
<use Images//frame_008.jpg>
Package pdftex.def Info: Images//frame_008.jpg  used on input line 120.
(pdftex.def)             Requested size: 78.38835pt x 44.08243pt.
<Images//frame_009.jpg, id=1825, 1927.2pt x 1084.05pt>
File: Images//frame_009.jpg Graphic file (type jpg)
<use Images//frame_009.jpg>
Package pdftex.def Info: Images//frame_009.jpg  used on input line 126.
(pdftex.def)             Requested size: 78.38835pt x 44.08243pt.
<Images//frame_010.jpg, id=1826, 1927.2pt x 1084.05pt>
File: Images//frame_010.jpg Graphic file (type jpg)
<use Images//frame_010.jpg>
Package pdftex.def Info: Images//frame_010.jpg  used on input line 132.
(pdftex.def)             Requested size: 78.38835pt x 44.08243pt.
 [75]
File: Images//frame_001.jpg Graphic file (type jpg)
<use Images//frame_001.jpg>
Package pdftex.def Info: Images//frame_001.jpg  used on input line 146.
(pdftex.def)             Requested size: 78.38835pt x 44.08243pt.
File: Images//frame_002.jpg Graphic file (type jpg)
<use Images//frame_002.jpg>
Package pdftex.def Info: Images//frame_002.jpg  used on input line 152.
(pdftex.def)             Requested size: 78.38835pt x 44.08243pt.
File: Images//frame_003.jpg Graphic file (type jpg)
<use Images//frame_003.jpg>
Package pdftex.def Info: Images//frame_003.jpg  used on input line 158.
(pdftex.def)             Requested size: 78.38835pt x 44.08243pt.
File: Images//frame_004.jpg Graphic file (type jpg)
<use Images//frame_004.jpg>
Package pdftex.def Info: Images//frame_004.jpg  used on input line 164.
(pdftex.def)             Requested size: 78.38835pt x 44.08243pt.
File: Images//frame_005.jpg Graphic file (type jpg)
<use Images//frame_005.jpg>
Package pdftex.def Info: Images//frame_005.jpg  used on input line 170.
(pdftex.def)             Requested size: 78.38835pt x 44.08243pt.
File: Images//frame_006.jpg Graphic file (type jpg)
<use Images//frame_006.jpg>
Package pdftex.def Info: Images//frame_006.jpg  used on input line 179.
(pdftex.def)             Requested size: 78.38835pt x 44.08243pt.
File: Images//frame_007.jpg Graphic file (type jpg)
<use Images//frame_007.jpg>
Package pdftex.def Info: Images//frame_007.jpg  used on input line 185.
(pdftex.def)             Requested size: 78.38835pt x 44.08243pt.
File: Images//frame_008.jpg Graphic file (type jpg)
<use Images//frame_008.jpg>
Package pdftex.def Info: Images//frame_008.jpg  used on input line 191.
(pdftex.def)             Requested size: 78.38835pt x 44.08243pt.
File: Images//frame_009.jpg Graphic file (type jpg)
<use Images//frame_009.jpg>
Package pdftex.def Info: Images//frame_009.jpg  used on input line 197.
(pdftex.def)             Requested size: 78.38835pt x 44.08243pt.
File: Images//frame_010.jpg Graphic file (type jpg)
<use Images//frame_010.jpg>
Package pdftex.def Info: Images//frame_010.jpg  used on input line 203.
(pdftex.def)             Requested size: 78.38835pt x 44.08243pt.
<Images//fig1_foot_trajectory_2d.png, id=1832, 856.6404pt x 316.3017pt>
File: Images//fig1_foot_trajectory_2d.png Graphic file (type png)
<use Images//fig1_foot_trajectory_2d.png>
Package pdftex.def Info: Images//fig1_foot_trajectory_2d.png  used on input lin
e 216.
(pdftex.def)             Requested size: 247.54149pt x 91.40176pt.
 [76 <./Images//frame_001.jpg> <./Images//frame_002.jpg> <./Images//frame_003.j
pg> <./Images//frame_004.jpg> <./Images//frame_005.jpg> <./Images//frame_006.jp
g> <./Images//frame_007.jpg> <./Images//frame_008.jpg> <./Images//frame_009.jpg
> <./Images//frame_010.jpg> <./Images//fig1_foot_trajectory_2d.png>]
<Images//fig2_foot_trajectory_3d.png, id=1840, 552.3837pt x 496.4949pt>
File: Images//fig2_foot_trajectory_3d.png Graphic file (type png)
<use Images//fig2_foot_trajectory_3d.png>
Package pdftex.def Info: Images//fig2_foot_trajectory_3d.png  used on input lin
e 229.
(pdftex.def)             Requested size: 247.54149pt x 222.49637pt.
<Images//fig3_velocity_acceleration.png, id=1842, 927.2241pt x 569.7285pt>
File: Images//fig3_velocity_acceleration.png Graphic file (type png)
<use Images//fig3_velocity_acceleration.png>
Package pdftex.def Info: Images//fig3_velocity_acceleration.png  used on input 
line 238.
(pdftex.def)             Requested size: 247.54149pt x 152.09877pt.

[77 <./Images//fig2_foot_trajectory_3d.png>]
<Images//fig26- Fifth degree profiling curve.png, id=1849, 918.43124pt x 512.91
624pt>
File: Images//fig26- Fifth degree profiling curve.png Graphic file (type png)
<use Images//fig26- Fifth degree profiling curve.png>
Package pdftex.def Info: Images//fig26- Fifth degree profiling curve.png  used 
on input line 252.
(pdftex.def)             Requested size: 350.68274pt x 195.84937pt.
 [78 <./Images//fig3_velocity_acceleration.png> <./Images//fig26- Fifth degree 
profiling curve.png>]
<Images//fig4_joint_angles.png, id=1856, 857.1222pt x 642.2394pt>
File: Images//fig4_joint_angles.png Graphic file (type png)
<use Images//fig4_joint_angles.png>
Package pdftex.def Info: Images//fig4_joint_angles.png  used on input line 264.

(pdftex.def)             Requested size: 247.54149pt x 185.48027pt.
<Images//fig5_pd_torque.png, id=1858, 858.3267pt x 641.9985pt>
File: Images//fig5_pd_torque.png Graphic file (type png)
<use Images//fig5_pd_torque.png>
Package pdftex.def Info: Images//fig5_pd_torque.png  used on input line 279.
(pdftex.def)             Requested size: 247.54149pt x 185.14621pt.
 [79 <./Images//fig4_joint_angles.png>]
<Images//fig6_gait_timing.png, id=1865, 857.8449pt x 280.8894pt>
File: Images//fig6_gait_timing.png Graphic file (type png)
<use Images//fig6_gait_timing.png>
Package pdftex.def Info: Images//fig6_gait_timing.png  used on input line 303.
(pdftex.def)             Requested size: 247.54149pt x 81.05295pt.
 [80 <./Images//fig5_pd_torque.png>]
<Images//fig7_support_polygon.png, id=1873, 1147.6476pt x 275.3487pt>
File: Images//fig7_support_polygon.png Graphic file (type png)
<use Images//fig7_support_polygon.png>
Package pdftex.def Info: Images//fig7_support_polygon.png  used on input line 3
14.
(pdftex.def)             Requested size: 247.54149pt x 59.38788pt.
<Images//fig8_workspace.png, id=1875, 1075.1367pt x 352.6776pt>
File: Images//fig8_workspace.png Graphic file (type png)
<use Images//fig8_workspace.png>
Package pdftex.def Info: Images//fig8_workspace.png  used on input line 329.
(pdftex.def)             Requested size: 247.54149pt x 81.20024pt.
 [81 <./Images//fig6_gait_timing.png> <./Images//fig7_support_polygon.png>]
Overfull \hbox (3.15424pt too wide) in paragraph at lines 335--336
[]\T5/qtm/m/n/10 Ph˜Ïng ph°p tΩnh to°n bao gÁm: qu≤t to†n bÎ mi∑n g‚c khÓp $\OM
L/cmm/m/it/10 ^^R[] \OMS/cmsy/m/n/10 2 \OT1/cmr/m/n/10 [\OMS/cmsy/m/n/10 ^^@\OT
1/cmr/m/n/10 30[]\OML/cmm/m/it/10 ; \OT1/cmr/m/n/10 30[]]$\T5/qtm/m/n/10 , $\OM
L/cmm/m/it/10 ^^R[] \OMS/cmsy/m/n/10 2 \OT1/cmr/m/n/10 [\OMS/cmsy/m/n/10 ^^@\OT
1/cmr/m/n/10 90[]\OML/cmm/m/it/10 ; \OT1/cmr/m/n/10 90[]]$\T5/qtm/m/n/10 ,
 []

[82 <./Images//fig8_workspace.png>] [83]
<Images//fig_offline_traj_pos.png, id=1897, 681.2652pt x 408.0846pt>
File: Images//fig_offline_traj_pos.png Graphic file (type png)
<use Images//fig_offline_traj_pos.png>
Package pdftex.def Info: Images//fig_offline_traj_pos.png  used on input line 4
32.
(pdftex.def)             Requested size: 330.05322pt x 197.70284pt.
 [84]
<Images//fig_offline_traj_vel_acc.png, id=1903, 675.0018pt x 415.7934pt>
File: Images//fig_offline_traj_vel_acc.png Graphic file (type png)
<use Images//fig_offline_traj_vel_acc.png>
Package pdftex.def Info: Images//fig_offline_traj_vel_acc.png  used on input li
ne 441.
(pdftex.def)             Requested size: 330.05322pt x 203.30276pt.
<Images//fig_offline_traj_angle.png, id=1905, 658.3797pt x 408.0846pt>
File: Images//fig_offline_traj_angle.png Graphic file (type png)
<use Images//fig_offline_traj_angle.png>
Package pdftex.def Info: Images//fig_offline_traj_angle.png  used on input line
 450.
(pdftex.def)             Requested size: 330.05322pt x 204.5773pt.
 [85 <./Images//fig_offline_traj_pos.png> <./Images//fig_offline_traj_vel_acc.p
ng>]
<Images//fig_gait_3d.png, id=1913, 267.399pt x 291.2481pt>
File: Images//fig_gait_3d.png Graphic file (type png)
<use Images//fig_gait_3d.png>
Package pdftex.def Info: Images//fig_gait_3d.png  used on input line 461.
(pdftex.def)             Requested size: 247.54149pt x 269.6269pt.
 [86 <./Images//fig_offline_traj_angle.png> <./Images//fig_gait_3d.png>]
<Images//fig_pid_error_home.png, id=1922, 700.2963pt x 408.0846pt>
File: Images//fig_pid_error_home.png Graphic file (type png)
<use Images//fig_pid_error_home.png>
Package pdftex.def Info: Images//fig_pid_error_home.png  used on input line 472
.
(pdftex.def)             Requested size: 350.68274pt x 204.35313pt.
<Images//fig_pid_error_gait.png, id=1924, 700.2963pt x 408.0846pt>
File: Images//fig_pid_error_gait.png Graphic file (type png)
<use Images//fig_pid_error_gait.png>
Package pdftex.def Info: Images//fig_pid_error_gait.png  used on input line 483
.
(pdftex.def)             Requested size: 350.68274pt x 204.35313pt.
 [87 <./Images//fig_pid_error_home.png>] [88 <./Images//fig_pid_error_gait.png>
]
Overfull \hbox (30.00299pt too wide) in paragraph at lines 530--531
[]\T5/qtm/m/n/10 Hª thËng ph¶n c˘ng th¸c ^^_˜Òc khi ^^_Îng thÊng qua launch fi
le ROS 2 chuy∂n dˆng (\T5/cmtt/m/n/10 launch_real.py\T5/qtm/m/n/10 ),
 []


Overfull \hbox (48.43729pt too wide) in paragraph at lines 538--539
[]\T5/qtm/m/n/10 MÈi se-rial driver nh™n lªnh g‚c servo (^^_Ïn v‡ ^^_Î) t¯ topi
c \T5/cmtt/m/n/10 /servo_commands_a \T5/qtm/m/n/10 ho∞c \T5/cmtt/m/n/10 /servo_
commands_b\T5/qtm/m/n/10 ,
 []

[89] [90] [91] [92] [93]) (./chapter/ch6_ketluan.tex [94]
Ch\uhorn \ohorn ng 6.
[95

] [96]) [97]
Underfull \hbox (badness 1616) in paragraph at lines 348--351
[]\T5/qtm/m/n/10 NVIDIA Cor-po-ra-tion, ``Jet-son Nano De-vel-oper Kit -- Tech-
ni-cal Spec-i-fi-ca-tions,'' []$\T5/cmtt/m/n/10 https : / /
 []

[98

] [99]
\openout2 = `chapter/appendix.aux'.

 (./chapter/appendix.tex
Overfull \hbox (23.07864pt too wide) in paragraph at lines 46--46
[]\T5/cmtt/m/n/10 def quintic_planning(pos_start, pos_end, T_swing=10, T_stance
=300, lift_height=40):[] 
 []


Overfull \hbox (65.06839pt too wide) in paragraph at lines 46--46
[]        \T5/cmtt/m/n/10 x = pos_start[0] + (pos_end[0] - pos_start[0]) * (10*
tau**3 - 15*tau**4 + 6*tau**5)[] 
 []


Overfull \hbox (65.06839pt too wide) in paragraph at lines 46--46
[]        \T5/cmtt/m/n/10 y = pos_start[1] + (pos_end[1] - pos_start[1]) * (10*
tau**3 - 15*tau**4 + 6*tau**5)[] 
 []


Overfull \hbox (33.57608pt too wide) in paragraph at lines 46--46
[]            \T5/cmtt/m/n/10 z = pos_start[2] + lift_height * (10*tau_z**3 - 1
5*tau_z**4 + 6*tau_z**5)[] 
 []


Overfull \hbox (65.06839pt too wide) in paragraph at lines 46--46
[]            \T5/cmtt/m/n/10 z = pos_start[2] + lift_height * (1 - (10*tau_z**
3 - 15*tau_z**4 + 6*tau_z**5))[] 
 []

[100


] [101]) [102] (./thesis.aux (./chapter/appendix.aux))

LaTeX Warning: Label(s) may have changed. Rerun to get cross-references right.

Package rerunfilecheck Info: File `thesis.out' has not changed.
(rerunfilecheck)             Checksum: 7FBDEF9838A4D7B1087EFC3D905E135B;31338.
 ) 
Here is how much of TeX's memory you used:
 27271 strings out of 478287
 509326 string characters out of 5849290
 770634 words of memory out of 5000000
 44384 multiletter control sequences out of 15000+600000
 504540 words of font info for 65 fonts, out of 8000000 for 9000
 1141 hyphenation exceptions out of 8191
 99i,17n,103p,1182b,542s stack positions out of 5000i,500n,10000p,200000b,80000s
{/usr/share/texmf/fonts/enc/dvips/tex-gyre/q-t5.enc}{/usr/share/texmf/fonts/e
nc/dvips/tex-gyre/q-ts1.enc}</usr/share/texlive/texmf-dist/fonts/type1/public/a
msfonts/cm/cmbx10.pfb></usr/share/texlive/texmf-dist/fonts/type1/public/amsfont
s/cm/cmbx12.pfb></usr/share/texlive/texmf-dist/fonts/type1/public/amsfonts/cm/c
mex10.pfb></usr/share/texlive/texmf-dist/fonts/type1/public/amsfonts/cm/cmmi10.
pfb></usr/share/texlive/texmf-dist/fonts/type1/public/amsfonts/cm/cmmi12.pfb></
usr/share/texlive/texmf-dist/fonts/type1/public/amsfonts/cm/cmmi5.pfb></usr/sha
re/texlive/texmf-dist/fonts/type1/public/amsfonts/cm/cmmi7.pfb></usr/share/texl
ive/texmf-dist/fonts/type1/public/amsfonts/cm/cmr10.pfb></usr/share/texlive/tex
mf-dist/fonts/type1/public/amsfonts/cm/cmr12.pfb></usr/share/texlive/texmf-dist
/fonts/type1/public/amsfonts/cm/cmr17.pfb></usr/share/texlive/texmf-dist/fonts/
type1/public/amsfonts/cm/cmr7.pfb></usr/share/texlive/texmf-dist/fonts/type1/pu
blic/amsfonts/cm/cmsy10.pfb></usr/share/texlive/texmf-dist/fonts/type1/public/a
msfonts/cm/cmsy7.pfb></usr/share/texlive/texmf-dist/fonts/type1/public/amsfonts
/cm/cmti12.pfb></usr/share/texmf/fonts/type1/public/lm/lmss8.pfb></usr/share/te
xmf/fonts/type1/public/lm/lmss9.pfb></usr/share/texmf/fonts/type1/public/lm/lms
sbx10.pfb></usr/share/texmf/fonts/type1/public/lm/lmsy8.pfb></usr/share/texmf/f
onts/type1/public/tex-gyre/qtmb.pfb></usr/share/texmf/fonts/type1/public/tex-gy
re/qtmbi.pfb></usr/share/texmf/fonts/type1/public/tex-gyre/qtmr.pfb></usr/share
/texmf/fonts/type1/public/tex-gyre/qtmri.pfb></usr/share/texlive/texmf-dist/fon
ts/type1/vntex/vnr/vntt10.pfb>
Output written on thesis.pdf (117 pages, 23043129 bytes).
PDF statistics:
 2209 PDF objects out of 2487 (max. 8388607)
 1779 compressed objects within 18 object streams
 507 named destinations out of 1000 (max. 500000)
 1474 words of extra memory for PDF output out of 10000 (max. 10000000)

